;  LST file generated by mikroListExporter - v.2.0 
; Date/Time: 2/9/2026 17:39:39
;----------------------------------------------

;Address Opcode 	ASM
0x0000	0x000000040AF2  	GOTO	_main
0x0004	0x000000  	0
0x0006	0x000000  	0
0x0008	0x000000  	0
0x000A	0x000000  	0
0x000C	0x000000  	0
0x000E	0x000000  	0
0x0010	0x000000  	0
0x0012	0x000000  	0
0x0014	0x000000  	0
0x0016	0x000000  	0
0x0018	0x000000  	0
0x001A	0x000000  	0
0x001C	0x000000  	0
0x001E	0x000000  	0
0x0020	0x000000  	0
0x0022	0x000000  	0
0x0024	0x000000  	0
0x0026	0x000000  	0
0x0028	0x000000  	0
0x002A	0x000000  	0
0x002C	0x000000  	0
0x002E	0x000000  	0
0x0030	0x000000  	0
0x0032	0x000000  	0
0x0034	0x000000  	0
0x0036	0x000000  	0
0x0038	0x000000  	0
0x003A	0x000000  	0
0x003C	0x000000  	0
0x003E	0x000000  	0
0x0040	0x000000  	0
0x0042	0x000000  	0
0x0044	0x000000  	0
0x0046	0x000000  	0
0x0048	0x000000  	0
0x004A	0x000000  	0
0x004C	0x000000  	0
0x004E	0x000000  	0
0x0050	0x000000  	0
0x0052	0x000000  	0
0x0054	0x000000  	0
0x0056	0x000000  	0
0x0058	0x000000  	0
0x005A	0x000000  	0
0x005C	0x000000  	0
0x005E	0x000000  	0
0x0060	0x000000  	0
0x0062	0x000000  	0
0x0064	0x000000  	0
0x0066	0x000000  	0
0x0068	0x000000  	0
0x006A	0x000000  	0
0x006C	0x000000  	0
0x006E	0x000000  	0
0x0070	0x000000  	0
0x0072	0x000000  	0
0x0074	0x000000  	0
0x0076	0x000000  	0
0x0078	0x000000  	0
0x007A	0x000000  	0
0x007C	0x000000  	0
0x007E	0x000000  	0
0x0080	0x000000  	0
0x0082	0x000000  	0
0x0084	0x000000  	0
0x0086	0x000000  	0
0x0088	0x000000  	0
0x008A	0x000000  	0
0x008C	0x000000  	0
0x008E	0x000000  	0
0x0090	0x000000  	0
0x0092	0x000000  	0
0x0094	0x000000  	0
0x0096	0x000000  	0
0x0098	0x000000  	0
0x009A	0x000000  	0
0x009C	0x000000  	0
0x009E	0x000000  	0
0x00A0	0x000000  	0
0x00A2	0x000000  	0
0x00A4	0x000000  	0
0x00A6	0x000000  	0
0x00A8	0x000000  	0
0x00AA	0x000000  	0
0x00AC	0x000000  	0
0x00AE	0x000000  	0
0x00B0	0x000000  	0
0x00B2	0x000000  	0
0x00B4	0x000000  	0
0x00B6	0x000000  	0
0x00B8	0x000000  	0
0x00BA	0x000000  	0
0x00BC	0x000000  	0
0x00BE	0x000000  	0
0x00C0	0x000000  	0
0x00C2	0x000000  	0
0x00C4	0x000000  	0
0x00C6	0x000000  	0
0x00C8	0x000000  	0
0x00CA	0x000000  	0
0x00CC	0x000000  	0
0x00CE	0x000000  	0
0x00D0	0x000000  	0
0x00D2	0x000000  	0
0x00D4	0x000000  	0
0x00D6	0x000000  	0
0x00D8	0x000000  	0
0x00DA	0x000000  	0
0x00DC	0x000000  	0
0x00DE	0x000000  	0
0x00E0	0x000000  	0
0x00E2	0x000000  	0
0x00E4	0x000000  	0
0x00E6	0x000000  	0
0x00E8	0x000000  	0
0x00EA	0x000000  	0
0x00EC	0x000000  	0
0x00EE	0x000000  	0
0x00F0	0x000000  	0
0x00F2	0x000000  	0
0x00F4	0x000000  	0
0x00F6	0x000000  	0
0x00F8	0x000000  	0
0x00FA	0x000000  	0
0x00FC	0x000000  	0
0x00FE	0x000000  	0
0x0100	0x000000  	0
0x0102	0x000000  	0
0x0104	0x000000  	0
0x0106	0x000000  	0
0x0108	0x000000  	0
0x010A	0x000000  	0
0x010C	0x000000  	0
0x010E	0x000000  	0
0x0110	0x000000  	0
0x0112	0x000000  	0
0x0114	0x000000  	0
0x0116	0x000000  	0
0x0118	0x000000  	0
0x011A	0x000000  	0
0x011C	0x000000  	0
0x011E	0x000000  	0
0x0120	0x000000  	0
0x0122	0x000000  	0
0x0124	0x000000  	0
0x0126	0x000000  	0
0x0128	0x000000  	0
0x012A	0x000000  	0
0x012C	0x000000  	0
0x012E	0x000000  	0
0x0130	0x000000  	0
0x0132	0x000000  	0
0x0134	0x000000  	0
0x0136	0x000000  	0
0x0138	0x000000  	0
0x013A	0x000000  	0
0x013C	0x000000  	0
0x013E	0x000000  	0
0x0140	0x000000  	0
0x0142	0x000000  	0
0x0144	0x000000  	0
0x0146	0x000000  	0
0x0148	0x000000  	0
0x014A	0x000000  	0
0x014C	0x000000  	0
0x014E	0x000000  	0
0x0150	0x000000  	0
0x0152	0x000000  	0
0x0154	0x000000  	0
0x0156	0x000000  	0
0x0158	0x000000  	0
0x015A	0x000000  	0
0x015C	0x000000  	0
0x015E	0x000000  	0
0x0160	0x000000  	0
0x0162	0x000000  	0
0x0164	0x000000  	0
0x0166	0x000000  	0
0x0168	0x000000  	0
0x016A	0x000000  	0
0x016C	0x000000  	0
0x016E	0x000000  	0
0x0170	0x000000  	0
0x0172	0x000000  	0
0x0174	0x000000  	0
0x0176	0x000000  	0
0x0178	0x000000  	0
0x017A	0x000000  	0
0x017C	0x000000  	0
0x017E	0x000000  	0
0x0180	0x000000  	0
0x0182	0x000000  	0
0x0184	0x000000  	0
0x0186	0x000000  	0
0x0188	0x000000  	0
0x018A	0x000000  	0
0x018C	0x000000  	0
0x018E	0x000000  	0
0x0190	0x000000  	0
0x0192	0x000000  	0
0x0194	0x000000  	0
0x0196	0x000000  	0
0x0198	0x000000  	0
0x019A	0x000000  	0
0x019C	0x000000  	0
0x019E	0x000000  	0
0x01A0	0x000000  	0
0x01A2	0x000000  	0
0x01A4	0x000000  	0
0x01A6	0x000000  	0
0x01A8	0x000000  	0
0x01AA	0x000000  	0
0x01AC	0x000000  	0
0x01AE	0x000000  	0
0x01B0	0x000000  	0
0x01B2	0x000000  	0
0x01B4	0x000000  	0
0x01B6	0x000000  	0
0x01B8	0x000000  	0
0x01BA	0x000000  	0
0x01BC	0x000000  	0
0x01BE	0x000000  	0
0x01C0	0x000000  	0
0x01C2	0x000000  	0
0x01C4	0x000000  	0
0x01C6	0x000000  	0
0x01C8	0x000000  	0
0x01CA	0x000000  	0
0x01CC	0x000000  	0
0x01CE	0x000000  	0
0x01D0	0x000000  	0
0x01D2	0x000000  	0
0x01D4	0x000000  	0
0x01D6	0x000000  	0
0x01D8	0x000000  	0
0x01DA	0x000000  	0
0x01DC	0x000000  	0
0x01DE	0x000000  	0
0x01E0	0x000000  	0
0x01E2	0x000000  	0
0x01E4	0x000000  	0
0x01E6	0x000000  	0
0x01E8	0x000000  	0
0x01EA	0x000000  	0
0x01EC	0x000000  	0
0x01EE	0x000000  	0
0x01F0	0x000000  	0
0x01F2	0x000000  	0
0x01F4	0x000000  	0
0x01F6	0x000000  	0
0x01F8	0x000000  	0
0x01FA	0x000000  	0
0x01FC	0x000000  	0
0x01FE	0x000000  	0
_main:
0x0AF2	0x2103AF  	MOV	#4154, W15
0x0AF4	0x27FFF0  	MOV	#32767, W0
0x0AF6	0xB7A020  	MOV	WREG, SPLIM
0x0AF8	0x202010  	MOV	#513, W0
0x0AFA	0xB7A032  	MOV	WREG, DSRPAG
0x0AFC	0x200040  	MOV	#4, W0
0x0AFE	0xB72044  	IOR	CORCON
0x0B00	0x000000020BF8  	CALL	3064
;Main_SD.c,67 :: 		void main() {
;Main_SD.c,68 :: 		ConfiguracionPrincipal();
0x0B04	0x781F8A  	PUSH	W10
0x0B06	0x07FF30  	RCALL	_ConfiguracionPrincipal
;Main_SD.c,69 :: 		TEST = 0;
0x0B08	0xA94E04  	BCLR	LATA2_bit, BitPos(LATA2_bit+0)
;Main_SD.c,70 :: 		TEST = 1;
0x0B0A	0xA84E04  	BSET	LATA2_bit, BitPos(LATA2_bit+0)
;Main_SD.c,71 :: 		Delay_ms(1000);
0x0B0C	0x2007B8  	MOV	#123, W8
0x0B0E	0x212497  	MOV	#4681, W7
L_main0:
0x0B10	0xED200E  	DEC	W7
0x0B12	0x3AFFFE  	BRA NZ	L_main0
0x0B14	0xED2010  	DEC	W8
0x0B16	0x3AFFFC  	BRA NZ	L_main0
;Main_SD.c,72 :: 		TEST = 0;
0x0B18	0xA94E04  	BCLR	LATA2_bit, BitPos(LATA2_bit+0)
;Main_SD.c,74 :: 		i = 0;
0x0B1A	0xEF2000  	CLR	W0
0x0B1C	0x8880C0  	MOV	W0, _i
;Main_SD.c,75 :: 		j = 0;
0x0B1E	0xEF2000  	CLR	W0
0x0B20	0x8880A0  	MOV	W0, _j
;Main_SD.c,76 :: 		x = 0;
0x0B22	0xEF2000  	CLR	W0
0x0B24	0x888090  	MOV	W0, _x
;Main_SD.c,77 :: 		y = 0;
0x0B26	0xEF2000  	CLR	W0
0x0B28	0x888160  	MOV	W0, _y
;Main_SD.c,80 :: 		inicioSistema = 0;
0x0B2A	0x210271  	MOV	#lo_addr(_inicioSistema), W1
0x0B2C	0xEF2000  	CLR	W0
0x0B2E	0x784880  	MOV.B	W0, [W1]
;Main_SD.c,83 :: 		horaSistema = 0;
0x0B30	0xEF2000  	CLR	W0
0x0B32	0xEF2002  	CLR	W1
0x0B34	0x888140  	MOV	W0, _horaSistema
0x0B36	0x888151  	MOV	W1, _horaSistema+2
;Main_SD.c,84 :: 		fechaSistema = 0;
0x0B38	0xEF2000  	CLR	W0
0x0B3A	0xEF2002  	CLR	W1
0x0B3C	0x8881B0  	MOV	W0, _fechaSistema
0x0B3E	0x8881C1  	MOV	W1, _fechaSistema+2
;Main_SD.c,87 :: 		PSEC = 0;
0x0B40	0xEF2000  	CLR	W0
0x0B42	0xEF2002  	CLR	W1
0x0B44	0x888190  	MOV	W0, _PSEC
0x0B46	0x8881A1  	MOV	W1, _PSEC+2
;Main_SD.c,88 :: 		sectorSD = 0;
0x0B48	0xEF2000  	CLR	W0
0x0B4A	0xEF2002  	CLR	W1
0x0B4C	0x888170  	MOV	W0, _sectorSD
0x0B4E	0x888181  	MOV	W1, _sectorSD+2
;Main_SD.c,89 :: 		sectorLec = 0;
0x0B50	0xEF2000  	CLR	W0
0x0B52	0xEF2002  	CLR	W1
0x0B54	0x8880D0  	MOV	W0, _sectorLec
0x0B56	0x8880E1  	MOV	W1, _sectorLec+2
;Main_SD.c,90 :: 		checkEscSD = 0;
0x0B58	0x210171  	MOV	#lo_addr(_checkEscSD), W1
0x0B5A	0xEF2000  	CLR	W0
0x0B5C	0x784880  	MOV.B	W0, [W1]
;Main_SD.c,91 :: 		checkLecSD = 0;
0x0B5E	0x210161  	MOV	#lo_addr(_checkLecSD), W1
0x0B60	0xEF2000  	CLR	W0
0x0B62	0x784880  	MOV.B	W0, [W1]
;Main_SD.c,92 :: 		MSRS485 = 0;                                                               //Establece el Max485 en modo lectura
0x0B64	0xA98E15  	BCLR	LATB12_bit, BitPos(LATB12_bit+0)
;Main_SD.c,93 :: 		banInsSec = 0;
0x0B66	0x210261  	MOV	#lo_addr(_banInsSec), W1
0x0B68	0xEF2000  	CLR	W0
0x0B6A	0x784880  	MOV.B	W0, [W1]
;Main_SD.c,96 :: 		switch (SIZESD){
0x0B6C	0x370009  	BRA	L_main2
;Main_SD.c,110 :: 		case 16:
L_main7:
;Main_SD.c,111 :: 		PSF = 2048;
0x0B6E	0x208000  	MOV	#2048, W0
0x0B70	0x200001  	MOV	#0, W1
0x0B72	0x888110  	MOV	W0, _PSF
0x0B74	0x888121  	MOV	W1, _PSF+2
;Main_SD.c,112 :: 		USF = 31115263;
0x0B76	0x2C7FF0  	MOV	#51199, W0
0x0B78	0x201DA1  	MOV	#474, W1
0x0B7A	0x8880F0  	MOV	W0, _USF
0x0B7C	0x888101  	MOV	W1, _USF+2
;Main_SD.c,113 :: 		break;
0x0B7E	0x370001  	BRA	L_main3
;Main_SD.c,114 :: 		}
L_main2:
0x0B80	0x37FFF6  	BRA	L_main7
L_main3:
;Main_SD.c,115 :: 		infoPrimerSector = PSF+DELTASECTOR-2;                                      //Calcula el sector donde se alamcena la informacion del primer sector escrito
0x0B82	0x808112  	MOV	_PSF, W2
0x0B84	0x808123  	MOV	_PSF+2, W3
0x0B86	0x27EA00  	MOV	#32416, W0
0x0B88	0x200011  	MOV	#1, W1
0x0B8A	0x410100  	ADD	W2, W0, W2
0x0B8C	0x498181  	ADDC	W3, W1, W3
0x0B8E	0x2100E0  	MOV	#lo_addr(_infoPrimerSector), W0
0x0B90	0x511862  	SUB	W2, #2, [W0++]
0x0B92	0x599060  	SUBB	W3, #0, [W0--]
;Main_SD.c,116 :: 		infoUltimoSector = PSF+DELTASECTOR-1;                                      //Calcula el sector donde se alamcena la informacion del ultimo sector escrito
0x0B94	0x210060  	MOV	#lo_addr(_infoUltimoSector), W0
0x0B96	0x511861  	SUB	W2, #1, [W0++]
0x0B98	0x599060  	SUBB	W3, #0, [W0--]
;Main_SD.c,117 :: 		PSE = PSF+DELTASECTOR;
0x0B9A	0x888012  	MOV	W2, _PSE
0x0B9C	0x888023  	MOV	W3, _PSE+2
;Main_SD.c,120 :: 		horaSistema = 86100;        //23:55:00
0x0B9E	0x250540  	MOV	#20564, W0
0x0BA0	0x200011  	MOV	#1, W1
0x0BA2	0x888140  	MOV	W0, _horaSistema
0x0BA4	0x888151  	MOV	W1, _horaSistema+2
;Main_SD.c,121 :: 		fechaSistema = 200228;      //aa/mm/dd
0x0BA6	0x20E240  	MOV	#3620, W0
0x0BA8	0x200031  	MOV	#3, W1
0x0BAA	0x8881B0  	MOV	W0, _fechaSistema
0x0BAC	0x8881C1  	MOV	W1, _fechaSistema+2
;Main_SD.c,138 :: 		sdflags.detected = true;
0x0BAE	0x210000  	MOV	#lo_addr(_sdflags), W0
0x0BB0	0xA01410  	BSET.B	[W0], #1
;Main_SD.c,142 :: 		if (sdflags.detected && !sdflags.init_ok) {
0x0BB2	0x210000  	MOV	#lo_addr(_sdflags), W0
0x0BB4	0x784010  	MOV.B	[W0], W0
0x0BB6	0xAE2000  	BTSS.B	W0, #1
0x0BB8	0x37001C  	BRA	L__main101
0x0BBA	0x210000  	MOV	#lo_addr(_sdflags), W0
0x0BBC	0x784010  	MOV.B	[W0], W0
0x0BBE	0xAF0000  	BTSC.B	W0, #0
0x0BC0	0x370018  	BRA	L__main100
L__main99:
;Main_SD.c,143 :: 		checkEscSD = SD_Init_Try(10);
0x0BC2	0xB3C0AA  	MOV.B	#10, W10
0x0BC4	0x07FF1C  	RCALL	_SD_Init_Try
0x0BC6	0x210171  	MOV	#lo_addr(_checkEscSD), W1
0x0BC8	0x784880  	MOV.B	W0, [W1]
;Main_SD.c,144 :: 		if (checkEscSD == SUCCESSFUL_INIT) {
0x0BCA	0xB3CAA1  	MOV.B	#170, W1
0x0BCC	0xE10401  	CP.B	W0, W1
0x0BCE	0x3A0007  	BRA NZ	L_main11
L__main103:
;Main_SD.c,145 :: 		sdflags.init_ok = true;
0x0BD0	0x210000  	MOV	#lo_addr(_sdflags), W0
0x0BD2	0xA00410  	BSET.B	[W0], #0
;Main_SD.c,146 :: 		inicioSistema = 1;                                                //Activa la bandera para permitir el inicio del sistema
0x0BD4	0x210271  	MOV	#lo_addr(_inicioSistema), W1
0x0BD6	0xB3C010  	MOV.B	#1, W0
0x0BD8	0x784880  	MOV.B	W0, [W1]
;Main_SD.c,147 :: 		TEST = 1;
0x0BDA	0xA84E04  	BSET	LATA2_bit, BitPos(LATA2_bit+0)
;Main_SD.c,148 :: 		} else {
0x0BDC	0x37000A  	BRA	L_main12
L_main11:
;Main_SD.c,149 :: 		sdflags.init_ok = false;
0x0BDE	0x210000  	MOV	#lo_addr(_sdflags), W0
0x0BE0	0xA10410  	BCLR.B	[W0], #0
;Main_SD.c,150 :: 		INT1IE_bit = 0;                                                   //Desabilita la interrupcion externa INT1
0x0BE2	0xA98822  	BCLR	INT1IE_bit, BitPos(INT1IE_bit+0)
;Main_SD.c,151 :: 		U1MODE.UARTEN = 0;                                                //Desabilita el UART
0x0BE4	0xA9E221  	BCLR	U1MODE, #15
;Main_SD.c,152 :: 		inicioSistema = 0;                                                //Apaga la bandera de inicio del sistema
0x0BE6	0x210271  	MOV	#lo_addr(_inicioSistema), W1
0x0BE8	0xEF2000  	CLR	W0
0x0BEA	0x784880  	MOV.B	W0, [W1]
;Main_SD.c,153 :: 		LED_Error(checkEscSD);
0x0BEC	0x210170  	MOV	#lo_addr(_checkEscSD), W0
0x0BEE	0x784510  	MOV.B	[W0], W10
0x0BF0	0x07FED9  	RCALL	_LED_Error
;Main_SD.c,154 :: 		}
L_main12:
;Main_SD.c,142 :: 		if (sdflags.detected && !sdflags.init_ok) {
L__main101:
L__main100:
;Main_SD.c,158 :: 		Ejemplo_uso_SD();
0x0BF2	0x07FF24  	RCALL	_Ejemplo_uso_SD
;Main_SD.c,161 :: 		}
L_end_main:
0x0BF4	0x78054F  	POP	W10
L__main_end_loop:
0x0BF6	0x37FFFF  	BRA	L__main_end_loop
; end of _main
_ConfiguracionPrincipal:
;Main_SD.c,262 :: 		void ConfiguracionPrincipal(){
;Main_SD.c,263 :: 		Delay_ms(4000);   // Espera
0x0968	0x201E98  	MOV	#489, W8
0x096A	0x249247  	MOV	#18724, W7
L_ConfiguracionPrincipal52:
0x096C	0xED200E  	DEC	W7
0x096E	0x3AFFFE  	BRA NZ	L_ConfiguracionPrincipal52
0x0970	0xED2010  	DEC	W8
0x0972	0x3AFFFC  	BRA NZ	L_ConfiguracionPrincipal52
0x0974	0x000000  	NOP
0x0976	0x000000  	NOP
0x0978	0x000000  	NOP
;Main_SD.c,266 :: 		ANSELA = 0;
0x097A	0xEF2E0E  	CLR	ANSELA
;Main_SD.c,267 :: 		ANSELB = 0;
0x097C	0xEF2E1E  	CLR	ANSELB
;Main_SD.c,268 :: 		ConfigurarPPS_SPI1();
0x097E	0x07FF90  	RCALL	_ConfigurarPPS_SPI1
;Main_SD.c,269 :: 		TEST_Direction = 0;                                                        // LED como salida
0x0980	0xA94E00  	BCLR	TRISA2_bit, BitPos(TRISA2_bit+0)
;Main_SD.c,270 :: 		TEST = 0;
0x0982	0xA94E04  	BCLR	LATA2_bit, BitPos(LATA2_bit+0)
;Main_SD.c,271 :: 		sd_CS_tris = 0;                                                            //CS SD
0x0984	0xA90E10  	BCLR	TRISB0_bit, BitPos(TRISB0_bit+0)
;Main_SD.c,272 :: 		sd_detect_tris = 1;                                                        //Pin detection SD
0x0986	0xA88E00  	BSET	TRISA4_bit, BitPos(TRISA4_bit+0)
;Main_SD.c,275 :: 		sdflags.detected = false;
0x0988	0x210000  	MOV	#lo_addr(_sdflags), W0
0x098A	0xA11410  	BCLR.B	[W0], #1
;Main_SD.c,276 :: 		sdflags.init_ok = false;
0x098C	0x210000  	MOV	#lo_addr(_sdflags), W0
0x098E	0xA10410  	BCLR.B	[W0], #0
;Main_SD.c,277 :: 		sdflags.saving = false;
0x0990	0x210000  	MOV	#lo_addr(_sdflags), W0
0x0992	0xA12410  	BCLR.B	[W0], #2
;Main_SD.c,279 :: 		Delay_ms(200);                                                             //Espera hasta que se estabilicen los cambios
0x0994	0x200198  	MOV	#25, W8
0x0996	0x26A0E7  	MOV	#27150, W7
L_ConfiguracionPrincipal54:
0x0998	0xED200E  	DEC	W7
0x099A	0x3AFFFE  	BRA NZ	L_ConfiguracionPrincipal54
0x099C	0xED2010  	DEC	W8
0x099E	0x3AFFFC  	BRA NZ	L_ConfiguracionPrincipal54
0x09A0	0x000000  	NOP
;Main_SD.c,280 :: 		}
L_end_ConfiguracionPrincipal:
0x09A2	0x060000  	RETURN
; end of _ConfiguracionPrincipal
_ConfigurarPPS_SPI1:
;Main_SD.c,283 :: 		void ConfigurarPPS_SPI1(){
;Main_SD.c,285 :: 		MOV #0x46, W0
0x08A0	0x200460  	MOV	#70, W0
;Main_SD.c,286 :: 		MOV #0x57, W1
0x08A2	0x200571  	MOV	#87, W1
;Main_SD.c,287 :: 		MOV #0x0742, W2
0x08A4	0x207422  	MOV	#1858, W2
;Main_SD.c,288 :: 		MOV.b W0, [W2]
0x08A6	0x784900  	MOV.B	W0, [W2]
;Main_SD.c,289 :: 		MOV.b W1, [W2]
0x08A8	0x784901  	MOV.B	W1, [W2]
;Main_SD.c,290 :: 		BCLR OSCCON, #6
0x08AA	0xA9C742  	BCLR	OSCCON, #6
;Main_SD.c,293 :: 		RPOR2 = (RPOR2 & 0x00FF) | 0x0600;
0x08AC	0x200FF1  	MOV	#255, W1
0x08AE	0x206840  	MOV	#lo_addr(RPOR2), W0
0x08B0	0x608110  	AND	W1, [W0], W2
0x08B2	0x206001  	MOV	#1536, W1
0x08B4	0x206840  	MOV	#lo_addr(RPOR2), W0
0x08B6	0x710801  	IOR	W2, W1, [W0]
;Main_SD.c,294 :: 		RPOR3 = (RPOR3 & 0xFF00) | 0x0005;
0x08B8	0x803431  	MOV	RPOR3, W1
0x08BA	0x2FF000  	MOV	#65280, W0
0x08BC	0x608080  	AND	W1, W0, W1
0x08BE	0x206860  	MOV	#lo_addr(RPOR3), W0
0x08C0	0x708865  	IOR	W1, #5, [W0]
;Main_SD.c,295 :: 		RPINR20 = (RPINR20 & 0xFF00) | 41;
0x08C2	0x803641  	MOV	1736, W1
0x08C4	0x2FF000  	MOV	#65280, W0
0x08C6	0x608100  	AND	W1, W0, W2
0x08C8	0x200291  	MOV	#41, W1
0x08CA	0x206C80  	MOV	#1736, W0
0x08CC	0x710801  	IOR	W2, W1, [W0]
;Main_SD.c,297 :: 		TRISBbits.TRISB7 = 0;
0x08CE	0xA9EE10  	BCLR.B	TRISBbits, #7
;Main_SD.c,298 :: 		TRISBbits.TRISB8 = 0;
0x08D0	0xA90E11  	BCLR	TRISBbits, #8
;Main_SD.c,299 :: 		TRISBbits.TRISB9 = 1;
0x08D2	0xA82E11  	BSET	TRISBbits, #9
;Main_SD.c,300 :: 		}
L_end_ConfigurarPPS_SPI1:
0x08D4	0x060000  	RETURN
; end of _ConfigurarPPS_SPI1
_SD_Init_Try:
0x09FE	0xFA0002  	LNK	#2
;sdcard.c,215 :: 		unsigned char SD_Init_Try(unsigned char try_value){
;sdcard.c,217 :: 		if(try_value == 0) try_value = 1;
0x0A00	0xE15460  	CP.B	W10, #0
0x0A02	0x3A0001  	BRA NZ	L_SD_Init_Try42
L__SD_Init_Try129:
0x0A04	0xB3C01A  	MOV.B	#1, W10
L_SD_Init_Try42:
;sdcard.c,218 :: 		for(i = 0; i < try_value; i++){
; i start address is: 4 (W2)
0x0A06	0xEF2004  	CLR	W2
; i end address is: 4 (W2)
L_SD_Init_Try43:
; i start address is: 4 (W2)
0x0A08	0xE1140A  	CP.B	W2, W10
0x0A0A	0x310015  	BRA GEU	L_SD_Init_Try44
L__SD_Init_Try130:
;sdcard.c,219 :: 		init_status = SD_Init();
0x0A0C	0x781F82  	PUSH	W2
0x0A0E	0x781F8A  	PUSH	W10
0x0A10	0x07FE17  	RCALL	_SD_Init
0x0A12	0x78054F  	POP	W10
0x0A14	0x78014F  	POP	W2
0x0A16	0x984700  	MOV.B	W0, [W14+0]
;sdcard.c,220 :: 		if(init_status == SUCCESSFUL_INIT) break;
0x0A18	0xB3CAA1  	MOV.B	#170, W1
0x0A1A	0xE10401  	CP.B	W0, W1
0x0A1C	0x3A0001  	BRA NZ	L_SD_Init_Try46
L__SD_Init_Try131:
; i end address is: 4 (W2)
0x0A1E	0x37000B  	BRA	L_SD_Init_Try44
L_SD_Init_Try46:
;sdcard.c,221 :: 		Release_SD();
; i start address is: 4 (W2)
0x0A20	0x07FCF0  	RCALL	_Release_SD
;sdcard.c,222 :: 		Delay_ms(10);
0x0A22	0x200028  	MOV	#2, W8
0x0A24	0x238807  	MOV	#14464, W7
L_SD_Init_Try47:
0x0A26	0xED200E  	DEC	W7
0x0A28	0x3AFFFE  	BRA NZ	L_SD_Init_Try47
0x0A2A	0xED2010  	DEC	W8
0x0A2C	0x3AFFFC  	BRA NZ	L_SD_Init_Try47
0x0A2E	0x000000  	NOP
0x0A30	0x000000  	NOP
;sdcard.c,218 :: 		for(i = 0; i < try_value; i++){
0x0A32	0xEC6004  	INC.B	W2
;sdcard.c,223 :: 		}
; i end address is: 4 (W2)
0x0A34	0x37FFE9  	BRA	L_SD_Init_Try43
L_SD_Init_Try44:
;sdcard.c,224 :: 		return init_status;
0x0A36	0x90400E  	MOV.B	[W14+0], W0
;sdcard.c,225 :: 		}
L_end_SD_Init_Try:
0x0A38	0xFA8000  	ULNK
0x0A3A	0x060000  	RETURN
; end of _SD_Init_Try
_SD_Init:
0x0640	0xFA0002  	LNK	#2
;sdcard.c,236 :: 		unsigned char SD_Init(void){
;sdcard.c,244 :: 		sd_CS_tris = 0;
0x0642	0x781F8A  	PUSH	W10
0x0644	0x781F8B  	PUSH	W11
0x0646	0x781F8C  	PUSH	W12
0x0648	0x781F8D  	PUSH	W13
0x064A	0xA90E10  	BCLR	sd_CS_tris, BitPos(sd_CS_tris+0)
;sdcard.c,247 :: 		Release_SD();
0x064C	0x07FEDA  	RCALL	_Release_SD
;sdcard.c,250 :: 		SPISD_Init(SLOW);
0x064E	0xEF2014  	CLR	W10
0x0650	0x07FEDB  	RCALL	_SPISD_Init
;sdcard.c,254 :: 		for(i = 0; i < 80; i++) SPISD_Write(0xFF);
0x0652	0xEF2000  	CLR	W0
0x0654	0x980700  	MOV	W0, [W14+0]
L_SD_Init49:
0x0656	0x200501  	MOV	#80, W1
0x0658	0x470060  	ADD	W14, #0, W0
0x065A	0xE10810  	CP	W1, [W0]
0x065C	0x360006  	BRA LEU	L_SD_Init50
L__SD_Init133:
0x065E	0xB3CFFA  	MOV.B	#255, W10
0x0660	0x07FEC6  	RCALL	_SPISD_Write
0x0662	0x90008E  	MOV	[W14+0], W1
0x0664	0x470060  	ADD	W14, #0, W0
0x0666	0x408861  	ADD	W1, #1, [W0]
0x0668	0x37FFF6  	BRA	L_SD_Init49
L_SD_Init50:
;sdcard.c,257 :: 		Select_SD(); // Se coloca en 1 el CHIP SELECT CS
0x066A	0x07FE18  	RCALL	_Select_SD
;sdcard.c,260 :: 		for(i = 0; i < 16; i++) SPISD_Write(0xFF);
0x066C	0xEF2000  	CLR	W0
0x066E	0x980700  	MOV	W0, [W14+0]
L_SD_Init52:
0x0670	0x90000E  	MOV	[W14+0], W0
0x0672	0xE10070  	CP	W0, #16
0x0674	0x310006  	BRA GEU	L_SD_Init53
L__SD_Init134:
0x0676	0xB3CFFA  	MOV.B	#255, W10
0x0678	0x07FEBA  	RCALL	_SPISD_Write
0x067A	0x90008E  	MOV	[W14+0], W1
0x067C	0x470060  	ADD	W14, #0, W0
0x067E	0x408861  	ADD	W1, #1, [W0]
0x0680	0x37FFF7  	BRA	L_SD_Init52
L_SD_Init53:
;sdcard.c,272 :: 		for(i = 0; i < SD_TIME_OUT; i++){
0x0682	0xEF2000  	CLR	W0
0x0684	0x980700  	MOV	W0, [W14+0]
L_SD_Init55:
0x0686	0x90008E  	MOV	[W14+0], W1
0x0688	0x207D00  	MOV	#2000, W0
0x068A	0xE10800  	CP	W1, W0
0x068C	0x310014  	BRA GEU	L_SD_Init56
L__SD_Init135:
;sdcard.c,273 :: 		SD_Send_Command(GO_IDLE_STATE,0x00000000,0x4A);     // CMD0
0x068E	0xB3C4AD  	MOV.B	#74, W13
0x0690	0xEF2016  	CLR	W11
0x0692	0xEF2018  	CLR	W12
0x0694	0xEF2014  	CLR	W10
0x0696	0x07FDD2  	RCALL	_SD_Send_Command
;sdcard.c,274 :: 		temp = R1_Response();
0x0698	0x07FDCA  	RCALL	_R1_Response
;sdcard.c,275 :: 		if(temp == (1<<IDLE_STATE)) {
0x069A	0xFB8000  	ZE	W0, W0
0x069C	0xE10061  	CP	W0, #1
0x069E	0x3A0001  	BRA NZ	L_SD_Init58
L__SD_Init136:
;sdcard.c,276 :: 		break;
0x06A0	0x37000A  	BRA	L_SD_Init56
;sdcard.c,277 :: 		}
L_SD_Init58:
;sdcard.c,278 :: 		if(i==(SD_TIME_OUT-1)) return CARD_NOT_INSERTED;
0x06A2	0x90008E  	MOV	[W14+0], W1
0x06A4	0x207CF0  	MOV	#1999, W0
0x06A6	0xE10800  	CP	W1, W0
0x06A8	0x3A0002  	BRA NZ	L_SD_Init59
L__SD_Init137:
0x06AA	0xB3C100  	MOV.B	#16, W0
0x06AC	0x3700F3  	BRA	L_end_SD_Init
L_SD_Init59:
;sdcard.c,272 :: 		for(i = 0; i < SD_TIME_OUT; i++){
0x06AE	0x90008E  	MOV	[W14+0], W1
0x06B0	0x470060  	ADD	W14, #0, W0
0x06B2	0x408861  	ADD	W1, #1, [W0]
;sdcard.c,279 :: 		}
0x06B4	0x37FFE8  	BRA	L_SD_Init55
L_SD_Init56:
;sdcard.c,284 :: 		if(SD_Ready() == 0){
0x06B6	0x07FE50  	RCALL	_SD_Ready
0x06B8	0xE10460  	CP.B	W0, #0
0x06BA	0x3A0002  	BRA NZ	L_SD_Init60
L__SD_Init138:
;sdcard.c,285 :: 		return SD_NOT_READY;
0x06BC	0xB3C110  	MOV.B	#17, W0
0x06BE	0x3700EA  	BRA	L_end_SD_Init
;sdcard.c,286 :: 		}
L_SD_Init60:
;sdcard.c,288 :: 		SD_Send_Command(SEND_IF_COND,0x000001AA,0x43);          // CMD8
0x06C0	0xB3C43D  	MOV.B	#67, W13
0x06C2	0x201AAB  	MOV	#426, W11
0x06C4	0x20000C  	MOV	#0, W12
0x06C6	0xB3C08A  	MOV.B	#8, W10
0x06C8	0x07FDB9  	RCALL	_SD_Send_Command
;sdcard.c,289 :: 		temp = R1_Response();
0x06CA	0x07FDB1  	RCALL	_R1_Response
; temp start address is: 2 (W1)
0x06CC	0x784080  	MOV.B	W0, W1
;sdcard.c,291 :: 		if(temp != (1<<IDLE_STATE)){
0x06CE	0xFB8000  	ZE	W0, W0
0x06D0	0xE10061  	CP	W0, #1
0x06D2	0x32001F  	BRA Z	L_SD_Init61
L__SD_Init139:
; temp end address is: 2 (W1)
;sdcard.c,293 :: 		for(i = 0; i < SD_TIME_OUT; i++){
0x06D4	0xEF2000  	CLR	W0
0x06D6	0x980700  	MOV	W0, [W14+0]
L_SD_Init62:
0x06D8	0x90008E  	MOV	[W14+0], W1
0x06DA	0x207D00  	MOV	#2000, W0
0x06DC	0xE10800  	CP	W1, W0
0x06DE	0x310018  	BRA GEU	L_SD_Init63
L__SD_Init140:
;sdcard.c,294 :: 		if(SD_Ready() == 0) return SD_NOT_READY;
0x06E0	0x07FE3B  	RCALL	_SD_Ready
0x06E2	0xE10460  	CP.B	W0, #0
0x06E4	0x3A0002  	BRA NZ	L_SD_Init65
L__SD_Init141:
0x06E6	0xB3C110  	MOV.B	#17, W0
0x06E8	0x3700D5  	BRA	L_end_SD_Init
L_SD_Init65:
;sdcard.c,295 :: 		SD_Send_Command(SEND_OP_COND,0x00000000,0x7C);  // CMD1
0x06EA	0xB3C7CD  	MOV.B	#124, W13
0x06EC	0xEF2016  	CLR	W11
0x06EE	0xEF2018  	CLR	W12
0x06F0	0xB3C01A  	MOV.B	#1, W10
0x06F2	0x07FDA4  	RCALL	_SD_Send_Command
;sdcard.c,296 :: 		temp = R1_Response();
0x06F4	0x07FD9C  	RCALL	_R1_Response
;sdcard.c,297 :: 		if(temp == 0x00) break;
0x06F6	0xE10460  	CP.B	W0, #0
0x06F8	0x3A0001  	BRA NZ	L_SD_Init66
L__SD_Init142:
0x06FA	0x37000A  	BRA	L_SD_Init63
L_SD_Init66:
;sdcard.c,298 :: 		if(i==(SD_TIME_OUT-1)) return UNUSABLE_CARD;
0x06FC	0x90008E  	MOV	[W14+0], W1
0x06FE	0x207CF0  	MOV	#1999, W0
0x0700	0xE10800  	CP	W1, W0
0x0702	0x3A0002  	BRA NZ	L_SD_Init67
L__SD_Init143:
0x0704	0xB3C120  	MOV.B	#18, W0
0x0706	0x3700C6  	BRA	L_end_SD_Init
L_SD_Init67:
;sdcard.c,293 :: 		for(i = 0; i < SD_TIME_OUT; i++){
0x0708	0x90008E  	MOV	[W14+0], W1
0x070A	0x470060  	ADD	W14, #0, W0
0x070C	0x408861  	ADD	W1, #1, [W0]
;sdcard.c,299 :: 		}
0x070E	0x37FFE4  	BRA	L_SD_Init62
L_SD_Init63:
;sdcard.c,301 :: 		} else if (temp == (1<<IDLE_STATE)){
0x0710	0x37007D  	BRA	L_SD_Init68
L_SD_Init61:
; temp start address is: 2 (W1)
0x0712	0xFB8001  	ZE	W1, W0
0x0714	0xE10061  	CP	W0, #1
0x0716	0x3A0078  	BRA NZ	L_SD_Init69
L__SD_Init144:
; temp end address is: 2 (W1)
;sdcard.c,303 :: 		temp_long = Response_32b();
0x0718	0x07FE39  	RCALL	_Response_32b
; temp_long start address is: 8 (W4)
0x071A	0xBE0200  	MOV.D	W0, W4
;sdcard.c,304 :: 		temp = (temp_long & ECHO_BACK_MASK);
0x071C	0x200FF2  	MOV	#255, W2
0x071E	0x200003  	MOV	#0, W3
0x0720	0x600102  	AND	W0, W2, W2
;sdcard.c,305 :: 		if(temp != 0xAA) return ECHO_BACK_ERROR;
0x0722	0xB3CAA0  	MOV.B	#170, W0
0x0724	0xE11400  	CP.B	W2, W0
0x0726	0x320002  	BRA Z	L_SD_Init70
L__SD_Init145:
; temp_long end address is: 8 (W4)
0x0728	0xB3C130  	MOV.B	#19, W0
0x072A	0x3700B4  	BRA	L_end_SD_Init
L_SD_Init70:
;sdcard.c,306 :: 		temp = ((temp_long & VOLTAGE_ACCEPTED_MASK)>>8);
; temp_long start address is: 8 (W4)
0x072C	0x20F000  	MOV	#3840, W0
0x072E	0x200001  	MOV	#0, W1
0x0730	0x620100  	AND	W4, W0, W2
0x0732	0x628181  	AND	W5, W1, W3
; temp_long end address is: 8 (W4)
0x0734	0xDE1048  	LSR	W2, #8, W0
0x0736	0xDD18C8  	SL	W3, #8, W1
0x0738	0x700001  	IOR	W0, W1, W0
0x073A	0xDE18C8  	LSR	W3, #8, W1
;sdcard.c,307 :: 		if(temp != 0x01) return INCOMPATIBLE_VOLTAGE;
0x073C	0xE10461  	CP.B	W0, #1
0x073E	0x320002  	BRA Z	L_SD_Init71
L__SD_Init146:
0x0740	0xB3C140  	MOV.B	#20, W0
0x0742	0x3700A8  	BRA	L_end_SD_Init
L_SD_Init71:
;sdcard.c,310 :: 		if(SD_Ready() == 0) return SD_NOT_READY;
0x0744	0x07FE09  	RCALL	_SD_Ready
0x0746	0xE10460  	CP.B	W0, #0
0x0748	0x3A0002  	BRA NZ	L_SD_Init72
L__SD_Init147:
0x074A	0xB3C110  	MOV.B	#17, W0
0x074C	0x3700A3  	BRA	L_end_SD_Init
L_SD_Init72:
;sdcard.c,311 :: 		SD_Send_Command(READ_OCR,0x00000000,0x7E);          // CMD58
0x074E	0xB3C7ED  	MOV.B	#126, W13
0x0750	0xEF2016  	CLR	W11
0x0752	0xEF2018  	CLR	W12
0x0754	0xB3C3AA  	MOV.B	#58, W10
0x0756	0x07FD72  	RCALL	_SD_Send_Command
;sdcard.c,312 :: 		temp = R1_Response();                               // Parte de la respuesta R3
0x0758	0x07FD6A  	RCALL	_R1_Response
; temp start address is: 2 (W1)
0x075A	0x784080  	MOV.B	W0, W1
;sdcard.c,313 :: 		if(temp != (1<<IDLE_STATE)) return temp;
0x075C	0xFB8000  	ZE	W0, W0
0x075E	0xE10061  	CP	W0, #1
0x0760	0x320002  	BRA Z	L_SD_Init73
L__SD_Init148:
0x0762	0x784001  	MOV.B	W1, W0
; temp end address is: 2 (W1)
0x0764	0x370097  	BRA	L_end_SD_Init
L_SD_Init73:
;sdcard.c,314 :: 		temp_long = Response_32b();                         // Parte de la repuesta R3
0x0766	0x07FE12  	RCALL	_Response_32b
;sdcard.c,315 :: 		if((temp_long & VOLTAGE_RANGE_MASK) != VOLTAGE_RANGE_MASK)
0x0768	0x280002  	MOV	#32768, W2
0x076A	0x200FF3  	MOV	#255, W3
0x076C	0x600102  	AND	W0, W2, W2
0x076E	0x608183  	AND	W1, W3, W3
0x0770	0x280000  	MOV	#32768, W0
0x0772	0x200FF1  	MOV	#255, W1
0x0774	0xE11000  	CP	W2, W0
0x0776	0xE19801  	CPB	W3, W1
0x0778	0x320002  	BRA Z	L_SD_Init74
L__SD_Init149:
;sdcard.c,316 :: 		return INCOMPATIBLE_VOLTAGE;
0x077A	0xB3C140  	MOV.B	#20, W0
0x077C	0x37008B  	BRA	L_end_SD_Init
L_SD_Init74:
;sdcard.c,319 :: 		if(SD_Ready() == 0) return SD_NOT_READY;
0x077E	0x07FDEC  	RCALL	_SD_Ready
0x0780	0xE10460  	CP.B	W0, #0
0x0782	0x3A0002  	BRA NZ	L_SD_Init75
L__SD_Init150:
0x0784	0xB3C110  	MOV.B	#17, W0
0x0786	0x370086  	BRA	L_end_SD_Init
L_SD_Init75:
;sdcard.c,320 :: 		SD_Send_Command(CRC_ON_OFF,0x00000001,0x48);        // CMD59, CRC final 0x91
0x0788	0xB3C48D  	MOV.B	#72, W13
0x078A	0x20001B  	MOV	#1, W11
0x078C	0x20000C  	MOV	#0, W12
0x078E	0xB3C3BA  	MOV.B	#59, W10
0x0790	0x07FD55  	RCALL	_SD_Send_Command
;sdcard.c,321 :: 		temp = R1_Response();
0x0792	0x07FD4D  	RCALL	_R1_Response
; temp start address is: 2 (W1)
0x0794	0x784080  	MOV.B	W0, W1
;sdcard.c,322 :: 		if(temp != (1<<IDLE_STATE)) return temp;
0x0796	0xFB8000  	ZE	W0, W0
0x0798	0xE10061  	CP	W0, #1
0x079A	0x320002  	BRA Z	L_SD_Init76
L__SD_Init151:
0x079C	0x784001  	MOV.B	W1, W0
; temp end address is: 2 (W1)
0x079E	0x37007A  	BRA	L_end_SD_Init
L_SD_Init76:
;sdcard.c,325 :: 		for(i = 0; i < SD_TIME_OUT; i++){
0x07A0	0xEF2000  	CLR	W0
0x07A2	0x980700  	MOV	W0, [W14+0]
L_SD_Init77:
0x07A4	0x90008E  	MOV	[W14+0], W1
0x07A6	0x207D00  	MOV	#2000, W0
0x07A8	0xE10800  	CP	W1, W0
0x07AA	0x31002D  	BRA GEU	L_SD_Init78
L__SD_Init152:
;sdcard.c,326 :: 		if(SD_Ready() == 0) return SD_NOT_READY;
0x07AC	0x07FDD5  	RCALL	_SD_Ready
0x07AE	0xE10460  	CP.B	W0, #0
0x07B0	0x3A0002  	BRA NZ	L_SD_Init80
L__SD_Init153:
0x07B2	0xB3C110  	MOV.B	#17, W0
0x07B4	0x37006F  	BRA	L_end_SD_Init
L_SD_Init80:
;sdcard.c,327 :: 		SD_Send_Command(APP_CMD,0x00000000,0x32);           // CMD55
0x07B6	0xB3C32D  	MOV.B	#50, W13
0x07B8	0xEF2016  	CLR	W11
0x07BA	0xEF2018  	CLR	W12
0x07BC	0xB3C37A  	MOV.B	#55, W10
0x07BE	0x07FD3E  	RCALL	_SD_Send_Command
;sdcard.c,328 :: 		temp = R1_Response();
0x07C0	0x07FD36  	RCALL	_R1_Response
;sdcard.c,329 :: 		if(SD_Ready() == 0) return SD_NOT_READY;
0x07C2	0x07FDCA  	RCALL	_SD_Ready
0x07C4	0xE10460  	CP.B	W0, #0
0x07C6	0x3A0002  	BRA NZ	L_SD_Init81
L__SD_Init154:
0x07C8	0xB3C110  	MOV.B	#17, W0
0x07CA	0x370064  	BRA	L_end_SD_Init
L_SD_Init81:
;sdcard.c,332 :: 		for(j = 0; j < 16; j++) SPISD_Write(0xFF);
; j start address is: 0 (W0)
0x07CC	0xEF2000  	CLR	W0
; j end address is: 0 (W0)
L_SD_Init82:
; j start address is: 0 (W0)
0x07CE	0xE10070  	CP	W0, #16
0x07D0	0x310007  	BRA GEU	L_SD_Init83
L__SD_Init155:
0x07D2	0x781F80  	PUSH	W0
0x07D4	0xB3CFFA  	MOV.B	#255, W10
0x07D6	0x07FE0B  	RCALL	_SPISD_Write
0x07D8	0x78004F  	POP	W0
; j start address is: 2 (W1)
0x07DA	0x4000E1  	ADD	W0, #1, W1
; j end address is: 0 (W0)
0x07DC	0x780001  	MOV	W1, W0
; j end address is: 2 (W1)
0x07DE	0x37FFF7  	BRA	L_SD_Init82
L_SD_Init83:
;sdcard.c,334 :: 		SD_Send_Command(SD_SEND_OP_COND,0x40000000,0x3B);   // ACMD41
0x07E0	0xB3C3BD  	MOV.B	#59, W13
0x07E2	0x20000B  	MOV	#0, W11
0x07E4	0x24000C  	MOV	#16384, W12
0x07E6	0xB3C29A  	MOV.B	#41, W10
0x07E8	0x07FD29  	RCALL	_SD_Send_Command
;sdcard.c,335 :: 		temp = R1_Response();
0x07EA	0x07FD21  	RCALL	_R1_Response
;sdcard.c,336 :: 		if(temp == 0x00) break;  // Initialization done
0x07EC	0xE10460  	CP.B	W0, #0
0x07EE	0x3A0001  	BRA NZ	L_SD_Init85
L__SD_Init156:
0x07F0	0x37000A  	BRA	L_SD_Init78
L_SD_Init85:
;sdcard.c,337 :: 		if(i==(SD_TIME_OUT-1)) return UNUSABLE_CARD;
0x07F2	0x90008E  	MOV	[W14+0], W1
0x07F4	0x207CF0  	MOV	#1999, W0
0x07F6	0xE10800  	CP	W1, W0
0x07F8	0x3A0002  	BRA NZ	L_SD_Init86
L__SD_Init157:
0x07FA	0xB3C120  	MOV.B	#18, W0
0x07FC	0x37004B  	BRA	L_end_SD_Init
L_SD_Init86:
;sdcard.c,325 :: 		for(i = 0; i < SD_TIME_OUT; i++){
0x07FE	0x90008E  	MOV	[W14+0], W1
0x0800	0x470060  	ADD	W14, #0, W0
0x0802	0x408861  	ADD	W1, #1, [W0]
;sdcard.c,338 :: 		}
0x0804	0x37FFCF  	BRA	L_SD_Init77
L_SD_Init78:
;sdcard.c,339 :: 		}
0x0806	0x370002  	BRA	L_SD_Init87
L_SD_Init69:
;sdcard.c,340 :: 		else return temp;   // Some error of the R1 response type
; temp start address is: 2 (W1)
0x0808	0x784001  	MOV.B	W1, W0
; temp end address is: 2 (W1)
0x080A	0x370044  	BRA	L_end_SD_Init
L_SD_Init87:
L_SD_Init68:
;sdcard.c,343 :: 		if(SD_Ready() == 0) return SD_NOT_READY;
0x080C	0x07FDA5  	RCALL	_SD_Ready
0x080E	0xE10460  	CP.B	W0, #0
0x0810	0x3A0002  	BRA NZ	L_SD_Init88
L__SD_Init158:
0x0812	0xB3C110  	MOV.B	#17, W0
0x0814	0x37003F  	BRA	L_end_SD_Init
L_SD_Init88:
;sdcard.c,344 :: 		SD_Send_Command(CRC_ON_OFF,0x00000000,0x48);        // CMD59
0x0816	0xB3C48D  	MOV.B	#72, W13
0x0818	0xEF2016  	CLR	W11
0x081A	0xEF2018  	CLR	W12
0x081C	0xB3C3BA  	MOV.B	#59, W10
0x081E	0x07FD0E  	RCALL	_SD_Send_Command
;sdcard.c,345 :: 		temp = R1_Response();
0x0820	0x07FD06  	RCALL	_R1_Response
; temp start address is: 2 (W1)
0x0822	0x784080  	MOV.B	W0, W1
;sdcard.c,346 :: 		if(temp != 0x00) return temp;
0x0824	0xE10460  	CP.B	W0, #0
0x0826	0x320002  	BRA Z	L_SD_Init89
L__SD_Init159:
0x0828	0x784001  	MOV.B	W1, W0
; temp end address is: 2 (W1)
0x082A	0x370034  	BRA	L_end_SD_Init
L_SD_Init89:
;sdcard.c,349 :: 		if(SD_Ready() == 0) return SD_NOT_READY;
0x082C	0x07FD95  	RCALL	_SD_Ready
0x082E	0xE10460  	CP.B	W0, #0
0x0830	0x3A0002  	BRA NZ	L_SD_Init90
L__SD_Init160:
0x0832	0xB3C110  	MOV.B	#17, W0
0x0834	0x37002F  	BRA	L_end_SD_Init
L_SD_Init90:
;sdcard.c,350 :: 		SD_Send_Command(SET_BLOCKLEN,0x00000200,0x0A);      // CMD16
0x0836	0xB3C0AD  	MOV.B	#10, W13
0x0838	0x20200B  	MOV	#512, W11
0x083A	0x20000C  	MOV	#0, W12
0x083C	0xB3C10A  	MOV.B	#16, W10
0x083E	0x07FCFE  	RCALL	_SD_Send_Command
;sdcard.c,351 :: 		temp = R1_Response();
0x0840	0x07FCF6  	RCALL	_R1_Response
; temp start address is: 2 (W1)
0x0842	0x784080  	MOV.B	W0, W1
;sdcard.c,352 :: 		if(temp != 0x00) return temp;
0x0844	0xE10460  	CP.B	W0, #0
0x0846	0x320002  	BRA Z	L_SD_Init91
L__SD_Init161:
0x0848	0x784001  	MOV.B	W1, W0
; temp end address is: 2 (W1)
0x084A	0x370024  	BRA	L_end_SD_Init
L_SD_Init91:
;sdcard.c,355 :: 		if(SD_Ready() == 0) return SD_NOT_READY;
0x084C	0x07FD85  	RCALL	_SD_Ready
0x084E	0xE10460  	CP.B	W0, #0
0x0850	0x3A0002  	BRA NZ	L_SD_Init92
L__SD_Init162:
0x0852	0xB3C110  	MOV.B	#17, W0
0x0854	0x37001F  	BRA	L_end_SD_Init
L_SD_Init92:
;sdcard.c,356 :: 		SD_Send_Command(READ_OCR,0x00000000,0x7E);          // CMD58
0x0856	0xB3C7ED  	MOV.B	#126, W13
0x0858	0xEF2016  	CLR	W11
0x085A	0xEF2018  	CLR	W12
0x085C	0xB3C3AA  	MOV.B	#58, W10
0x085E	0x07FCEE  	RCALL	_SD_Send_Command
;sdcard.c,357 :: 		temp = R1_Response();
0x0860	0x07FCE6  	RCALL	_R1_Response
; temp start address is: 2 (W1)
0x0862	0x784080  	MOV.B	W0, W1
;sdcard.c,358 :: 		if(temp != 0x00) return temp;
0x0864	0xE10460  	CP.B	W0, #0
0x0866	0x320002  	BRA Z	L_SD_Init93
L__SD_Init163:
0x0868	0x784001  	MOV.B	W1, W0
; temp end address is: 2 (W1)
0x086A	0x370014  	BRA	L_end_SD_Init
L_SD_Init93:
;sdcard.c,359 :: 		temp_long = Response_32b();
0x086C	0x07FD8F  	RCALL	_Response_32b
;sdcard.c,360 :: 		ccs = (long)(temp_long >> 30);
0x086E	0xDE094E  	LSR	W1, #14, W2
0x0870	0xEB0180  	CLR	W3
0x0872	0x210010  	MOV	#lo_addr(_ccs), W0
0x0874	0x784802  	MOV.B	W2, [W0]
;sdcard.c,363 :: 		Release_SD();
0x0876	0x07FDC5  	RCALL	_Release_SD
;sdcard.c,366 :: 		for(i = 0; i < 16; i++) SPISD_Write(0xFF);
0x0878	0xEF2000  	CLR	W0
0x087A	0x980700  	MOV	W0, [W14+0]
L_SD_Init94:
0x087C	0x90000E  	MOV	[W14+0], W0
0x087E	0xE10070  	CP	W0, #16
0x0880	0x310006  	BRA GEU	L_SD_Init95
L__SD_Init164:
0x0882	0xB3CFFA  	MOV.B	#255, W10
0x0884	0x07FDB4  	RCALL	_SPISD_Write
0x0886	0x90008E  	MOV	[W14+0], W1
0x0888	0x470060  	ADD	W14, #0, W0
0x088A	0x408861  	ADD	W1, #1, [W0]
0x088C	0x37FFF7  	BRA	L_SD_Init94
L_SD_Init95:
;sdcard.c,369 :: 		SPISD_Init(FAST);
0x088E	0xB3C01A  	MOV.B	#1, W10
0x0890	0x07FDBB  	RCALL	_SPISD_Init
;sdcard.c,371 :: 		return SUCCESSFUL_INIT;
0x0892	0xB3CAA0  	MOV.B	#170, W0
;sdcard.c,372 :: 		}
;sdcard.c,371 :: 		return SUCCESSFUL_INIT;
;sdcard.c,372 :: 		}
L_end_SD_Init:
0x0894	0x7806CF  	POP	W13
0x0896	0x78064F  	POP	W12
0x0898	0x7805CF  	POP	W11
0x089A	0x78054F  	POP	W10
0x089C	0xFA8000  	ULNK
0x089E	0x060000  	RETURN
; end of _SD_Init
_Release_SD:
;sdcard.c,476 :: 		void Release_SD(void){
;sdcard.c,478 :: 		sd_CS_lat = 1;
0x0402	0xA80E14  	BSET	sd_CS_lat, BitPos(sd_CS_lat+0)
;sdcard.c,479 :: 		asm nop;  // Genera un retraso para asegurar el cambio dew estado
0x0404	0x000000  	NOP
;sdcard.c,480 :: 		}
L_end_Release_SD:
0x0406	0x060000  	RETURN
; end of _Release_SD
_SPISD_Init:
;spiSD.c,13 :: 		void SPISD_Init(unsigned char speed) {
;spiSD.c,14 :: 		SPI1STAT.SPIEN = 0;              //Desabilita el SPI1
0x0408	0x781F8A  	PUSH	W10
0x040A	0x781F8B  	PUSH	W11
0x040C	0x781F8C  	PUSH	W12
0x040E	0x781F8D  	PUSH	W13
0x0410	0xA9E241  	BCLR	SPI1STAT, #15
;spiSD.c,17 :: 		if(speed == FAST) {
0x0412	0xE15461  	CP.B	W10, #1
0x0414	0x3A000F  	BRA NZ	L_SPISD_Init0
L__SPISD_Init7:
;spiSD.c,19 :: 		SPI1_Init_Advanced(_SPI_MASTER, _SPI_8_BIT, _SPI_PRESCALE_SEC_4, _SPI_PRESCALE_PRI_64, _SPI_SS_DISABLE, _SPI_DATA_SAMPLE_MIDDLE, _SPI_CLK_IDLE_HIGH, _SPI_ACTIVE_2_IDLE);
0x0416	0xEF201A  	CLR	W13
0x0418	0x20010C  	MOV	#16, W12
0x041A	0xEF2016  	CLR	W11
0x041C	0x20020A  	MOV	#32, W10
0x041E	0xEF2000  	CLR	W0
0x0420	0x781F80  	PUSH	W0
0x0422	0x200400  	MOV	#64, W0
0x0424	0x781F80  	PUSH	W0
0x0426	0xEF2000  	CLR	W0
0x0428	0x781F80  	PUSH	W0
0x042A	0xEF2000  	CLR	W0
0x042C	0x781F80  	PUSH	W0
0x042E	0x07FEE8  	RCALL	_SPI1_Init_Advanced
0x0430	0xB1008F  	SUB	#8, W15
;spiSD.c,26 :: 		} else {
0x0432	0x37000E  	BRA	L_SPISD_Init1
L_SPISD_Init0:
;spiSD.c,28 :: 		SPI1_Init_Advanced(_SPI_MASTER, _SPI_8_BIT, _SPI_PRESCALE_SEC_1, _SPI_PRESCALE_PRI_64, _SPI_SS_DISABLE, _SPI_DATA_SAMPLE_MIDDLE, _SPI_CLK_IDLE_HIGH, _SPI_ACTIVE_2_IDLE);
0x0434	0xEF201A  	CLR	W13
0x0436	0x2001CC  	MOV	#28, W12
0x0438	0xEF2016  	CLR	W11
0x043A	0x20020A  	MOV	#32, W10
0x043C	0xEF2000  	CLR	W0
0x043E	0x781F80  	PUSH	W0
0x0440	0x200400  	MOV	#64, W0
0x0442	0x781F80  	PUSH	W0
0x0444	0xEF2000  	CLR	W0
0x0446	0x781F80  	PUSH	W0
0x0448	0xEF2000  	CLR	W0
0x044A	0x781F80  	PUSH	W0
0x044C	0x07FED9  	RCALL	_SPI1_Init_Advanced
0x044E	0xB1008F  	SUB	#8, W15
;spiSD.c,30 :: 		}
L_SPISD_Init1:
;spiSD.c,31 :: 		SPI1STAT.SPIEN = 1;    //Habilita el SPI1
0x0450	0xA8E241  	BSET	SPI1STAT, #15
;spiSD.c,32 :: 		}
L_end_SPISD_Init:
0x0452	0x7806CF  	POP	W13
0x0454	0x78064F  	POP	W12
0x0456	0x7805CF  	POP	W11
0x0458	0x78054F  	POP	W10
0x045A	0x060000  	RETURN
; end of _SPISD_Init
_SPI1_Init_Advanced:
0x0200	0xFA0000  	LNK	#0
;__Lib_SPI_12.c,123 :: 		
; slave_select start address is: 2 (W1)
0x0202	0x97B8CE  	MOV	[W14-8], W1
; data_sample start address is: 8 (W4)
0x0204	0x97BA3E  	MOV	[W14-10], W4
; clock_idle start address is: 4 (W2)
0x0206	0x97B92E  	MOV	[W14-12], W2
; edge start address is: 6 (W3)
0x0208	0x97B99E  	MOV	[W14-14], W3
;__Lib_SPI_12.c,126 :: 		
0x020A	0xEF2240  	CLR	SPI1STAT
;__Lib_SPI_12.c,127 :: 		
0x020C	0xEF2242  	CLR	SPI1CON
;__Lib_SPI_12.c,129 :: 		
0x020E	0x2FFFF0  	MOV	#lo_addr(_SPI1_Read), W0
0x0210	0x888060  	MOV	W0, _SPI_Rd_Ptr
;__Lib_SPI_12.c,130 :: 		
0x0212	0x2FFFF0  	MOV	#lo_addr(_SPI1_Write), W0
0x0214	0x888050  	MOV	W0, _SPI_Wr_Ptr
;__Lib_SPI_12.c,132 :: 		
0x0216	0x75000B  	IOR	W10, W11, W0
0x0218	0x70000C  	IOR	W0, W12, W0
0x021A	0x70000D  	IOR	W0, W13, W0
0x021C	0x700001  	IOR	W0, W1, W0
; slave_select end address is: 2 (W1)
0x021E	0x700004  	IOR	W0, W4, W0
; data_sample end address is: 8 (W4)
;__Lib_SPI_12.c,133 :: 		
0x0220	0x700082  	IOR	W0, W2, W1
; clock_idle end address is: 4 (W2)
0x0222	0x202420  	MOV	#lo_addr(SPI1CON), W0
0x0224	0x708803  	IOR	W1, W3, [W0]
; edge end address is: 6 (W3)
;__Lib_SPI_12.c,135 :: 		
0x0226	0xA9C240  	BCLR.B	SPI1STAT, #6
;__Lib_SPI_12.c,136 :: 		
0x0228	0xA8E241  	BSET	SPI1STAT, #15
;__Lib_SPI_12.c,138 :: 		
L_end_SPI1_Init_Advanced:
0x022A	0xFA8000  	ULNK
0x022C	0x060000  	RETURN
; end of _SPI1_Init_Advanced
_SPISD_Write:
;spiSD.c,41 :: 		unsigned char SPISD_Write(unsigned char datos) {
;spiSD.c,42 :: 		SPI1BUF = datos;                     // Se carga los datos en el buffer de envio
0x03EE	0xFB800A  	ZE	W10, W0
0x03F0	0xB7A248  	MOV	WREG, SPI1BUF
;spiSD.c,43 :: 		while(SPI1STATbits.SPITBF);          // Transmitting
L_SPISD_Write2:
0x03F2	0xAE2240  	BTSS	SPI1STATbits, #1
0x03F4	0x370001  	BRA	L_SPISD_Write3
0x03F6	0x37FFFD  	BRA	L_SPISD_Write2
L_SPISD_Write3:
;spiSD.c,44 :: 		while(SPI1STATbits.SPIRBF == 0);     // Receiving
L_SPISD_Write4:
0x03F8	0xAF0240  	BTSC	SPI1STATbits, #0
0x03FA	0x370001  	BRA	L_SPISD_Write5
0x03FC	0x37FFFD  	BRA	L_SPISD_Write4
L_SPISD_Write5:
;spiSD.c,45 :: 		return SPI1BUF;
0x03FE	0xBFC248  	MOV.B	SPI1BUF, WREG
;spiSD.c,46 :: 		}
L_end_SPISD_Write:
0x0400	0x060000  	RETURN
; end of _SPISD_Write
_Select_SD:
;sdcard.c,491 :: 		void Select_SD(void){
;sdcard.c,493 :: 		sd_CS_lat = 0;
0x029C	0xA90E14  	BCLR	sd_CS_lat, BitPos(sd_CS_lat+0)
;sdcard.c,494 :: 		asm nop;
0x029E	0x000000  	NOP
;sdcard.c,495 :: 		}
L_end_Select_SD:
0x02A0	0x060000  	RETURN
; end of _Select_SD
_SD_Send_Command:
;sdcard.c,432 :: 		void SD_Send_Command(unsigned char command,unsigned long argument, unsigned char crc){
;sdcard.c,435 :: 		SPISD_Write(command |= 0x40);
0x023C	0x781F8A  	PUSH	W10
0x023E	0xFB808A  	ZE	W10, W1
0x0240	0x200400  	MOV	#64, W0
0x0242	0x708000  	IOR	W1, W0, W0
0x0244	0x784500  	MOV.B	W0, W10
0x0246	0x781F8D  	PUSH	W13
0x0248	0x781F8B  	PUSH	W11
0x024A	0x781F8C  	PUSH	W12
0x024C	0x784500  	MOV.B	W0, W10
0x024E	0x0700CF  	RCALL	_SPISD_Write
0x0250	0x78064F  	POP	W12
0x0252	0x7805CF  	POP	W11
;sdcard.c,438 :: 		SPISD_Write((unsigned char)(argument>>24));
0x0254	0xDE6048  	LSR	W12, #8, W0
0x0256	0xEB0080  	CLR	W1
0x0258	0x781F8B  	PUSH	W11
0x025A	0x781F8C  	PUSH	W12
0x025C	0x784500  	MOV.B	W0, W10
0x025E	0x0700C7  	RCALL	_SPISD_Write
0x0260	0x78064F  	POP	W12
0x0262	0x7805CF  	POP	W11
;sdcard.c,439 :: 		SPISD_Write((unsigned char)(argument>>16));
0x0264	0x78000C  	MOV	W12, W0
0x0266	0xEB0080  	CLR	W1
0x0268	0x781F8B  	PUSH	W11
0x026A	0x781F8C  	PUSH	W12
0x026C	0x784500  	MOV.B	W0, W10
0x026E	0x0700BF  	RCALL	_SPISD_Write
0x0270	0x78064F  	POP	W12
0x0272	0x7805CF  	POP	W11
;sdcard.c,440 :: 		SPISD_Write((unsigned char)(argument>>8));
0x0274	0xDE5848  	LSR	W11, #8, W0
0x0276	0xDD60C8  	SL	W12, #8, W1
0x0278	0x700001  	IOR	W0, W1, W0
0x027A	0xDE60C8  	LSR	W12, #8, W1
0x027C	0x781F8B  	PUSH	W11
0x027E	0x781F8C  	PUSH	W12
0x0280	0x784500  	MOV.B	W0, W10
0x0282	0x0700B5  	RCALL	_SPISD_Write
0x0284	0x78064F  	POP	W12
0x0286	0x7805CF  	POP	W11
;sdcard.c,441 :: 		SPISD_Write((unsigned char)(argument));
0x0288	0x78450B  	MOV.B	W11, W10
0x028A	0x0700B1  	RCALL	_SPISD_Write
0x028C	0x7806CF  	POP	W13
;sdcard.c,444 :: 		SPISD_Write((crc<<1)|0x01);
0x028E	0xFB800D  	ZE	W13, W0
0x0290	0xDD0041  	SL	W0, #1, W0
0x0292	0x700061  	IOR	W0, #1, W0
0x0294	0x784500  	MOV.B	W0, W10
0x0296	0x0700AB  	RCALL	_SPISD_Write
;sdcard.c,445 :: 		}
L_end_SD_Send_Command:
0x0298	0x78054F  	POP	W10
0x029A	0x060000  	RETURN
; end of _SD_Send_Command
_R1_Response:
;sdcard.c,381 :: 		unsigned char R1_Response(void){
;sdcard.c,383 :: 		temp = SPISD_Write(0xFF);
0x022E	0x781F8A  	PUSH	W10
0x0230	0xB3CFFA  	MOV.B	#255, W10
0x0232	0x0700DD  	RCALL	_SPISD_Write
;sdcard.c,384 :: 		temp = SPISD_Write(0xFF);
0x0234	0xB3CFFA  	MOV.B	#255, W10
0x0236	0x0700DB  	RCALL	_SPISD_Write
;sdcard.c,385 :: 		return temp;
;sdcard.c,386 :: 		}
;sdcard.c,385 :: 		return temp;
;sdcard.c,386 :: 		}
L_end_R1_Response:
0x0238	0x78054F  	POP	W10
0x023A	0x060000  	RETURN
; end of _R1_Response
_SD_Ready:
0x0358	0xFA0002  	LNK	#2
;sdcard.c,456 :: 		unsigned char SD_Ready(void){
;sdcard.c,459 :: 		for(i = 0; i < SD_TIME_OUT; i++){
0x035A	0x781F8A  	PUSH	W10
; i start address is: 4 (W2)
0x035C	0xEF2004  	CLR	W2
; i end address is: 4 (W2)
L_SD_Ready97:
; i start address is: 4 (W2)
0x035E	0x207D00  	MOV	#2000, W0
0x0360	0xE11000  	CP	W2, W0
0x0362	0x310010  	BRA GEU	L_SD_Ready98
L__SD_Ready170:
;sdcard.c,460 :: 		temp = SPISD_Write(0xFF);
0x0364	0x781F82  	PUSH	W2
0x0366	0xB3CFFA  	MOV.B	#255, W10
0x0368	0x070042  	RCALL	_SPISD_Write
0x036A	0x78014F  	POP	W2
0x036C	0x984700  	MOV.B	W0, [W14+0]
;sdcard.c,461 :: 		if(temp == 0xFF) break;
0x036E	0xB3CFF1  	MOV.B	#255, W1
0x0370	0xE10401  	CP.B	W0, W1
0x0372	0x3A0001  	BRA NZ	L_SD_Ready100
L__SD_Ready171:
; i end address is: 4 (W2)
0x0374	0x370007  	BRA	L_SD_Ready98
L_SD_Ready100:
;sdcard.c,462 :: 		if(i == (SD_TIME_OUT-1)) return 0x00;
; i start address is: 4 (W2)
0x0376	0x207CF0  	MOV	#1999, W0
0x0378	0xE11000  	CP	W2, W0
0x037A	0x3A0002  	BRA NZ	L_SD_Ready101
L__SD_Ready172:
; i end address is: 4 (W2)
0x037C	0xEF2000  	CLR	W0
0x037E	0x370003  	BRA	L_end_SD_Ready
L_SD_Ready101:
;sdcard.c,459 :: 		for(i = 0; i < SD_TIME_OUT; i++){
; i start address is: 4 (W2)
0x0380	0xEC2004  	INC	W2
;sdcard.c,463 :: 		}
; i end address is: 4 (W2)
0x0382	0x37FFED  	BRA	L_SD_Ready97
L_SD_Ready98:
;sdcard.c,464 :: 		return temp;
0x0384	0x90400E  	MOV.B	[W14+0], W0
;sdcard.c,465 :: 		}
;sdcard.c,464 :: 		return temp;
;sdcard.c,465 :: 		}
L_end_SD_Ready:
0x0386	0x78054F  	POP	W10
0x0388	0xFA8000  	ULNK
0x038A	0x060000  	RETURN
; end of _SD_Ready
_Response_32b:
0x038C	0xFA0004  	LNK	#4
;sdcard.c,412 :: 		unsigned long Response_32b(void){
;sdcard.c,415 :: 		response = SPISD_Write(0xFF);
0x038E	0x781F8A  	PUSH	W10
0x0390	0xB3CFFA  	MOV.B	#255, W10
0x0392	0x07002D  	RCALL	_SPISD_Write
0x0394	0xFB8000  	ZE	W0, W0
0x0396	0xEB0080  	CLR	W1
0x0398	0x980700  	MOV	W0, [W14+0]
0x039A	0x980711  	MOV	W1, [W14+2]
;sdcard.c,416 :: 		temp = SPISD_Write(0xFF);
0x039C	0xB3CFFA  	MOV.B	#255, W10
0x039E	0x070027  	RCALL	_SPISD_Write
;sdcard.c,417 :: 		response = (response<<8)|temp;
0x03A0	0x90008E  	MOV	[W14+0], W1
0x03A2	0x90011E  	MOV	[W14+2], W2
0x03A4	0xDD1248  	SL	W2, #8, W4
0x03A6	0xDE09C8  	LSR	W1, #8, W3
0x03A8	0x718204  	IOR	W3, W4, W4
0x03AA	0xDD09C8  	SL	W1, #8, W3
0x03AC	0xFB8080  	ZE	W0, W1
0x03AE	0xEB0100  	CLR	W2
0x03B0	0x470060  	ADD	W14, #0, W0
0x03B2	0x719801  	IOR	W3, W1, [W0++]
0x03B4	0x721002  	IOR	W4, W2, [W0--]
;sdcard.c,418 :: 		temp = SPISD_Write(0xFF);
0x03B6	0xB3CFFA  	MOV.B	#255, W10
0x03B8	0x07001A  	RCALL	_SPISD_Write
;sdcard.c,419 :: 		response = (response<<8)|temp;
0x03BA	0x90008E  	MOV	[W14+0], W1
0x03BC	0x90011E  	MOV	[W14+2], W2
0x03BE	0xDD1248  	SL	W2, #8, W4
0x03C0	0xDE09C8  	LSR	W1, #8, W3
0x03C2	0x718204  	IOR	W3, W4, W4
0x03C4	0xDD09C8  	SL	W1, #8, W3
0x03C6	0xFB8080  	ZE	W0, W1
0x03C8	0xEB0100  	CLR	W2
0x03CA	0x470060  	ADD	W14, #0, W0
0x03CC	0x719801  	IOR	W3, W1, [W0++]
0x03CE	0x721002  	IOR	W4, W2, [W0--]
;sdcard.c,420 :: 		temp = SPISD_Write(0xFF);
0x03D0	0xB3CFFA  	MOV.B	#255, W10
0x03D2	0x07000D  	RCALL	_SPISD_Write
;sdcard.c,421 :: 		response = (response<<8)|temp;
0x03D4	0x90020E  	MOV	[W14+0], W4
0x03D6	0x90029E  	MOV	[W14+2], W5
0x03D8	0xDD29C8  	SL	W5, #8, W3
0x03DA	0xDE2148  	LSR	W4, #8, W2
0x03DC	0x710183  	IOR	W2, W3, W3
0x03DE	0xDD2148  	SL	W4, #8, W2
0x03E0	0xFB8000  	ZE	W0, W0
0x03E2	0xEB0080  	CLR	W1
0x03E4	0x710000  	IOR	W2, W0, W0
0x03E6	0x718081  	IOR	W3, W1, W1
;sdcard.c,422 :: 		return response;
;sdcard.c,423 :: 		}
;sdcard.c,422 :: 		return response;
;sdcard.c,423 :: 		}
L_end_Response_32b:
0x03E8	0x78054F  	POP	W10
0x03EA	0xFA8000  	ULNK
0x03EC	0x060000  	RETURN
; end of _Response_32b
_LED_Error:
;Main_SD.c,242 :: 		void LED_Error(unsigned char codigo){
;Main_SD.c,244 :: 		parpadeos = codigo;
; parpadeos start address is: 0 (W0)
0x09A4	0x78400A  	MOV.B	W10, W0
;Main_SD.c,245 :: 		if (parpadeos > 9) parpadeos = parpadeos - 9;
0x09A6	0xE15469  	CP.B	W10, #9
0x09A8	0x360003  	BRA LEU	L__LED_Error97
L__LED_Error117:
; parpadeos start address is: 0 (W0)
0x09AA	0x504069  	SUB.B	W0, #9, W0
; parpadeos end address is: 0 (W0)
; parpadeos end address is: 0 (W0)
0x09AC	0x784100  	MOV.B	W0, W2
0x09AE	0x370001  	BRA	L_LED_Error40
L__LED_Error97:
0x09B0	0x784100  	MOV.B	W0, W2
L_LED_Error40:
;Main_SD.c,246 :: 		while (1){
; parpadeos start address is: 4 (W2)
; parpadeos end address is: 4 (W2)
L_LED_Error41:
;Main_SD.c,247 :: 		for (i = 0; i < parpadeos; i++){
; parpadeos start address is: 4 (W2)
0x09B2	0xEF2000  	CLR	W0
0x09B4	0x8880C0  	MOV	W0, _i
; parpadeos end address is: 4 (W2)
L_LED_Error43:
; parpadeos start address is: 4 (W2)
0x09B6	0xFB8082  	ZE	W2, W1
0x09B8	0x210180  	MOV	#lo_addr(_i), W0
0x09BA	0xE10810  	CP	W1, [W0]
0x09BC	0x360016  	BRA LEU	L_LED_Error44
L__LED_Error118:
;Main_SD.c,248 :: 		TEST = 1;
0x09BE	0xA84E04  	BSET	LATA2_bit, BitPos(LATA2_bit+0)
;Main_SD.c,249 :: 		Delay_ms(500);
0x09C0	0x2003E8  	MOV	#62, W8
0x09C2	0x209247  	MOV	#2340, W7
L_LED_Error46:
0x09C4	0xED200E  	DEC	W7
0x09C6	0x3AFFFE  	BRA NZ	L_LED_Error46
0x09C8	0xED2010  	DEC	W8
0x09CA	0x3AFFFC  	BRA NZ	L_LED_Error46
0x09CC	0x000000  	NOP
0x09CE	0x000000  	NOP
;Main_SD.c,250 :: 		TEST = 0;
0x09D0	0xA94E04  	BCLR	LATA2_bit, BitPos(LATA2_bit+0)
;Main_SD.c,251 :: 		Delay_ms(500);
0x09D2	0x2003E8  	MOV	#62, W8
0x09D4	0x209247  	MOV	#2340, W7
L_LED_Error48:
0x09D6	0xED200E  	DEC	W7
0x09D8	0x3AFFFE  	BRA NZ	L_LED_Error48
0x09DA	0xED2010  	DEC	W8
0x09DC	0x3AFFFC  	BRA NZ	L_LED_Error48
0x09DE	0x000000  	NOP
0x09E0	0x000000  	NOP
;Main_SD.c,247 :: 		for (i = 0; i < parpadeos; i++){
0x09E2	0x200011  	MOV	#1, W1
0x09E4	0x210180  	MOV	#lo_addr(_i), W0
0x09E6	0x408810  	ADD	W1, [W0], [W0]
;Main_SD.c,252 :: 		}
0x09E8	0x37FFE6  	BRA	L_LED_Error43
L_LED_Error44:
;Main_SD.c,253 :: 		Delay_ms(3000);
0x09EA	0x2016F8  	MOV	#367, W8
0x09EC	0x236DB7  	MOV	#14043, W7
L_LED_Error50:
0x09EE	0xED200E  	DEC	W7
0x09F0	0x3AFFFE  	BRA NZ	L_LED_Error50
0x09F2	0xED2010  	DEC	W8
0x09F4	0x3AFFFC  	BRA NZ	L_LED_Error50
0x09F6	0x000000  	NOP
0x09F8	0x000000  	NOP
;Main_SD.c,254 :: 		}
; parpadeos end address is: 4 (W2)
0x09FA	0x37FFDB  	BRA	L_LED_Error41
;Main_SD.c,255 :: 		}
L_end_LED_Error:
0x09FC	0x060000  	RETURN
; end of _LED_Error
_Ejemplo_uso_SD:
0x0A3C	0xFA0400  	LNK	#1024
;Main_SD.c,167 :: 		void Ejemplo_uso_SD(){
;Main_SD.c,178 :: 		valor = 1; // Iniciar con el valor 1
0x0A3E	0x781F8A  	PUSH	W10
0x0A40	0x781F8B  	PUSH	W11
0x0A42	0x781F8C  	PUSH	W12
; valor start address is: 4 (W2)
0x0A44	0xB3C012  	MOV.B	#1, W2
;Main_SD.c,179 :: 		for (i = 0; i < 512; i++) {
0x0A46	0xEF2000  	CLR	W0
0x0A48	0x8880C0  	MOV	W0, _i
; valor end address is: 4 (W2)
L_Ejemplo_uso_SD13:
; valor start address is: 4 (W2)
0x0A4A	0x8080C1  	MOV	_i, W1
0x0A4C	0x202000  	MOV	#512, W0
0x0A4E	0xE10800  	CP	W1, W0
0x0A50	0x310010  	BRA GEU	L_Ejemplo_uso_SD14
L__Ejemplo_uso_SD106:
;Main_SD.c,180 :: 		data_to_write[i] = valor;
0x0A52	0x4700E0  	ADD	W14, #0, W1
0x0A54	0x210180  	MOV	#lo_addr(_i), W0
0x0A56	0x408010  	ADD	W1, [W0], W0
0x0A58	0x784802  	MOV.B	W2, [W0]
;Main_SD.c,181 :: 		valor++; // Incrementa el valor para la pr?xima iteraci?n
0x0A5A	0x414061  	ADD.B	W2, #1, W0
0x0A5C	0x784100  	MOV.B	W0, W2
;Main_SD.c,183 :: 		if (valor == 256) {
0x0A5E	0xFB8080  	ZE	W0, W1
0x0A60	0x201000  	MOV	#256, W0
0x0A62	0xE10800  	CP	W1, W0
0x0A64	0x3A0002  	BRA NZ	L__Ejemplo_uso_SD98
L__Ejemplo_uso_SD107:
;Main_SD.c,184 :: 		valor = 1;
0x0A66	0xB3C012  	MOV.B	#1, W2
; valor end address is: 4 (W2)
;Main_SD.c,185 :: 		}
0x0A68	0x370000  	BRA	L_Ejemplo_uso_SD16
L__Ejemplo_uso_SD98:
;Main_SD.c,183 :: 		if (valor == 256) {
;Main_SD.c,185 :: 		}
L_Ejemplo_uso_SD16:
;Main_SD.c,179 :: 		for (i = 0; i < 512; i++) {
; valor start address is: 4 (W2)
0x0A6A	0x200011  	MOV	#1, W1
0x0A6C	0x210180  	MOV	#lo_addr(_i), W0
0x0A6E	0x408810  	ADD	W1, [W0], [W0]
;Main_SD.c,186 :: 		}
; valor end address is: 4 (W2)
0x0A70	0x37FFEC  	BRA	L_Ejemplo_uso_SD13
L_Ejemplo_uso_SD14:
;Main_SD.c,189 :: 		sector = 2500;  // Sector donde se va a escribir
; sector start address is: 6 (W3)
0x0A72	0x209C43  	MOV	#2500, W3
0x0A74	0x200004  	MOV	#0, W4
;Main_SD.c,190 :: 		checkEscSD = SD_Write_Block(data_to_write,sector);
0x0A76	0x470060  	ADD	W14, #0, W0
0x0A78	0x781F83  	PUSH	W3
0x0A7A	0x781F84  	PUSH	W4
0x0A7C	0x209C4B  	MOV	#2500, W11
0x0A7E	0x20000C  	MOV	#0, W12
0x0A80	0x780500  	MOV	W0, W10
0x0A82	0x07FCEC  	RCALL	_SD_Write_Block
0x0A84	0x78024F  	POP	W4
0x0A86	0x7801CF  	POP	W3
0x0A88	0x210171  	MOV	#lo_addr(_checkEscSD), W1
0x0A8A	0x784880  	MOV.B	W0, [W1]
;Main_SD.c,191 :: 		if (checkEscSD == DATA_ACCEPTED){
0x0A8C	0xE10476  	CP.B	W0, #22
0x0A8E	0x3A0004  	BRA NZ	L_Ejemplo_uso_SD17
L__Ejemplo_uso_SD108:
;Main_SD.c,192 :: 		LED(1,1);
0x0A90	0xB3C01B  	MOV.B	#1, W11
0x0A92	0x20001A  	MOV	#1, W10
0x0A94	0x07FD47  	RCALL	_LED
;Main_SD.c,193 :: 		} else {
0x0A96	0x370002  	BRA	L_Ejemplo_uso_SD18
L_Ejemplo_uso_SD17:
;Main_SD.c,194 :: 		LED_Error(10);
0x0A98	0xB3C0AA  	MOV.B	#10, W10
0x0A9A	0x07FF84  	RCALL	_LED_Error
;Main_SD.c,195 :: 		}
L_Ejemplo_uso_SD18:
;Main_SD.c,198 :: 		checkLecSD = SD_Read_Block(buffer, sector);
0x0A9C	0x202000  	MOV	#512, W0
0x0A9E	0x470000  	ADD	W14, W0, W0
0x0AA0	0x781F83  	PUSH	W3
0x0AA2	0x781F84  	PUSH	W4
0x0AA4	0x780583  	MOV	W3, W11
0x0AA6	0x780604  	MOV	W4, W12
0x0AA8	0x780500  	MOV	W0, W10
0x0AAA	0x07FD6B  	RCALL	_SD_Read_Block
0x0AAC	0x78024F  	POP	W4
0x0AAE	0x7801CF  	POP	W3
0x0AB0	0x210161  	MOV	#lo_addr(_checkLecSD), W1
0x0AB2	0x784880  	MOV.B	W0, [W1]
;Main_SD.c,199 :: 		if (checkLecSD==0) {
0x0AB4	0xE10460  	CP.B	W0, #0
0x0AB6	0x3A0004  	BRA NZ	L_Ejemplo_uso_SD19
L__Ejemplo_uso_SD109:
;Main_SD.c,200 :: 		LED(1,1);
0x0AB8	0xB3C01B  	MOV.B	#1, W11
0x0ABA	0x20001A  	MOV	#1, W10
0x0ABC	0x07FD33  	RCALL	_LED
;Main_SD.c,201 :: 		} else {
0x0ABE	0x370002  	BRA	L_Ejemplo_uso_SD20
L_Ejemplo_uso_SD19:
;Main_SD.c,202 :: 		LED_Error(11);
0x0AC0	0xB3C0BA  	MOV.B	#11, W10
0x0AC2	0x07FF70  	RCALL	_LED_Error
;Main_SD.c,203 :: 		}
L_Ejemplo_uso_SD20:
;Main_SD.c,208 :: 		checkEscSD = SD_Write_Block(buffer,sector+1);
0x0AC4	0x4180E1  	ADD	W3, #1, W1
0x0AC6	0x4A0160  	ADDC	W4, #0, W2
; sector end address is: 6 (W3)
0x0AC8	0x202000  	MOV	#512, W0
0x0ACA	0x470000  	ADD	W14, W0, W0
0x0ACC	0x780581  	MOV	W1, W11
0x0ACE	0x780602  	MOV	W2, W12
0x0AD0	0x780500  	MOV	W0, W10
0x0AD2	0x07FCC4  	RCALL	_SD_Write_Block
0x0AD4	0x210171  	MOV	#lo_addr(_checkEscSD), W1
0x0AD6	0x784880  	MOV.B	W0, [W1]
;Main_SD.c,209 :: 		if (checkEscSD == DATA_ACCEPTED){
0x0AD8	0xE10476  	CP.B	W0, #22
0x0ADA	0x3A0004  	BRA NZ	L_Ejemplo_uso_SD21
L__Ejemplo_uso_SD110:
;Main_SD.c,210 :: 		LED(1,1);
0x0ADC	0xB3C01B  	MOV.B	#1, W11
0x0ADE	0x20001A  	MOV	#1, W10
0x0AE0	0x07FD21  	RCALL	_LED
;Main_SD.c,211 :: 		} else {
0x0AE2	0x370002  	BRA	L_Ejemplo_uso_SD22
L_Ejemplo_uso_SD21:
;Main_SD.c,212 :: 		LED_Error(12);
0x0AE4	0xB3C0CA  	MOV.B	#12, W10
0x0AE6	0x07FF5E  	RCALL	_LED_Error
;Main_SD.c,213 :: 		}
L_Ejemplo_uso_SD22:
;Main_SD.c,215 :: 		}
L_end_Ejemplo_uso_SD:
0x0AE8	0x78064F  	POP	W12
0x0AEA	0x7805CF  	POP	W11
0x0AEC	0x78054F  	POP	W10
0x0AEE	0xFA8000  	ULNK
0x0AF0	0x060000  	RETURN
; end of _Ejemplo_uso_SD
_SD_Write_Block:
;sdcard.c,175 :: 		unsigned char SD_Write_Block(unsigned char *Buffer, unsigned long Address){
;sdcard.c,180 :: 		Select_SD();
0x045C	0x781F8D  	PUSH	W13
0x045E	0x07FF1E  	RCALL	_Select_SD
;sdcard.c,182 :: 		if(ccs == 0x02) Address<<=9;        // Address * 512 for SDSC cards
0x0460	0x210010  	MOV	#lo_addr(_ccs), W0
0x0462	0x784010  	MOV.B	[W0], W0
0x0464	0xE10462  	CP.B	W0, #2
0x0466	0x3A0006  	BRA NZ	L_SD_Write_Block29
L__SD_Write_Block120:
0x0468	0xDD60C9  	SL	W12, #9, W1
0x046A	0xDE5847  	LSR	W11, #7, W0
0x046C	0x700081  	IOR	W0, W1, W1
0x046E	0xDD5849  	SL	W11, #9, W0
0x0470	0x780580  	MOV	W0, W11
0x0472	0x780601  	MOV	W1, W12
L_SD_Write_Block29:
;sdcard.c,183 :: 		if(SD_Ready() == 0) return SD_NOT_READY;
0x0474	0x781F8B  	PUSH	W11
0x0476	0x781F8C  	PUSH	W12
0x0478	0x781F8A  	PUSH	W10
0x047A	0x07FF6E  	RCALL	_SD_Ready
0x047C	0x78054F  	POP	W10
0x047E	0x78064F  	POP	W12
0x0480	0x7805CF  	POP	W11
0x0482	0xE10460  	CP.B	W0, #0
0x0484	0x3A0002  	BRA NZ	L_SD_Write_Block30
L__SD_Write_Block121:
0x0486	0xB3C110  	MOV.B	#17, W0
0x0488	0x37004B  	BRA	L_end_SD_Write_Block
L_SD_Write_Block30:
;sdcard.c,184 :: 		SD_Send_Command(WRITE_BLOCK,Address,0xFF);
0x048A	0x781F8A  	PUSH	W10
0x048C	0xB3CFFD  	MOV.B	#255, W13
0x048E	0xB3C18A  	MOV.B	#24, W10
0x0490	0x07FED5  	RCALL	_SD_Send_Command
;sdcard.c,185 :: 		temp = R1_Response();
0x0492	0x07FECD  	RCALL	_R1_Response
0x0494	0x78054F  	POP	W10
; temp start address is: 2 (W1)
0x0496	0x784080  	MOV.B	W0, W1
;sdcard.c,186 :: 		if(temp != 0x00) return temp;
0x0498	0xE10460  	CP.B	W0, #0
0x049A	0x320002  	BRA Z	L_SD_Write_Block31
L__SD_Write_Block122:
0x049C	0x784001  	MOV.B	W1, W0
; temp end address is: 2 (W1)
0x049E	0x370040  	BRA	L_end_SD_Write_Block
L_SD_Write_Block31:
;sdcard.c,187 :: 		temp = SPISD_Write(0xFE);    // Send Start Block Token;
0x04A0	0x781F8A  	PUSH	W10
0x04A2	0xB3CFEA  	MOV.B	#254, W10
0x04A4	0x07FFA4  	RCALL	_SPISD_Write
0x04A6	0x78054F  	POP	W10
;sdcard.c,188 :: 		for(i = 0; i < 512; i++){
; i start address is: 2 (W1)
0x04A8	0xEF2002  	CLR	W1
; i end address is: 2 (W1)
L_SD_Write_Block32:
; i start address is: 2 (W1)
0x04AA	0x202000  	MOV	#512, W0
0x04AC	0xE10800  	CP	W1, W0
0x04AE	0x31000D  	BRA GEU	L_SD_Write_Block33
L__SD_Write_Block123:
;sdcard.c,189 :: 		temp = SPISD_Write(Buffer[i]);
0x04B0	0x450001  	ADD	W10, W1, W0
0x04B2	0x781F81  	PUSH	W1
0x04B4	0x781F8B  	PUSH	W11
0x04B6	0x781F8C  	PUSH	W12
0x04B8	0x781F8A  	PUSH	W10
0x04BA	0x784510  	MOV.B	[W0], W10
0x04BC	0x07FF98  	RCALL	_SPISD_Write
0x04BE	0x78054F  	POP	W10
0x04C0	0x78064F  	POP	W12
0x04C2	0x7805CF  	POP	W11
0x04C4	0x7800CF  	POP	W1
;sdcard.c,188 :: 		for(i = 0; i < 512; i++){
0x04C6	0xEC2002  	INC	W1
;sdcard.c,190 :: 		}
; i end address is: 2 (W1)
0x04C8	0x37FFF0  	BRA	L_SD_Write_Block32
L_SD_Write_Block33:
;sdcard.c,191 :: 		temp = SPISD_Write(0xFF);        // Send dummy 16bits CRC
0x04CA	0x781F8B  	PUSH	W11
0x04CC	0x781F8C  	PUSH	W12
0x04CE	0x781F8A  	PUSH	W10
0x04D0	0xB3CFFA  	MOV.B	#255, W10
0x04D2	0x07FF8D  	RCALL	_SPISD_Write
;sdcard.c,192 :: 		temp = SPISD_Write(0xFF);
0x04D4	0xB3CFFA  	MOV.B	#255, W10
0x04D6	0x07FF8B  	RCALL	_SPISD_Write
;sdcard.c,193 :: 		temp = SPISD_Write(0xFF); // Read Response token (xxx0:status(3b):1)
0x04D8	0xB3CFFA  	MOV.B	#255, W10
0x04DA	0x07FF89  	RCALL	_SPISD_Write
0x04DC	0x78054F  	POP	W10
0x04DE	0x78064F  	POP	W12
0x04E0	0x7805CF  	POP	W11
;sdcard.c,194 :: 		temp = (temp&0x0E)>>1;
0x04E2	0xFB8000  	ZE	W0, W0
0x04E4	0x60006E  	AND	W0, #14, W0
0x04E6	0xDE8041  	ASR	W0, #1, W0
; temp start address is: 2 (W1)
0x04E8	0x784080  	MOV.B	W0, W1
;sdcard.c,195 :: 		if(SD_Ready() == 0) return SD_NOT_READY;
0x04EA	0x781F81  	PUSH	W1
0x04EC	0x781F8B  	PUSH	W11
0x04EE	0x781F8C  	PUSH	W12
0x04F0	0x781F8A  	PUSH	W10
0x04F2	0x07FF32  	RCALL	_SD_Ready
0x04F4	0x78054F  	POP	W10
0x04F6	0x78064F  	POP	W12
0x04F8	0x7805CF  	POP	W11
0x04FA	0x7800CF  	POP	W1
0x04FC	0xE10460  	CP.B	W0, #0
0x04FE	0x3A0002  	BRA NZ	L_SD_Write_Block35
L__SD_Write_Block124:
; temp end address is: 2 (W1)
0x0500	0xB3C110  	MOV.B	#17, W0
0x0502	0x37000E  	BRA	L_end_SD_Write_Block
L_SD_Write_Block35:
;sdcard.c,198 :: 		Release_SD();
; temp start address is: 2 (W1)
0x0504	0x07FF7E  	RCALL	_Release_SD
;sdcard.c,199 :: 		if(temp == 0x02) return DATA_ACCEPTED;
0x0506	0xE10C62  	CP.B	W1, #2
0x0508	0x3A0002  	BRA NZ	L_SD_Write_Block36
L__SD_Write_Block125:
; temp end address is: 2 (W1)
0x050A	0xB3C160  	MOV.B	#22, W0
0x050C	0x370009  	BRA	L_end_SD_Write_Block
L_SD_Write_Block36:
;sdcard.c,200 :: 		else if(temp == 0x05) return DATA_REJECTED_CRC_ERROR;
; temp start address is: 2 (W1)
0x050E	0xE10C65  	CP.B	W1, #5
0x0510	0x3A0002  	BRA NZ	L_SD_Write_Block38
L__SD_Write_Block126:
; temp end address is: 2 (W1)
0x0512	0xB3C170  	MOV.B	#23, W0
0x0514	0x370005  	BRA	L_end_SD_Write_Block
L_SD_Write_Block38:
;sdcard.c,201 :: 		else if(temp == 0x06) return DATA_REJECTED_WR_ERROR;
; temp start address is: 2 (W1)
0x0516	0xE10C66  	CP.B	W1, #6
0x0518	0x3A0002  	BRA NZ	L_SD_Write_Block40
L__SD_Write_Block127:
; temp end address is: 2 (W1)
0x051A	0xB3C180  	MOV.B	#24, W0
0x051C	0x370001  	BRA	L_end_SD_Write_Block
L_SD_Write_Block40:
;sdcard.c,202 :: 		else return ERROR;
0x051E	0xB3C0A0  	MOV.B	#10, W0
;sdcard.c,203 :: 		}
;sdcard.c,202 :: 		else return ERROR;
;sdcard.c,203 :: 		}
L_end_SD_Write_Block:
0x0520	0x7806CF  	POP	W13
0x0522	0x060000  	RETURN
; end of _SD_Write_Block
_LED:
;Main_SD.c,218 :: 		void LED(int veces, unsigned char tiempo_seg){
;Main_SD.c,223 :: 		TEST_Direction = 0; // Configura RA2 como salida
0x0524	0xA94E00  	BCLR	TRISA2_bit, BitPos(TRISA2_bit+0)
;Main_SD.c,224 :: 		if (tiempo_seg==1){
0x0526	0xE15C61  	CP.B	W11, #1
0x0528	0x3A0014  	BRA NZ	L_LED23
L__LED112:
;Main_SD.c,225 :: 		for (i=0; i<veces; i++){
; i start address is: 0 (W0)
0x052A	0xEF2000  	CLR	W0
; i end address is: 0 (W0)
L_LED24:
; i start address is: 0 (W0)
0x052C	0xE1000A  	CP	W0, W10
0x052E	0x310010  	BRA GEU	L_LED25
L__LED113:
;Main_SD.c,226 :: 		TEST = 1; // Enciende el LED
0x0530	0xA84E04  	BSET	LATA2_bit, BitPos(LATA2_bit+0)
;Main_SD.c,227 :: 		Delay_ms(1000);   // Espera
0x0532	0x2007B8  	MOV	#123, W8
0x0534	0x212497  	MOV	#4681, W7
L_LED27:
0x0536	0xED200E  	DEC	W7
0x0538	0x3AFFFE  	BRA NZ	L_LED27
0x053A	0xED2010  	DEC	W8
0x053C	0x3AFFFC  	BRA NZ	L_LED27
;Main_SD.c,228 :: 		TEST = 0; // Apaga el LED
0x053E	0xA94E04  	BCLR	LATA2_bit, BitPos(LATA2_bit+0)
;Main_SD.c,229 :: 		Delay_ms(1000);   // Espera
0x0540	0x2007B8  	MOV	#123, W8
0x0542	0x212497  	MOV	#4681, W7
L_LED29:
0x0544	0xED200E  	DEC	W7
0x0546	0x3AFFFE  	BRA NZ	L_LED29
0x0548	0xED2010  	DEC	W8
0x054A	0x3AFFFC  	BRA NZ	L_LED29
;Main_SD.c,225 :: 		for (i=0; i<veces; i++){
0x054C	0xEC2000  	INC	W0
;Main_SD.c,230 :: 		}
; i end address is: 0 (W0)
0x054E	0x37FFEE  	BRA	L_LED24
L_LED25:
;Main_SD.c,231 :: 		}else if (tiempo_seg==2){
0x0550	0x370017  	BRA	L_LED31
L_LED23:
0x0552	0xE15C62  	CP.B	W11, #2
0x0554	0x3A0015  	BRA NZ	L_LED32
L__LED114:
;Main_SD.c,232 :: 		for (i=0; i<veces; i++){
; i start address is: 0 (W0)
0x0556	0xEF2000  	CLR	W0
; i end address is: 0 (W0)
L_LED33:
; i start address is: 0 (W0)
0x0558	0xE1000A  	CP	W0, W10
0x055A	0x310012  	BRA GEU	L_LED34
L__LED115:
;Main_SD.c,233 :: 		TEST = 1; // Enciende el LED
0x055C	0xA84E04  	BSET	LATA2_bit, BitPos(LATA2_bit+0)
;Main_SD.c,234 :: 		Delay_ms(2000);   // Espera
0x055E	0x200F58  	MOV	#245, W8
0x0560	0x224927  	MOV	#9362, W7
L_LED36:
0x0562	0xED200E  	DEC	W7
0x0564	0x3AFFFE  	BRA NZ	L_LED36
0x0566	0xED2010  	DEC	W8
0x0568	0x3AFFFC  	BRA NZ	L_LED36
0x056A	0x000000  	NOP
;Main_SD.c,235 :: 		TEST = 0; // Apaga el LED
0x056C	0xA94E04  	BCLR	LATA2_bit, BitPos(LATA2_bit+0)
;Main_SD.c,236 :: 		Delay_ms(2000);   // Espera
0x056E	0x200F58  	MOV	#245, W8
0x0570	0x224927  	MOV	#9362, W7
L_LED38:
0x0572	0xED200E  	DEC	W7
0x0574	0x3AFFFE  	BRA NZ	L_LED38
0x0576	0xED2010  	DEC	W8
0x0578	0x3AFFFC  	BRA NZ	L_LED38
0x057A	0x000000  	NOP
;Main_SD.c,232 :: 		for (i=0; i<veces; i++){
0x057C	0xEC2000  	INC	W0
;Main_SD.c,237 :: 		}
; i end address is: 0 (W0)
0x057E	0x37FFEC  	BRA	L_LED33
L_LED34:
;Main_SD.c,238 :: 		}
L_LED32:
L_LED31:
;Main_SD.c,239 :: 		}
L_end_LED:
0x0580	0x060000  	RETURN
; end of _LED
_SD_Read_Block:
;sdcard.c,150 :: 		unsigned char SD_Read_Block(unsigned char *Buffer, unsigned long Address){
;sdcard.c,152 :: 		Select_SD();
0x0582	0x781F8B  	PUSH	W11
0x0584	0x781F8C  	PUSH	W12
0x0586	0x781F8D  	PUSH	W13
0x0588	0x07FE89  	RCALL	_Select_SD
;sdcard.c,154 :: 		if(ccs == 0x02) Address<<=9;                      // Address * 512 for SDSC cards
0x058A	0x210010  	MOV	#lo_addr(_ccs), W0
0x058C	0x784010  	MOV.B	[W0], W0
0x058E	0xE10462  	CP.B	W0, #2
0x0590	0x3A0006  	BRA NZ	L_SD_Read_Block25
L__SD_Read_Block115:
0x0592	0xDD60C9  	SL	W12, #9, W1
0x0594	0xDE5847  	LSR	W11, #7, W0
0x0596	0x700081  	IOR	W0, W1, W1
0x0598	0xDD5849  	SL	W11, #9, W0
0x059A	0x780580  	MOV	W0, W11
0x059C	0x780601  	MOV	W1, W12
L_SD_Read_Block25:
;sdcard.c,155 :: 		if(SD_Ready() == 0) return SD_NOT_READY;
0x059E	0x781F8B  	PUSH	W11
0x05A0	0x781F8C  	PUSH	W12
0x05A2	0x781F8A  	PUSH	W10
0x05A4	0x07FED9  	RCALL	_SD_Ready
0x05A6	0x78054F  	POP	W10
0x05A8	0x78064F  	POP	W12
0x05AA	0x7805CF  	POP	W11
0x05AC	0xE10460  	CP.B	W0, #0
0x05AE	0x3A0002  	BRA NZ	L_SD_Read_Block26
L__SD_Read_Block116:
0x05B0	0xB3C110  	MOV.B	#17, W0
0x05B2	0x370018  	BRA	L_end_SD_Read_Block
L_SD_Read_Block26:
;sdcard.c,156 :: 		SD_Send_Command(READ_SINGLE_BLOCK,Address,0xFF);
0x05B4	0x781F8A  	PUSH	W10
0x05B6	0xB3CFFD  	MOV.B	#255, W13
0x05B8	0xB3C11A  	MOV.B	#17, W10
0x05BA	0x07FE40  	RCALL	_SD_Send_Command
;sdcard.c,157 :: 		temp = R1_Response();
0x05BC	0x07FE38  	RCALL	_R1_Response
0x05BE	0x78054F  	POP	W10
; temp start address is: 4 (W2)
0x05C0	0x784100  	MOV.B	W0, W2
;sdcard.c,158 :: 		if(temp == 0xFF){LEDcard(10,2);}
0x05C2	0xB3CFF1  	MOV.B	#255, W1
0x05C4	0xE10401  	CP.B	W0, W1
0x05C6	0x3A0005  	BRA NZ	L_SD_Read_Block27
L__SD_Read_Block117:
0x05C8	0x781F8A  	PUSH	W10
0x05CA	0xB3C02B  	MOV.B	#2, W11
0x05CC	0x2000AA  	MOV	#10, W10
0x05CE	0x07FE69  	RCALL	_LEDcard
0x05D0	0x78054F  	POP	W10
L_SD_Read_Block27:
;sdcard.c,159 :: 		if(temp != 0x00) return temp;
0x05D2	0xE11460  	CP.B	W2, #0
0x05D4	0x320002  	BRA Z	L_SD_Read_Block28
L__SD_Read_Block118:
0x05D6	0x784002  	MOV.B	W2, W0
; temp end address is: 4 (W2)
0x05D8	0x370005  	BRA	L_end_SD_Read_Block
L_SD_Read_Block28:
;sdcard.c,160 :: 		temp = SD_Read(Buffer,512);
0x05DA	0x20200B  	MOV	#512, W11
0x05DC	0x07FE8F  	RCALL	_SD_Read
; temp start address is: 2 (W1)
0x05DE	0x784080  	MOV.B	W0, W1
;sdcard.c,162 :: 		Release_SD();
0x05E0	0x07FF10  	RCALL	_Release_SD
;sdcard.c,163 :: 		return temp;
0x05E2	0x784001  	MOV.B	W1, W0
; temp end address is: 2 (W1)
;sdcard.c,164 :: 		}
;sdcard.c,163 :: 		return temp;
;sdcard.c,164 :: 		}
L_end_SD_Read_Block:
0x05E4	0x7806CF  	POP	W13
0x05E6	0x78064F  	POP	W12
0x05E8	0x7805CF  	POP	W11
0x05EA	0x060000  	RETURN
; end of _SD_Read_Block
_LEDcard:
;sdcard.c,100 :: 		void LEDcard(int veces, unsigned char tiempo_seg){
;sdcard.c,102 :: 		TRISAbits.TRISA1 = 0; // Configura RA1 como salida
0x02A2	0xA92E00  	BCLR.B	TRISAbits, #1
;sdcard.c,103 :: 		if (tiempo_seg==1){
0x02A4	0xE15C61  	CP.B	W11, #1
0x02A6	0x3A0014  	BRA NZ	L_LEDcard0
L__LEDcard105:
;sdcard.c,104 :: 		for (i=0; i<veces; i++){
; i start address is: 0 (W0)
0x02A8	0xEF2000  	CLR	W0
; i end address is: 0 (W0)
L_LEDcard1:
; i start address is: 0 (W0)
0x02AA	0xE1000A  	CP	W0, W10
0x02AC	0x310010  	BRA GEU	L_LEDcard2
L__LEDcard106:
;sdcard.c,105 :: 		LATAbits.LATA1 = 1; // Enciende el LED
0x02AE	0xA82E04  	BSET.B	LATAbits, #1
;sdcard.c,106 :: 		Delay_ms(1000);   // Espera
0x02B0	0x2007B8  	MOV	#123, W8
0x02B2	0x212497  	MOV	#4681, W7
L_LEDcard4:
0x02B4	0xED200E  	DEC	W7
0x02B6	0x3AFFFE  	BRA NZ	L_LEDcard4
0x02B8	0xED2010  	DEC	W8
0x02BA	0x3AFFFC  	BRA NZ	L_LEDcard4
;sdcard.c,107 :: 		LATAbits.LATA1 = 0; // Apaga el LED
0x02BC	0xA92E04  	BCLR.B	LATAbits, #1
;sdcard.c,108 :: 		Delay_ms(1000);   // Espera
0x02BE	0x2007B8  	MOV	#123, W8
0x02C0	0x212497  	MOV	#4681, W7
L_LEDcard6:
0x02C2	0xED200E  	DEC	W7
0x02C4	0x3AFFFE  	BRA NZ	L_LEDcard6
0x02C6	0xED2010  	DEC	W8
0x02C8	0x3AFFFC  	BRA NZ	L_LEDcard6
;sdcard.c,104 :: 		for (i=0; i<veces; i++){
0x02CA	0xEC2000  	INC	W0
;sdcard.c,109 :: 		}
; i end address is: 0 (W0)
0x02CC	0x37FFEE  	BRA	L_LEDcard1
L_LEDcard2:
;sdcard.c,110 :: 		}else if (tiempo_seg==2){
0x02CE	0x370015  	BRA	L_LEDcard8
L_LEDcard0:
0x02D0	0xE15C62  	CP.B	W11, #2
0x02D2	0x3A0013  	BRA NZ	L_LEDcard9
L__LEDcard107:
;sdcard.c,111 :: 		for (i=0; i<veces; i++){
; i start address is: 0 (W0)
0x02D4	0xEF2000  	CLR	W0
; i end address is: 0 (W0)
L_LEDcard10:
; i start address is: 0 (W0)
0x02D6	0xE1000A  	CP	W0, W10
0x02D8	0x310010  	BRA GEU	L_LEDcard11
L__LEDcard108:
;sdcard.c,112 :: 		LATAbits.LATA1 = 1; // Enciende el LED
0x02DA	0xA82E04  	BSET.B	LATAbits, #1
;sdcard.c,113 :: 		Delay_ms(350);   // Espera
0x02DC	0x2002B8  	MOV	#43, W8
0x02DE	0x2B9997  	MOV	#47513, W7
L_LEDcard13:
0x02E0	0xED200E  	DEC	W7
0x02E2	0x3AFFFE  	BRA NZ	L_LEDcard13
0x02E4	0xED2010  	DEC	W8
0x02E6	0x3AFFFC  	BRA NZ	L_LEDcard13
;sdcard.c,114 :: 		LATAbits.LATA1 = 0; // Apaga el LED
0x02E8	0xA92E04  	BCLR.B	LATAbits, #1
;sdcard.c,115 :: 		Delay_ms(350);   // Espera
0x02EA	0x2002B8  	MOV	#43, W8
0x02EC	0x2B9997  	MOV	#47513, W7
L_LEDcard15:
0x02EE	0xED200E  	DEC	W7
0x02F0	0x3AFFFE  	BRA NZ	L_LEDcard15
0x02F2	0xED2010  	DEC	W8
0x02F4	0x3AFFFC  	BRA NZ	L_LEDcard15
;sdcard.c,111 :: 		for (i=0; i<veces; i++){
0x02F6	0xEC2000  	INC	W0
;sdcard.c,116 :: 		}
; i end address is: 0 (W0)
0x02F8	0x37FFEE  	BRA	L_LEDcard10
L_LEDcard11:
;sdcard.c,117 :: 		}
L_LEDcard9:
L_LEDcard8:
;sdcard.c,118 :: 		}
L_end_LEDcard:
0x02FA	0x060000  	RETURN
; end of _LEDcard
_SD_Read:
0x02FC	0xFA0002  	LNK	#2
;sdcard.c,124 :: 		unsigned char SD_Read(unsigned char *Buffer, unsigned int nbytes){
;sdcard.c,127 :: 		for(i = 0; i < SD_TIME_OUT; i++){
; i start address is: 4 (W2)
0x02FE	0xEF2004  	CLR	W2
; i end address is: 4 (W2)
L_SD_Read17:
; i start address is: 4 (W2)
0x0300	0x207D00  	MOV	#2000, W0
0x0302	0xE11000  	CP	W2, W0
0x0304	0x310011  	BRA GEU	L_SD_Read18
L__SD_Read110:
;sdcard.c,128 :: 		temp = SPISD_Write(0xFF);
0x0306	0x781F82  	PUSH	W2
0x0308	0xBE9F8A  	PUSH.D	W10
0x030A	0xB3CFFA  	MOV.B	#255, W10
0x030C	0x070070  	RCALL	_SPISD_Write
0x030E	0xBE054F  	POP.D	W10
0x0310	0x78014F  	POP	W2
;sdcard.c,129 :: 		if(temp == 0xFE) break;
0x0312	0xB3CFE1  	MOV.B	#254, W1
0x0314	0xE10401  	CP.B	W0, W1
0x0316	0x3A0001  	BRA NZ	L_SD_Read20
L__SD_Read111:
; i end address is: 4 (W2)
0x0318	0x370007  	BRA	L_SD_Read18
L_SD_Read20:
;sdcard.c,130 :: 		if(i == SD_TIME_OUT-1) return TOKEN_NOT_RECEIVED;
; i start address is: 4 (W2)
0x031A	0x207CF0  	MOV	#1999, W0
0x031C	0xE11000  	CP	W2, W0
0x031E	0x3A0002  	BRA NZ	L_SD_Read21
L__SD_Read112:
; i end address is: 4 (W2)
0x0320	0xB3C150  	MOV.B	#21, W0
0x0322	0x370018  	BRA	L_end_SD_Read
L_SD_Read21:
;sdcard.c,127 :: 		for(i = 0; i < SD_TIME_OUT; i++){
; i start address is: 4 (W2)
0x0324	0xEC2004  	INC	W2
;sdcard.c,132 :: 		}
; i end address is: 4 (W2)
0x0326	0x37FFEC  	BRA	L_SD_Read17
L_SD_Read18:
;sdcard.c,133 :: 		for(i = 0; i < nbytes; i++){
; i start address is: 4 (W2)
0x0328	0xEF2004  	CLR	W2
; i end address is: 4 (W2)
L_SD_Read22:
; i start address is: 4 (W2)
0x032A	0xE1100B  	CP	W2, W11
0x032C	0x31000C  	BRA GEU	L_SD_Read23
L__SD_Read113:
;sdcard.c,134 :: 		Buffer[i] = SPISD_Write(0xFF);
0x032E	0x450002  	ADD	W10, W2, W0
0x0330	0x980700  	MOV	W0, [W14+0]
0x0332	0x781F82  	PUSH	W2
0x0334	0xBE9F8A  	PUSH.D	W10
0x0336	0xB3CFFA  	MOV.B	#255, W10
0x0338	0x07005A  	RCALL	_SPISD_Write
0x033A	0xBE054F  	POP.D	W10
0x033C	0x78014F  	POP	W2
0x033E	0x90008E  	MOV	[W14+0], W1
0x0340	0x784880  	MOV.B	W0, [W1]
;sdcard.c,133 :: 		for(i = 0; i < nbytes; i++){
0x0342	0xEC2004  	INC	W2
;sdcard.c,135 :: 		}
; i end address is: 4 (W2)
0x0344	0x37FFF2  	BRA	L_SD_Read22
L_SD_Read23:
;sdcard.c,136 :: 		temp = SPISD_Write(0xFF);     // Read 16bits of CRC
0x0346	0xBE9F8A  	PUSH.D	W10
0x0348	0xB3CFFA  	MOV.B	#255, W10
0x034A	0x070051  	RCALL	_SPISD_Write
;sdcard.c,137 :: 		temp = SPISD_Write(0xFF);     //
0x034C	0xB3CFFA  	MOV.B	#255, W10
0x034E	0x07004F  	RCALL	_SPISD_Write
0x0350	0xBE054F  	POP.D	W10
;sdcard.c,138 :: 		return 0x00;                  // Successful read
0x0352	0xEF2000  	CLR	W0
;sdcard.c,139 :: 		}
L_end_SD_Read:
0x0354	0xFA8000  	ULNK
0x0356	0x060000  	RETURN
; end of _SD_Read
___FillZerosFar:
0x08D6	0xFA0004  	LNK	#4
;__Lib_System.c,59 :: 		
0x08D8	0x98070A  	MOV	W10, [W14+0]
0x08DA	0x98071B  	MOV	W11, [W14+2]
;__Lib_System.c,63 :: 		
0x08DC	0x560061  	SUB	W12, #1, W0
0x08DE	0x780180  	MOV	W0, W3
0x08E0	0xDE9A4F  	ASR	W3, #15, W4
0x08E2	0x470160  	ADD	W14, #0, W2
0x08E4	0x418032  	ADD	W3, [W2++], W0
0x08E6	0x4A00A2  	ADDC	W4, [W2--], W1
0x08E8	0xAEE001  	BTSS	W0, #15
0x08EA	0x37001E  	BRA	L___FillZerosFar6
;__Lib_System.c,66 :: 		
0x08EC	0x470160  	ADD	W14, #0, W2
0x08EE	0xA60012  	BTSS	[W2], #0
0x08F0	0x370009  	BRA	L___FillZerosFar7
;__Lib_System.c,68 :: 		
0x08F2	0x90008E  	MOV	[W14+0], W1
0x08F4	0xEF2000  	CLR	W0
0x08F6	0x784880  	MOV.B	W0, [W1]
;__Lib_System.c,69 :: 		
0x08F8	0x200011  	MOV	#1, W1
0x08FA	0x200002  	MOV	#0, W2
0x08FC	0x470060  	ADD	W14, #0, W0
0x08FE	0x409810  	ADD	W1, [W0], [W0++]
0x0900	0x491010  	ADDC	W2, [W0], [W0--]
;__Lib_System.c,70 :: 		
0x0902	0x370007  	BRA	L___FillZerosFar8
L___FillZerosFar7:
;__Lib_System.c,72 :: 		
0x0904	0x5601E1  	SUB	W12, #1, W3
0x0906	0x5E8260  	SUBB	W13, #0, W4
0x0908	0x470060  	ADD	W14, #0, W0
0x090A	0x4180B0  	ADD	W3, [W0++], W1
0x090C	0x4A0120  	ADDC	W4, [W0--], W2
0x090E	0xEF2000  	CLR	W0
0x0910	0x784880  	MOV.B	W0, [W1]
L___FillZerosFar8:
;__Lib_System.c,75 :: 		
0x0912	0xE16061  	CP	W12, #1
0x0914	0xE1E860  	CPB	W13, #0
0x0916	0x360007  	BRA LEU	L___FillZerosFar9
L____FillZerosFar51:
;__Lib_System.c,76 :: 		
0x0918	0xD1008D  	LSR	W13, W1
0x091A	0xD3800C  	RRC	W12, W0
0x091C	0x500261  	SUB	W0, #1, W4
;__Lib_System.c,77 :: 		
0x091E	0x90028E  	MOV	[W14+0], W5
;__Lib_System.c,79 :: 		
0x0920	0x200006  	MOV	#0, W6
;__Lib_System.c,80 :: 		
0x0922	0x098004  	REPEAT	W4
;__Lib_System.c,81 :: 		
0x0924	0x781A86  	MOV	W6, [W5++]
;__Lib_System.c,83 :: 		
L___FillZerosFar9:
;__Lib_System.c,84 :: 		
0x0926	0x37001E  	BRA	L_end___FillZerosFar
;__Lib_System.c,85 :: 		
L___FillZerosFar6:
;__Lib_System.c,89 :: 		
L___FillZerosFar10:
0x0928	0x76800C  	IOR	W13, W12, W0
0x092A	0x32001C  	BRA Z	L___FillZerosFar11
L____FillZerosFar52:
;__Lib_System.c,90 :: 		
0x092C	0x90008E  	MOV	[W14+0], W1
0x092E	0xEF2000  	CLR	W0
0x0930	0x784880  	MOV.B	W0, [W1]
;__Lib_System.c,91 :: 		
0x0932	0x90008E  	MOV	[W14+0], W1
0x0934	0x27FFF0  	MOV	#32767, W0
0x0936	0x608080  	AND	W1, W0, W1
0x0938	0x27FFF0  	MOV	#32767, W0
0x093A	0xE10800  	CP	W1, W0
0x093C	0x3A000A  	BRA NZ	L___FillZerosFar12
L____FillZerosFar53:
;__Lib_System.c,92 :: 		
0x093E	0x470060  	ADD	W14, #0, W0
0x0940	0xBE9F8C  	PUSH.D	W12
0x0942	0xBE9F8A  	PUSH.D	W10
0x0944	0x20001B  	MOV	#1, W11
0x0946	0x20000C  	MOV	#0, W12
0x0948	0x780500  	MOV	W0, W10
0x094A	0x07FE50  	RCALL	___AddToFarPointer
0x094C	0xBE054F  	POP.D	W10
0x094E	0xBE064F  	POP.D	W12
0x0950	0x370005  	BRA	L___FillZerosFar13
L___FillZerosFar12:
;__Lib_System.c,94 :: 		
0x0952	0x200011  	MOV	#1, W1
0x0954	0x200002  	MOV	#0, W2
0x0956	0x470060  	ADD	W14, #0, W0
0x0958	0x409810  	ADD	W1, [W0], [W0++]
0x095A	0x491010  	ADDC	W2, [W0], [W0--]
L___FillZerosFar13:
;__Lib_System.c,95 :: 		
0x095C	0x560061  	SUB	W12, #1, W0
0x095E	0x5E80E0  	SUBB	W13, #0, W1
0x0960	0xBE0600  	MOV.D	W0, W12
;__Lib_System.c,96 :: 		
0x0962	0x37FFE2  	BRA	L___FillZerosFar10
L___FillZerosFar11:
;__Lib_System.c,99 :: 		
L_end___FillZerosFar:
0x0964	0xFA8000  	ULNK
0x0966	0x060000  	RETURN
; end of ___FillZerosFar
___AddToFarPointer:
0x05EC	0xFA0000  	LNK	#0
;__Lib_System.c,30 :: 		
;__Lib_System.c,35 :: 		
0x05EE	0x280000  	MOV	#32768, W0
0x05F0	0x200001  	MOV	#0, W1
0x05F2	0xE15800  	CP	W11, W0
0x05F4	0xE1E001  	CPB	W12, W1
0x05F6	0x310007  	BRA GEU	L___AddToFarPointer2
L____AddToFarPointer49:
;__Lib_System.c,36 :: 		
0x05F8	0x45803A  	ADD	W11, [W10++], W0
0x05FA	0x4E00AA  	ADDC	W12, [W10--], W1
; tmpD start address is: 4 (W2)
0x05FC	0xBE0100  	MOV.D	W0, W2
;__Lib_System.c,37 :: 		
0x05FE	0xAEE001  	BTSS	W0, #15
0x0600	0x370002  	BRA	L___AddToFarPointer3
;__Lib_System.c,38 :: 		
0x0602	0xBE8D02  	MOV.D	W2, [W10]
; tmpD end address is: 4 (W2)
;__Lib_System.c,39 :: 		
0x0604	0x37001B  	BRA	L_end___AddToFarPointer
;__Lib_System.c,40 :: 		
L___AddToFarPointer3:
;__Lib_System.c,41 :: 		
L___AddToFarPointer2:
;__Lib_System.c,43 :: 		
; cPtr start address is: 4 (W2)
0x0606	0x78010A  	MOV	W10, W2
;__Lib_System.c,45 :: 		
0x0608	0x450062  	ADD	W10, #2, W0
0x060A	0x784010  	MOV.B	[W0], W0
0x060C	0xAF0000  	BTSC.B	W0, #0
0x060E	0x370002  	BRA	L___AddToFarPointer4
;__Lib_System.c,46 :: 		
0x0610	0x410061  	ADD	W2, #1, W0
0x0612	0xA17410  	BCLR.B	[W0], #7
L___AddToFarPointer4:
;__Lib_System.c,49 :: 		
0x0614	0x4100E2  	ADD	W2, #2, W1
0x0616	0x784011  	MOV.B	[W1], W0
0x0618	0xFB8000  	ZE	W0, W0
0x061A	0xDE0041  	LSR	W0, #1, W0
0x061C	0x784880  	MOV.B	W0, [W1]
;__Lib_System.c,50 :: 		
0x061E	0x459912  	ADD	W11, [W2], [W2++]
0x0620	0x4E1112  	ADDC	W12, [W2], [W2--]
;__Lib_System.c,52 :: 		
0x0622	0x4100E2  	ADD	W2, #2, W1
0x0624	0x784011  	MOV.B	[W1], W0
0x0626	0xFB8000  	ZE	W0, W0
0x0628	0xDD0041  	SL	W0, #1, W0
0x062A	0x784880  	MOV.B	W0, [W1]
;__Lib_System.c,53 :: 		
0x062C	0x410061  	ADD	W2, #1, W0
0x062E	0x784010  	MOV.B	[W0], W0
0x0630	0xAEE000  	BTSS.B	W0, #7
0x0632	0x370002  	BRA	L___AddToFarPointer5
;__Lib_System.c,54 :: 		
0x0634	0x410062  	ADD	W2, #2, W0
0x0636	0xA00410  	BSET.B	[W0], #0
L___AddToFarPointer5:
;__Lib_System.c,55 :: 		
0x0638	0x410061  	ADD	W2, #1, W0
; cPtr end address is: 4 (W2)
0x063A	0xA07410  	BSET.B	[W0], #7
;__Lib_System.c,57 :: 		
L_end___AddToFarPointer:
0x063C	0xFA8000  	ULNK
0x063E	0x060000  	RETURN
; end of ___AddToFarPointer
0x0BF8	0x21000A  	MOV	#4096, W10
0x0BFA	0x20000B  	MOV	#0, W11
0x0BFC	0x09001C  	REPEAT	#28
0x0BFE	0x781D0B  	MOV	W11, [W10++]
0x0C00	0x060000  	RETURN
Symbol List:
//** Routines locations **
//ADDRESS    SIZE    PROCEDURE
//----------------------------------------------
0x0200      [46]    _SPI1_Init_Advanced
0x022E      [14]    _R1_Response
0x023C      [96]    _SD_Send_Command
0x029C       [6]    _Select_SD
0x02A2      [90]    _LEDcard
0x02FC      [92]    _SD_Read
0x0358      [52]    _SD_Ready
0x038C      [98]    _Response_32b
0x03EE      [20]    _SPISD_Write
0x0402       [6]    _Release_SD
0x0408      [84]    _SPISD_Init
0x045C     [200]    _SD_Write_Block
0x0524      [94]    _LED
0x0582     [106]    _SD_Read_Block
0x05EC      [84]    ___AddToFarPointer
0x0640     [608]    _SD_Init
0x08A0      [54]    _ConfigurarPPS_SPI1
0x08D6     [146]    ___FillZerosFar
0x0968      [60]    _ConfiguracionPrincipal
0x09A4      [90]    _LED_Error
0x09FE      [62]    _SD_Init_Try
0x0A3C     [182]    _Ejemplo_uso_SD
0x0AF2     [262]    _main
//** Variables locations ** 
//ADDRESS    SIZE    VARIABLE
//----------------------------------------------
0x0E00       [0]    sd_detect_tris
0x0E10       [0]    sd_CS_tris
0x0E1E       [2]    ANSELB
0x0684       [2]    RPOR2
0x0742       [2]    OSCCON
0x0E00       [0]    TRISA4_bit
0x1000       [1]    _sdflags
0x1002       [4]    _PSE
0x1006       [4]    _infoUltimoSector
0x0E0E       [2]    ANSELA
0x0220       [2]    U1MODE
0x0822       [0]    INT1IE_bit
0x0240       [2]    SPI1STAT
0x0240       [2]    SPI1STATbits
0x0248       [2]    SPI1BUF
0x100A       [2]    _SPI_Wr_Ptr
0x100C       [2]    _SPI_Rd_Ptr
0x0242       [2]    SPI1CON
0x0E00       [1]    TRISAbits
0x0E10       [2]    TRISBbits
0x0686       [2]    RPOR3
0x0E14       [0]    sd_CS_lat
0x1001       [1]    _ccs
0x0E04       [1]    LATAbits
0x100E       [4]    _infoPrimerSector
0x0E04       [0]    TEST
0x0E00       [0]    TRISA2_bit
0x0E00       [0]    TEST_Direction
0x1012       [2]    _x
0x1014       [2]    _j
0x0E04       [0]    LATA2_bit
0x0E04       [0]    LATA4_bit
0x0E14       [0]    LATB0_bit
0x0E10       [0]    TRISB0_bit
0x1016       [1]    _checkLecSD
0x1017       [1]    _checkEscSD
0x1018       [2]    _i
0x0E14       [0]    LATB12_bit
0x0E14       [0]    MSRS485
0x101A       [4]    _sectorLec
0x101E       [4]    _USF
0x1022       [4]    _PSF
0x1026       [1]    _banInsSec
0x1028       [4]    _horaSistema
0x1027       [1]    _inicioSistema
0x102C       [2]    _y
0x102E       [4]    _sectorSD
0x1032       [4]    _PSEC
0x1036       [4]    _fechaSistema
0x0014       [2]    FARG_SPI1_Init_Advanced_master_mode
0x0016       [2]    FARG_SPI1_Init_Advanced_mode16
0x0018       [2]    FARG_SPI1_Init_Advanced_sec_prescaler
0x001A       [2]    FARG_SPI1_Init_Advanced_pri_prescaler
0x0220       [2]    U1MODE
0x0014       [1]    FARG_SD_Send_Command_command
0x0016       [4]    FARG_SD_Send_Command_argument
0x001A       [1]    FARG_SD_Send_Command_crc
0x0240       [2]    SPI1STAT
0x0242       [2]    SPI1CON
0x0248       [2]    SPI1BUF
0x0014       [2]    FARG_LEDcard_veces
0x0016       [1]    FARG_LEDcard_tiempo_seg
0x0014       [2]    FARG_SD_Read_Buffer
0x0016       [2]    FARG_SD_Read_nbytes
0x0014       [1]    FARG_SPISD_Write_datos
0x0014       [1]    FARG_SPISD_Init_speed
0x0014       [2]    FARG_SD_Write_Block_Buffer
0x0016       [4]    FARG_SD_Write_Block_Address
0x0014       [2]    FARG_LED_veces
0x0016       [1]    FARG_LED_tiempo_seg
0x0014       [2]    FARG_SD_Read_Block_Buffer
0x0016       [4]    FARG_SD_Read_Block_Address
0x0014       [2]    FARG___AddToFarPointer_ptr
0x0016       [4]    FARG___AddToFarPointer_increment
0x0684       [2]    RPOR2
0x0686       [2]    RPOR3
0x0742       [2]    OSCCON
0x0014       [4]    FARG___FillZerosFar_dest
0x0018       [4]    FARG___FillZerosFar_sizeinbytes
0x0014       [1]    FARG_LED_Error_codigo
0x0014       [1]    FARG_SD_Init_Try_try_value
0x0E0E       [2]    ANSELA
0x0E1E       [2]    ANSELB
