;  LST file generated by mikroListExporter - v.2.0 
; Date/Time: 25/8/2026 10:49:34
;----------------------------------------------

;Address Opcode 	ASM
0x0000	0x000000040808  	GOTO	_main
0x0004	0x000000  	0
0x0006	0x000000  	0
0x0008	0x000000  	0
0x000A	0x000000  	0
0x000C	0x000000  	0
0x000E	0x000000  	0
0x0010	0x000000  	0
0x0012	0x000000  	0
0x0014	0x000000  	0
0x0016	0x000000  	0
0x0018	0x000000  	0
0x001A	0x000000  	0
0x001C	0x000000  	0
0x001E	0x000000  	0
0x0020	0x000000  	0
0x0022	0x000762  	1890
0x0024	0x0007C8  	1992
0x0026	0x000000  	0
0x0028	0x0009E0  	2528
0x002A	0x000000  	0
0x002C	0x000000  	0
0x002E	0x000000  	0
0x0030	0x000000  	0
0x0032	0x000000  	0
0x0034	0x000000  	0
0x0036	0x000000  	0
0x0038	0x000000  	0
0x003A	0x000000  	0
0x003C	0x000000  	0
0x003E	0x000000  	0
0x0040	0x000000  	0
0x0042	0x000000  	0
0x0044	0x000000  	0
0x0046	0x000000  	0
0x0048	0x000000  	0
0x004A	0x000000  	0
0x004C	0x000000  	0
0x004E	0x000000  	0
0x0050	0x0008A6  	2214
0x0052	0x000000  	0
0x0054	0x000000  	0
0x0056	0x000000  	0
0x0058	0x000000  	0
0x005A	0x000000  	0
0x005C	0x000000  	0
0x005E	0x000000  	0
0x0060	0x000000  	0
0x0062	0x000000  	0
0x0064	0x000000  	0
0x0066	0x000000  	0
0x0068	0x000000  	0
0x006A	0x000000  	0
0x006C	0x000000  	0
0x006E	0x000000  	0
0x0070	0x000000  	0
0x0072	0x000000  	0
0x0074	0x000000  	0
0x0076	0x000000  	0
0x0078	0x000000  	0
0x007A	0x000000  	0
0x007C	0x000000  	0
0x007E	0x000000  	0
0x0080	0x000000  	0
0x0082	0x000000  	0
0x0084	0x000000  	0
0x0086	0x000000  	0
0x0088	0x000000  	0
0x008A	0x000000  	0
0x008C	0x000000  	0
0x008E	0x000000  	0
0x0090	0x000000  	0
0x0092	0x000000  	0
0x0094	0x000000  	0
0x0096	0x000000  	0
0x0098	0x000000  	0
0x009A	0x000000  	0
0x009C	0x000000  	0
0x009E	0x000000  	0
0x00A0	0x000000  	0
0x00A2	0x000000  	0
0x00A4	0x000000  	0
0x00A6	0x000000  	0
0x00A8	0x000000  	0
0x00AA	0x000000  	0
0x00AC	0x000000  	0
0x00AE	0x000000  	0
0x00B0	0x000000  	0
0x00B2	0x000000  	0
0x00B4	0x000000  	0
0x00B6	0x000000  	0
0x00B8	0x000000  	0
0x00BA	0x000000  	0
0x00BC	0x000000  	0
0x00BE	0x000000  	0
0x00C0	0x000000  	0
0x00C2	0x000000  	0
0x00C4	0x000000  	0
0x00C6	0x000000  	0
0x00C8	0x000000  	0
0x00CA	0x000000  	0
0x00CC	0x000000  	0
0x00CE	0x000000  	0
0x00D0	0x000000  	0
0x00D2	0x000000  	0
0x00D4	0x000000  	0
0x00D6	0x000000  	0
0x00D8	0x000000  	0
0x00DA	0x000000  	0
0x00DC	0x000000  	0
0x00DE	0x000000  	0
0x00E0	0x000000  	0
0x00E2	0x000000  	0
0x00E4	0x000000  	0
0x00E6	0x000000  	0
0x00E8	0x000000  	0
0x00EA	0x000000  	0
0x00EC	0x000000  	0
0x00EE	0x000000  	0
0x00F0	0x000000  	0
0x00F2	0x000000  	0
0x00F4	0x000000  	0
0x00F6	0x000000  	0
0x00F8	0x000000  	0
0x00FA	0x000000  	0
0x00FC	0x000000  	0
0x00FE	0x000000  	0
0x0100	0x000000  	0
0x0102	0x000000  	0
0x0104	0x000000  	0
0x0106	0x000000  	0
0x0108	0x000000  	0
0x010A	0x000000  	0
0x010C	0x000000  	0
0x010E	0x000000  	0
0x0110	0x000000  	0
0x0112	0x000000  	0
0x0114	0x000000  	0
0x0116	0x000000  	0
0x0118	0x000000  	0
0x011A	0x000000  	0
0x011C	0x000000  	0
0x011E	0x000000  	0
0x0120	0x000000  	0
0x0122	0x000000  	0
0x0124	0x000000  	0
0x0126	0x000000  	0
0x0128	0x000000  	0
0x012A	0x000000  	0
0x012C	0x000000  	0
0x012E	0x000000  	0
0x0130	0x000000  	0
0x0132	0x000000  	0
0x0134	0x000000  	0
0x0136	0x000000  	0
0x0138	0x000000  	0
0x013A	0x000000  	0
0x013C	0x000000  	0
0x013E	0x000000  	0
0x0140	0x000000  	0
0x0142	0x000000  	0
0x0144	0x000000  	0
0x0146	0x000000  	0
0x0148	0x000000  	0
0x014A	0x000000  	0
0x014C	0x000000  	0
0x014E	0x000000  	0
0x0150	0x000000  	0
0x0152	0x000000  	0
0x0154	0x000000  	0
0x0156	0x000000  	0
0x0158	0x000000  	0
0x015A	0x000000  	0
0x015C	0x000000  	0
0x015E	0x000000  	0
0x0160	0x000000  	0
0x0162	0x000000  	0
0x0164	0x000000  	0
0x0166	0x000000  	0
0x0168	0x000000  	0
0x016A	0x000000  	0
0x016C	0x000000  	0
0x016E	0x000000  	0
0x0170	0x000000  	0
0x0172	0x000000  	0
0x0174	0x000000  	0
0x0176	0x000000  	0
0x0178	0x000000  	0
0x017A	0x000000  	0
0x017C	0x000000  	0
0x017E	0x000000  	0
0x0180	0x000000  	0
0x0182	0x000000  	0
0x0184	0x000000  	0
0x0186	0x000000  	0
0x0188	0x000000  	0
0x018A	0x000000  	0
0x018C	0x000000  	0
0x018E	0x000000  	0
0x0190	0x000000  	0
0x0192	0x000000  	0
0x0194	0x000000  	0
0x0196	0x000000  	0
0x0198	0x000000  	0
0x019A	0x000000  	0
0x019C	0x000000  	0
0x019E	0x000000  	0
0x01A0	0x000000  	0
0x01A2	0x000000  	0
0x01A4	0x000000  	0
0x01A6	0x000000  	0
0x01A8	0x000000  	0
0x01AA	0x000000  	0
0x01AC	0x000000  	0
0x01AE	0x000000  	0
0x01B0	0x000000  	0
0x01B2	0x000000  	0
0x01B4	0x000000  	0
0x01B6	0x000000  	0
0x01B8	0x000000  	0
0x01BA	0x000000  	0
0x01BC	0x000000  	0
0x01BE	0x000000  	0
0x01C0	0x000000  	0
0x01C2	0x000000  	0
0x01C4	0x000000  	0
0x01C6	0x000000  	0
0x01C8	0x000000  	0
0x01CA	0x000000  	0
0x01CC	0x000000  	0
0x01CE	0x000000  	0
0x01D0	0x000000  	0
0x01D2	0x000000  	0
0x01D4	0x000000  	0
0x01D6	0x000000  	0
0x01D8	0x000000  	0
0x01DA	0x000000  	0
0x01DC	0x000000  	0
0x01DE	0x000000  	0
0x01E0	0x000000  	0
0x01E2	0x000000  	0
0x01E4	0x000000  	0
0x01E6	0x000000  	0
0x01E8	0x000000  	0
0x01EA	0x000000  	0
0x01EC	0x000000  	0
0x01EE	0x000000  	0
0x01F0	0x000000  	0
0x01F2	0x000000  	0
0x01F4	0x000000  	0
0x01F6	0x000000  	0
0x01F8	0x000000  	0
0x01FA	0x000000  	0
0x01FC	0x000000  	0
0x01FE	0x000000  	0
_main:
0x0808	0x21A80F  	MOV	#6784, W15
0x080A	0x27FFF0  	MOV	#32767, W0
0x080C	0xB7A020  	MOV	WREG, SPLIM
0x080E	0x202010  	MOV	#513, W0
0x0810	0xB7A032  	MOV	WREG, DSRPAG
0x0812	0x200040  	MOV	#4, W0
0x0814	0xB72044  	IOR	CORCON
0x0816	0x000000020D76  	CALL	3446
0x081A	0x000000020D80  	CALL	3456
;Concentrador.c,97 :: 		void main() {
;Concentrador.c,99 :: 		ConfiguracionPrincipal();
0x081E	0x07FE9E  	RCALL	_ConfiguracionPrincipal
;Concentrador.c,102 :: 		i = 0; j = 0; x = 0;
0x0820	0xEF2000  	CLR	W0
0x0822	0x88D3B0  	MOV	W0, _i
0x0824	0xEF2000  	CLR	W0
0x0826	0x88D3C0  	MOV	W0, _j
0x0828	0xEF2000  	CLR	W0
0x082A	0x88D3A0  	MOV	W0, _x
;Concentrador.c,105 :: 		banSPI0 = 0; banSPI1 = 0; banSPI2 = 0; banSPI7 = 0; banSPI8 = 0; banSPIA = 0;
0x082C	0x21A721  	MOV	#lo_addr(_banSPI0), W1
0x082E	0xEF2000  	CLR	W0
0x0830	0x784880  	MOV.B	W0, [W1]
0x0832	0x21A731  	MOV	#lo_addr(_banSPI1), W1
0x0834	0xEF2000  	CLR	W0
0x0836	0x784880  	MOV.B	W0, [W1]
0x0838	0x21A7A1  	MOV	#lo_addr(_banSPI2), W1
0x083A	0xEF2000  	CLR	W0
0x083C	0x784880  	MOV.B	W0, [W1]
0x083E	0x21A7E1  	MOV	#lo_addr(_banSPI7), W1
0x0840	0xEF2000  	CLR	W0
0x0842	0x784880  	MOV.B	W0, [W1]
0x0844	0x21A7F1  	MOV	#lo_addr(_banSPI8), W1
0x0846	0xEF2000  	CLR	W0
0x0848	0x784880  	MOV.B	W0, [W1]
0x084A	0x21A7D1  	MOV	#lo_addr(_banSPIA), W1
0x084C	0xEF2000  	CLR	W0
0x084E	0x784880  	MOV.B	W0, [W1]
;Concentrador.c,106 :: 		banRespuestaPi = 0;
0x0850	0x21A7B1  	MOV	#lo_addr(_banRespuestaPi), W1
0x0852	0xEF2000  	CLR	W0
0x0854	0x784880  	MOV.B	W0, [W1]
;Concentrador.c,109 :: 		banRSI = 0;
0x0856	0x21A7C1  	MOV	#lo_addr(_banRSI), W1
0x0858	0xEF2000  	CLR	W0
0x085A	0x784880  	MOV.B	W0, [W1]
;Concentrador.c,110 :: 		banRSC = 0;
0x085C	0x210371  	MOV	#lo_addr(_banRSC), W1
0x085E	0xEF2000  	CLR	W0
0x0860	0x784880  	MOV.B	W0, [W1]
;Concentrador.c,111 :: 		byteRS485 = 0;
0x0862	0x2100C1  	MOV	#lo_addr(_byteRS485), W1
0x0864	0xEF2000  	CLR	W0
0x0866	0x784880  	MOV.B	W0, [W1]
;Concentrador.c,112 :: 		i_rs485 = 0;
0x0868	0xEF2000  	CLR	W0
0x086A	0x888070  	MOV	W0, _i_rs485
;Concentrador.c,113 :: 		funcionRS485 = 0;
0x086C	0x210091  	MOV	#lo_addr(_funcionRS485), W1
0x086E	0xEF2000  	CLR	W0
0x0870	0x784880  	MOV.B	W0, [W1]
;Concentrador.c,114 :: 		subFuncionRS485 = 0;
0x0872	0x210081  	MOV	#lo_addr(_subFuncionRS485), W1
0x0874	0xEF2000  	CLR	W0
0x0876	0x784880  	MOV.B	W0, [W1]
;Concentrador.c,115 :: 		numDatosRS485 = 0;
0x0878	0xEF2000  	CLR	W0
0x087A	0x888050  	MOV	W0, _numDatosRS485
;Concentrador.c,116 :: 		ptrnumDatosRS485 = (unsigned char *) &numDatosRS485;
0x087C	0x2100A0  	MOV	#lo_addr(_numDatosRS485), W0
0x087E	0x888080  	MOV	W0, _ptrnumDatosRS485
;Concentrador.c,119 :: 		banInicioMuestreo = 0;
0x0880	0x2100D1  	MOV	#lo_addr(_banInicioMuestreo), W1
0x0882	0xEF2000  	CLR	W0
0x0884	0x784880  	MOV.B	W0, [W1]
;Concentrador.c,122 :: 		RP1 = 0;
0x0886	0xA98E04  	BCLR	LATA4_bit, BitPos(LATA4_bit+0)
;Concentrador.c,123 :: 		INT_SINC = 1;                                                              //D5: enciende el testigo de sincronismo (opcional)
0x0888	0xA82E04  	BSET	LATA1_bit, BitPos(LATA1_bit+0)
;Concentrador.c,124 :: 		INT_SINC_1 = 0;                                                            //Linea de sync en reposo
0x088A	0xA90E04  	BCLR	LATA0_bit, BitPos(LATA0_bit+0)
;Concentrador.c,125 :: 		INT_SINC_2 = 0;                                                            //D2: indicador de trafico RS485, apagado al inicio
0x088C	0xA96E04  	BCLR	LATA3_bit, BitPos(LATA3_bit+0)
;Concentrador.c,127 :: 		MSRS485 = 0;                                                               //MAX485 #1 en modo lectura
0x088E	0xA96E15  	BCLR	LATB11_bit, BitPos(LATB11_bit+0)
;Concentrador.c,129 :: 		SPI1BUF = 0x00;
0x0890	0xEF2248  	CLR	SPI1BUF
;Concentrador.c,131 :: 		T3CON.TON = 1;                                                             //Arranca el generador de pulso de sincronizacion
0x0892	0xA8E113  	BSET	T3CON, #15
;Concentrador.c,133 :: 		while(1){
L_main15:
;Concentrador.c,134 :: 		asm CLRWDT;
0x0894	0xFE6000  	CLRWDT
;Concentrador.c,135 :: 		Delay_ms(100);
0x0896	0x2000D8  	MOV	#13, W8
0x0898	0x235077  	MOV	#13575, W7
L_main17:
0x089A	0xED200E  	DEC	W7
0x089C	0x3AFFFE  	BRA NZ	L_main17
0x089E	0xED2010  	DEC	W8
0x08A0	0x3AFFFC  	BRA NZ	L_main17
;Concentrador.c,136 :: 		}
0x08A2	0x37FFF8  	BRA	L_main15
;Concentrador.c,138 :: 		}
L_end_main:
L__main_end_loop:
0x08A4	0x37FFFF  	BRA	L__main_end_loop
; end of _main
_ConfiguracionPrincipal:
;Concentrador.c,146 :: 		void ConfiguracionPrincipal(){
;Concentrador.c,149 :: 		CLKDIVbits.FRCDIV = 0;
0x055C	0x781F8A  	PUSH	W10
0x055E	0x781F8B  	PUSH	W11
0x0560	0x781F8C  	PUSH	W12
0x0562	0x781F8D  	PUSH	W13
0x0564	0x803A21  	MOV	CLKDIVbits, W1
0x0566	0x2F8FF0  	MOV	#63743, W0
0x0568	0x608000  	AND	W1, W0, W0
0x056A	0xB7A744  	MOV	WREG, CLKDIVbits
;Concentrador.c,150 :: 		CLKDIVbits.PLLPOST = 0;
0x056C	0x207440  	MOV	#lo_addr(CLKDIVbits), W0
0x056E	0x784090  	MOV.B	[W0], W1
0x0570	0xB3C3F0  	MOV.B	#63, W0
0x0572	0x60C080  	AND.B	W1, W0, W1
0x0574	0x207440  	MOV	#lo_addr(CLKDIVbits), W0
0x0576	0x784801  	MOV.B	W1, [W0]
;Concentrador.c,151 :: 		CLKDIVbits.PLLPRE = 5;
0x0578	0xB3C050  	MOV.B	#5, W0
0x057A	0x784080  	MOV.B	W0, W1
0x057C	0x207440  	MOV	#lo_addr(CLKDIVbits), W0
0x057E	0x68C090  	XOR.B	W1, [W0], W1
0x0580	0x60C0FF  	AND.B	W1, #31, W1
0x0582	0x207440  	MOV	#lo_addr(CLKDIVbits), W0
0x0584	0x68C090  	XOR.B	W1, [W0], W1
0x0586	0x207440  	MOV	#lo_addr(CLKDIVbits), W0
0x0588	0x784801  	MOV.B	W1, [W0]
;Concentrador.c,152 :: 		PLLFBDbits.PLLDIV = 150;
0x058A	0x200960  	MOV	#150, W0
0x058C	0x780080  	MOV	W0, W1
0x058E	0x207460  	MOV	#lo_addr(PLLFBDbits), W0
0x0590	0x688090  	XOR	W1, [W0], W1
0x0592	0x201FF0  	MOV	#511, W0
0x0594	0x608080  	AND	W1, W0, W1
0x0596	0x207460  	MOV	#lo_addr(PLLFBDbits), W0
0x0598	0x688090  	XOR	W1, [W0], W1
0x059A	0x883A31  	MOV	W1, PLLFBDbits
;Concentrador.c,155 :: 		ANSELA = 0;                                                                //PORTA digital
0x059C	0xEF2E0E  	CLR	ANSELA
;Concentrador.c,156 :: 		ANSELB = 0;                                                                //PORTB digital
0x059E	0xEF2E1E  	CLR	ANSELB
;Concentrador.c,158 :: 		INT_SINC_Direction   = 0;                                                  //D5
0x05A0	0xA92E00  	BCLR	TRISA1_bit, BitPos(TRISA1_bit+0)
;Concentrador.c,159 :: 		INT_SINC_1_Direction = 0;                                                  //Salida hacia el MAX485 #2 (pulso de sync)
0x05A2	0xA90E00  	BCLR	TRISA0_bit, BitPos(TRISA0_bit+0)
;Concentrador.c,160 :: 		INT_SINC_2_Direction = 0;                                                  //D2 (requiere OSC2 Pin Function = I/O en Config Bits)
0x05A4	0xA96E00  	BCLR	TRISA3_bit, BitPos(TRISA3_bit+0)
;Concentrador.c,161 :: 		RP1_Direction = 0;                                                         //RP1 (interrupcion hacia la RPi)
0x05A6	0xA98E00  	BCLR	TRISA4_bit, BitPos(TRISA4_bit+0)
;Concentrador.c,162 :: 		MSRS485_Direction = 0;                                                     //Control MAX485 #1
0x05A8	0xA96E11  	BCLR	TRISB11_bit, BitPos(TRISB11_bit+0)
;Concentrador.c,164 :: 		INTCON2.GIE = 1;                                                           //Habilita las interrupciones globales
0x05AA	0xA8E8C3  	BSET	INTCON2, #15
;Concentrador.c,167 :: 		RPINR19bits.U2RXR = 0x2F;                                                  //Rx2 en RB15/RPI47
0x05AC	0xB3C2F0  	MOV.B	#47, W0
0x05AE	0x784080  	MOV.B	W0, W1
0x05B0	0x206C60  	MOV	#lo_addr(RPINR19bits), W0
0x05B2	0x68C090  	XOR.B	W1, [W0], W1
0x05B4	0xB3C7F0  	MOV.B	#127, W0
0x05B6	0x60C080  	AND.B	W1, W0, W1
0x05B8	0x206C60  	MOV	#lo_addr(RPINR19bits), W0
0x05BA	0x68C090  	XOR.B	W1, [W0], W1
0x05BC	0x206C60  	MOV	#lo_addr(RPINR19bits), W0
0x05BE	0x784801  	MOV.B	W1, [W0]
;Concentrador.c,168 :: 		RPOR1bits.RP36R = 0x03;                                                    //Tx2 en RB4/RP36
0x05C0	0xB3C030  	MOV.B	#3, W0
0x05C2	0x784080  	MOV.B	W0, W1
0x05C4	0x206820  	MOV	#lo_addr(RPOR1bits), W0
0x05C6	0x68C090  	XOR.B	W1, [W0], W1
0x05C8	0xB3C3F0  	MOV.B	#63, W0
0x05CA	0x60C080  	AND.B	W1, W0, W1
0x05CC	0x206820  	MOV	#lo_addr(RPOR1bits), W0
0x05CE	0x68C090  	XOR.B	W1, [W0], W1
0x05D0	0x206820  	MOV	#lo_addr(RPOR1bits), W0
0x05D2	0x784801  	MOV.B	W1, [W0]
;Concentrador.c,169 :: 		U2RXIE_bit = 1;                                                            //Habilita interrupcion UART2 RX
0x05D4	0xA8C823  	BSET	U2RXIE_bit, BitPos(U2RXIE_bit+0)
;Concentrador.c,170 :: 		IPC7bits.U2RXIP = 0x04;
0x05D6	0x204000  	MOV	#1024, W0
0x05D8	0x780080  	MOV	W0, W1
0x05DA	0x2084E0  	MOV	#lo_addr(IPC7bits), W0
0x05DC	0x688090  	XOR	W1, [W0], W1
0x05DE	0x207000  	MOV	#1792, W0
0x05E0	0x608080  	AND	W1, W0, W1
0x05E2	0x2084E0  	MOV	#lo_addr(IPC7bits), W0
0x05E4	0x688090  	XOR	W1, [W0], W1
0x05E6	0x884271  	MOV	W1, IPC7bits
;Concentrador.c,171 :: 		U2STAbits.URXISEL = 0x00;
0x05E8	0x202320  	MOV	#lo_addr(U2STAbits), W0
0x05EA	0x784090  	MOV.B	[W0], W1
0x05EC	0xB3C3F0  	MOV.B	#63, W0
0x05EE	0x60C080  	AND.B	W1, W0, W1
0x05F0	0x202320  	MOV	#lo_addr(U2STAbits), W0
0x05F2	0x784801  	MOV.B	W1, [W0]
;Concentrador.c,172 :: 		UART2_Init_Advanced(2000000, _UART_8BIT_NOPARITY, _UART_ONE_STOPBIT, _UART_HI_SPEED);
0x05F4	0xEF201A  	CLR	W13
0x05F6	0xEF2018  	CLR	W12
0x05F8	0x28480A  	MOV	#33920, W10
0x05FA	0x2001EB  	MOV	#30, W11
0x05FC	0x200010  	MOV	#1, W0
0x05FE	0x781F80  	PUSH	W0
0x0600	0x07FE8B  	RCALL	_UART2_Init_Advanced
0x0602	0xB1002F  	SUB	#2, W15
;Concentrador.c,175 :: 		SPI1STAT.SPIEN = 1;
0x0604	0xA8E241  	BSET	SPI1STAT, #15
;Concentrador.c,176 :: 		SPI1_Init_Advanced(_SPI_SLAVE, _SPI_8_BIT, _SPI_PRESCALE_SEC_1, _SPI_PRESCALE_PRI_1, _SPI_SS_ENABLE, _SPI_DATA_SAMPLE_END, _SPI_CLK_IDLE_HIGH, _SPI_ACTIVE_2_IDLE);
0x0606	0x20003D  	MOV	#3, W13
0x0608	0x2001CC  	MOV	#28, W12
0x060A	0xEF2016  	CLR	W11
0x060C	0xEF2014  	CLR	W10
0x060E	0xEF2000  	CLR	W0
0x0610	0x781F80  	PUSH	W0
0x0612	0x200400  	MOV	#64, W0
0x0614	0x781F80  	PUSH	W0
0x0616	0x202000  	MOV	#512, W0
0x0618	0x781F80  	PUSH	W0
0x061A	0x200800  	MOV	#128, W0
0x061C	0x781F80  	PUSH	W0
0x061E	0x07FF5C  	RCALL	_SPI1_Init_Advanced
0x0620	0xB1008F  	SUB	#8, W15
;Concentrador.c,177 :: 		SPI1IF_bit = 0;
0x0622	0xA94801  	BCLR	SPI1IF_bit, BitPos(SPI1IF_bit+0)
;Concentrador.c,178 :: 		IPC2bits.SPI1IP = 0x03;
0x0624	0x203000  	MOV	#768, W0
0x0626	0x780080  	MOV	W0, W1
0x0628	0x208440  	MOV	#lo_addr(IPC2bits), W0
0x062A	0x688090  	XOR	W1, [W0], W1
0x062C	0x207000  	MOV	#1792, W0
0x062E	0x608080  	AND	W1, W0, W1
0x0630	0x208440  	MOV	#lo_addr(IPC2bits), W0
0x0632	0x688090  	XOR	W1, [W0], W1
0x0634	0x884221  	MOV	W1, IPC2bits
;Concentrador.c,181 :: 		T2CON = 0x30;
0x0636	0x200300  	MOV	#48, W0
0x0638	0xB7A110  	MOV	WREG, T2CON
;Concentrador.c,182 :: 		T2CON.TON = 0;
0x063A	0xA9E111  	BCLR	T2CON, #15
;Concentrador.c,183 :: 		T2IE_bit = 1;
0x063C	0xA8E820  	BSET	T2IE_bit, BitPos(T2IE_bit+0)
;Concentrador.c,184 :: 		T2IF_bit = 0;
0x063E	0xA9E800  	BCLR	T2IF_bit, BitPos(T2IF_bit+0)
;Concentrador.c,185 :: 		PR2 = 46875;
0x0640	0x2B71B0  	MOV	#46875, W0
0x0642	0xB7A10C  	MOV	WREG, PR2
;Concentrador.c,186 :: 		IPC1bits.T2IP = 0x02;
0x0644	0x220000  	MOV	#8192, W0
0x0646	0x780080  	MOV	W0, W1
0x0648	0x208420  	MOV	#lo_addr(IPC1bits), W0
0x064A	0x688090  	XOR	W1, [W0], W1
0x064C	0x270000  	MOV	#28672, W0
0x064E	0x608080  	AND	W1, W0, W1
0x0650	0x208420  	MOV	#lo_addr(IPC1bits), W0
0x0652	0x688090  	XOR	W1, [W0], W1
0x0654	0x884211  	MOV	W1, IPC1bits
;Concentrador.c,189 :: 		T3CON = 0x30;                                                              //Prescalador 1:256
0x0656	0x200300  	MOV	#48, W0
0x0658	0xB7A112  	MOV	WREG, T3CON
;Concentrador.c,190 :: 		T3CON.TON = 0;                                                             //Se enciende en main() una vez lista la configuracion
0x065A	0xA9E113  	BCLR	T3CON, #15
;Concentrador.c,191 :: 		T3IE_bit = 1;
0x065C	0xA80821  	BSET	T3IE_bit, BitPos(T3IE_bit+0)
;Concentrador.c,192 :: 		T3IF_bit = 0;
0x065E	0xA90801  	BCLR	T3IF_bit, BitPos(T3IF_bit+0)
;Concentrador.c,193 :: 		PR3 = 15625;                                                               //Preload equivalente a 100ms base
0x0660	0x23D090  	MOV	#15625, W0
0x0662	0xB7A10E  	MOV	WREG, PR3
;Concentrador.c,194 :: 		IPC2bits.T3IP = 0x02;
0x0664	0xB3C020  	MOV.B	#2, W0
0x0666	0x784080  	MOV.B	W0, W1
0x0668	0x208440  	MOV	#lo_addr(IPC2bits), W0
0x066A	0x68C090  	XOR.B	W1, [W0], W1
0x066C	0x60C0E7  	AND.B	W1, #7, W1
0x066E	0x208440  	MOV	#lo_addr(IPC2bits), W0
0x0670	0x68C090  	XOR.B	W1, [W0], W1
0x0672	0x208440  	MOV	#lo_addr(IPC2bits), W0
0x0674	0x784801  	MOV.B	W1, [W0]
;Concentrador.c,197 :: 		SPI1IE_bit = 1;
0x0676	0xA84821  	BSET	SPI1IE_bit, BitPos(SPI1IE_bit+0)
;Concentrador.c,199 :: 		Delay_ms(200);                                                             //Espera a que se estabilicen los cambios
0x0678	0x200198  	MOV	#25, W8
0x067A	0x26A0E7  	MOV	#27150, W7
L_ConfiguracionPrincipal19:
0x067C	0xED200E  	DEC	W7
0x067E	0x3AFFFE  	BRA NZ	L_ConfiguracionPrincipal19
0x0680	0xED2010  	DEC	W8
0x0682	0x3AFFFC  	BRA NZ	L_ConfiguracionPrincipal19
0x0684	0x000000  	NOP
;Concentrador.c,201 :: 		}
L_end_ConfiguracionPrincipal:
0x0686	0x7806CF  	POP	W13
0x0688	0x78064F  	POP	W12
0x068A	0x7805CF  	POP	W11
0x068C	0x78054F  	POP	W10
0x068E	0x060000  	RETURN
; end of _ConfiguracionPrincipal
_UART2_Init_Advanced:
0x0318	0xFA000C  	LNK	#12
;__Lib_UART_12_p24_p33.c,439 :: 		
; high_low_speed start address is: 2 (W1)
0x031A	0x97B8CE  	MOV	[W14-8], W1
;__Lib_UART_12_p24_p33.c,442 :: 		
0x031C	0x202BC0  	MOV	#lo_addr(_UART2_Write), W0
0x031E	0x888020  	MOV	W0, _UART_Wr_Ptr
;__Lib_UART_12_p24_p33.c,443 :: 		
0x0320	0x2FFFF0  	MOV	#lo_addr(_UART2_Read), W0
0x0322	0x8881D0  	MOV	W0, _UART_Rd_Ptr
;__Lib_UART_12_p24_p33.c,444 :: 		
0x0324	0x2FFFF0  	MOV	#lo_addr(_UART2_Data_Ready), W0
0x0326	0x8881E0  	MOV	W0, _UART_Rdy_Ptr
;__Lib_UART_12_p24_p33.c,445 :: 		
0x0328	0x2FFFF0  	MOV	#lo_addr(_UART2_Tx_Idle), W0
0x032A	0x8881C0  	MOV	W0, _UART_Tx_Idle_Ptr
;__Lib_UART_12_p24_p33.c,447 :: 		
0x032C	0xEF2230  	CLR	U2MODE
;__Lib_UART_12_p24_p33.c,448 :: 		
0x032E	0x280000  	MOV	#32768, W0
0x0330	0xB7A232  	MOV	WREG, U2STA
;__Lib_UART_12_p24_p33.c,450 :: 		
0x0332	0xE10860  	CP	W1, #0
0x0334	0x3A002F  	BRA NZ	L_UART2_Init_Advanced41
L__UART2_Init_Advanced128:
; high_low_speed end address is: 2 (W1)
;__Lib_UART_12_p24_p33.c,451 :: 		
0x0336	0xA96230  	BCLR.B	U2MODE, #3
;__Lib_UART_12_p24_p33.c,452 :: 		
0x0338	0x07FFD6  	RCALL	_Get_Fosc_kHz
;__Lib_UART_12_p24_p33.c,454 :: 		
0x033A	0x203E82  	MOV	#1000, W2
0x033C	0x200003  	MOV	#0, W3
0x033E	0x07FF8C  	RCALL	__Multiply_32x32
0x0340	0x980700  	MOV	W0, [W14+0]
0x0342	0x980711  	MOV	W1, [W14+2]
;__Lib_UART_12_p24_p33.c,458 :: 		
0x0344	0x07FFD3  	RCALL	_Get_Fosc_Per_Cyc
0x0346	0xDE0041  	LSR	W0, #1, W0
0x0348	0x400064  	ADD	W0, #4, W0
0x034A	0xBE010A  	MOV.D	W10, W2
L__UART2_Init_Advanced129:
0x034C	0xE90000  	DEC	W0, W0
0x034E	0x350003  	BRA LT	L__UART2_Init_Advanced130
0x0350	0xD00102  	SL	W2, W2
0x0352	0xD28183  	RLC	W3, W3
0x0354	0x37FFFB  	BRA	L__UART2_Init_Advanced129
L__UART2_Init_Advanced130:
0x0356	0x980722  	MOV	W2, [W14+4]
0x0358	0x980733  	MOV	W3, [W14+6]
;__Lib_UART_12_p24_p33.c,460 :: 		
0x035A	0xBE9F8C  	PUSH.D	W12
0x035C	0x90000E  	MOV	[W14+0], W0
0x035E	0x90009E  	MOV	[W14+2], W1
0x0360	0xEB0200  	CLR	W4
0x0362	0x07FF4E  	RCALL	__Modulus_32x32
0x0364	0x980740  	MOV	W0, [W14+8]
0x0366	0x980751  	MOV	W1, [W14+10]
;__Lib_UART_12_p24_p33.c,461 :: 		
0x0368	0x90012E  	MOV	[W14+4], W2
0x036A	0x9001BE  	MOV	[W14+6], W3
0x036C	0x90000E  	MOV	[W14+0], W0
0x036E	0x90009E  	MOV	[W14+2], W1
0x0370	0xEB0200  	CLR	W4
0x0372	0x07FF7B  	RCALL	__Divide_32x32
0x0374	0xBE064F  	POP.D	W12
0x0376	0x980700  	MOV	W0, [W14+0]
0x0378	0x980711  	MOV	W1, [W14+2]
;__Lib_UART_12_p24_p33.c,463 :: 		
0x037A	0x470064  	ADD	W14, #4, W0
0x037C	0xD10150  	LSR	[++W0], W2
0x037E	0xD380C0  	RRC	[--W0], W1
0x0380	0x470068  	ADD	W14, #8, W0
0x0382	0xE10830  	CP	W1, [W0++]
0x0384	0xE19020  	CPB	W2, [W0--]
0x0386	0x310005  	BRA GEU	L_UART2_Init_Advanced42
L__UART2_Init_Advanced131:
;__Lib_UART_12_p24_p33.c,464 :: 		
0x0388	0x90008E  	MOV	[W14+0], W1
0x038A	0x90011E  	MOV	[W14+2], W2
0x038C	0x470060  	ADD	W14, #0, W0
0x038E	0x409861  	ADD	W1, #1, [W0++]
0x0390	0x491060  	ADDC	W2, #0, [W0--]
L_UART2_Init_Advanced42:
;__Lib_UART_12_p24_p33.c,466 :: 		
0x0392	0x370093  	BRA	L_UART2_Init_Advanced43
L_UART2_Init_Advanced41:
;__Lib_UART_12_p24_p33.c,468 :: 		
; high_low_speed start address is: 2 (W1)
0x0394	0xE10861  	CP	W1, #1
0x0396	0x3A002F  	BRA NZ	L_UART2_Init_Advanced44
L__UART2_Init_Advanced132:
; high_low_speed end address is: 2 (W1)
;__Lib_UART_12_p24_p33.c,469 :: 		
0x0398	0x07FFA6  	RCALL	_Get_Fosc_kHz
;__Lib_UART_12_p24_p33.c,471 :: 		
0x039A	0x203E82  	MOV	#1000, W2
0x039C	0x200003  	MOV	#0, W3
0x039E	0x07FF5C  	RCALL	__Multiply_32x32
0x03A0	0x980700  	MOV	W0, [W14+0]
0x03A2	0x980711  	MOV	W1, [W14+2]
;__Lib_UART_12_p24_p33.c,475 :: 		
0x03A4	0x07FFA3  	RCALL	_Get_Fosc_Per_Cyc
0x03A6	0xDE0041  	LSR	W0, #1, W0
0x03A8	0xECA000  	INC2	W0
0x03AA	0xBE010A  	MOV.D	W10, W2
L__UART2_Init_Advanced133:
0x03AC	0xE90000  	DEC	W0, W0
0x03AE	0x350003  	BRA LT	L__UART2_Init_Advanced134
0x03B0	0xD00102  	SL	W2, W2
0x03B2	0xD28183  	RLC	W3, W3
0x03B4	0x37FFFB  	BRA	L__UART2_Init_Advanced133
L__UART2_Init_Advanced134:
0x03B6	0x980722  	MOV	W2, [W14+4]
0x03B8	0x980733  	MOV	W3, [W14+6]
;__Lib_UART_12_p24_p33.c,477 :: 		
0x03BA	0xBE9F8C  	PUSH.D	W12
0x03BC	0x90000E  	MOV	[W14+0], W0
0x03BE	0x90009E  	MOV	[W14+2], W1
0x03C0	0xEB0200  	CLR	W4
0x03C2	0x07FF1E  	RCALL	__Modulus_32x32
0x03C4	0x980740  	MOV	W0, [W14+8]
0x03C6	0x980751  	MOV	W1, [W14+10]
;__Lib_UART_12_p24_p33.c,478 :: 		
0x03C8	0x90012E  	MOV	[W14+4], W2
0x03CA	0x9001BE  	MOV	[W14+6], W3
0x03CC	0x90000E  	MOV	[W14+0], W0
0x03CE	0x90009E  	MOV	[W14+2], W1
0x03D0	0xEB0200  	CLR	W4
0x03D2	0x07FF4B  	RCALL	__Divide_32x32
0x03D4	0xBE064F  	POP.D	W12
0x03D6	0x980700  	MOV	W0, [W14+0]
0x03D8	0x980711  	MOV	W1, [W14+2]
;__Lib_UART_12_p24_p33.c,480 :: 		
0x03DA	0x470064  	ADD	W14, #4, W0
0x03DC	0xD10150  	LSR	[++W0], W2
0x03DE	0xD380C0  	RRC	[--W0], W1
0x03E0	0x470068  	ADD	W14, #8, W0
0x03E2	0xE10830  	CP	W1, [W0++]
0x03E4	0xE19020  	CPB	W2, [W0--]
0x03E6	0x310005  	BRA GEU	L_UART2_Init_Advanced45
L__UART2_Init_Advanced135:
;__Lib_UART_12_p24_p33.c,481 :: 		
0x03E8	0x90008E  	MOV	[W14+0], W1
0x03EA	0x90011E  	MOV	[W14+2], W2
0x03EC	0x470060  	ADD	W14, #0, W0
0x03EE	0x409861  	ADD	W1, #1, [W0++]
0x03F0	0x491060  	ADDC	W2, #0, [W0--]
L_UART2_Init_Advanced45:
;__Lib_UART_12_p24_p33.c,483 :: 		
0x03F2	0xA86230  	BSET.B	U2MODE, #3
;__Lib_UART_12_p24_p33.c,484 :: 		
0x03F4	0x370062  	BRA	L_UART2_Init_Advanced46
L_UART2_Init_Advanced44:
;__Lib_UART_12_p24_p33.c,487 :: 		
0x03F6	0xA96230  	BCLR.B	U2MODE, #3
;__Lib_UART_12_p24_p33.c,488 :: 		
0x03F8	0x07FF76  	RCALL	_Get_Fosc_kHz
;__Lib_UART_12_p24_p33.c,490 :: 		
0x03FA	0x203E82  	MOV	#1000, W2
0x03FC	0x200003  	MOV	#0, W3
0x03FE	0x07FF2C  	RCALL	__Multiply_32x32
0x0400	0x980700  	MOV	W0, [W14+0]
0x0402	0x980711  	MOV	W1, [W14+2]
;__Lib_UART_12_p24_p33.c,494 :: 		
0x0404	0x07FF73  	RCALL	_Get_Fosc_Per_Cyc
0x0406	0xDE0041  	LSR	W0, #1, W0
0x0408	0x400064  	ADD	W0, #4, W0
0x040A	0xBE010A  	MOV.D	W10, W2
L__UART2_Init_Advanced136:
0x040C	0xE90000  	DEC	W0, W0
0x040E	0x350003  	BRA LT	L__UART2_Init_Advanced137
0x0410	0xD00102  	SL	W2, W2
0x0412	0xD28183  	RLC	W3, W3
0x0414	0x37FFFB  	BRA	L__UART2_Init_Advanced136
L__UART2_Init_Advanced137:
0x0416	0x980722  	MOV	W2, [W14+4]
0x0418	0x980733  	MOV	W3, [W14+6]
;__Lib_UART_12_p24_p33.c,496 :: 		
0x041A	0xBE9F8C  	PUSH.D	W12
0x041C	0xBE9F8A  	PUSH.D	W10
0x041E	0x90000E  	MOV	[W14+0], W0
0x0420	0x90009E  	MOV	[W14+2], W1
0x0422	0xEB0200  	CLR	W4
0x0424	0x07FEED  	RCALL	__Modulus_32x32
0x0426	0x980740  	MOV	W0, [W14+8]
0x0428	0x980751  	MOV	W1, [W14+10]
;__Lib_UART_12_p24_p33.c,497 :: 		
0x042A	0x90012E  	MOV	[W14+4], W2
0x042C	0x9001BE  	MOV	[W14+6], W3
0x042E	0x90000E  	MOV	[W14+0], W0
0x0430	0x90009E  	MOV	[W14+2], W1
0x0432	0xEB0200  	CLR	W4
0x0434	0x07FF1A  	RCALL	__Divide_32x32
0x0436	0xBE054F  	POP.D	W10
0x0438	0xBE064F  	POP.D	W12
0x043A	0x980700  	MOV	W0, [W14+0]
0x043C	0x980711  	MOV	W1, [W14+2]
;__Lib_UART_12_p24_p33.c,499 :: 		
0x043E	0x470064  	ADD	W14, #4, W0
0x0440	0xD10150  	LSR	[++W0], W2
0x0442	0xD380C0  	RRC	[--W0], W1
0x0444	0x470068  	ADD	W14, #8, W0
0x0446	0xE10830  	CP	W1, [W0++]
0x0448	0xE19020  	CPB	W2, [W0--]
0x044A	0x310005  	BRA GEU	L_UART2_Init_Advanced47
L__UART2_Init_Advanced138:
;__Lib_UART_12_p24_p33.c,500 :: 		
0x044C	0x90008E  	MOV	[W14+0], W1
0x044E	0x90011E  	MOV	[W14+2], W2
0x0450	0x470060  	ADD	W14, #0, W0
0x0452	0x409861  	ADD	W1, #1, [W0++]
0x0454	0x491060  	ADDC	W2, #0, [W0--]
L_UART2_Init_Advanced47:
;__Lib_UART_12_p24_p33.c,503 :: 		
0x0456	0x4700E0  	ADD	W14, #0, W1
0x0458	0x780031  	MOV	[W1++], W0
0x045A	0x700021  	IOR	W0, [W1--], W0
0x045C	0x3A002E  	BRA NZ	L_UART2_Init_Advanced48
L__UART2_Init_Advanced139:
;__Lib_UART_12_p24_p33.c,505 :: 		
0x045E	0x07FF43  	RCALL	_Get_Fosc_kHz
;__Lib_UART_12_p24_p33.c,507 :: 		
0x0460	0x203E82  	MOV	#1000, W2
0x0462	0x200003  	MOV	#0, W3
0x0464	0x07FEF9  	RCALL	__Multiply_32x32
0x0466	0x980700  	MOV	W0, [W14+0]
0x0468	0x980711  	MOV	W1, [W14+2]
;__Lib_UART_12_p24_p33.c,509 :: 		
0x046A	0x07FF40  	RCALL	_Get_Fosc_Per_Cyc
0x046C	0xDE0041  	LSR	W0, #1, W0
0x046E	0xECA000  	INC2	W0
0x0470	0xBE010A  	MOV.D	W10, W2
L__UART2_Init_Advanced140:
0x0472	0xE90000  	DEC	W0, W0
0x0474	0x350003  	BRA LT	L__UART2_Init_Advanced141
0x0476	0xD00102  	SL	W2, W2
0x0478	0xD28183  	RLC	W3, W3
0x047A	0x37FFFB  	BRA	L__UART2_Init_Advanced140
L__UART2_Init_Advanced141:
0x047C	0x980722  	MOV	W2, [W14+4]
0x047E	0x980733  	MOV	W3, [W14+6]
;__Lib_UART_12_p24_p33.c,511 :: 		
0x0480	0xBE9F8C  	PUSH.D	W12
0x0482	0x90000E  	MOV	[W14+0], W0
0x0484	0x90009E  	MOV	[W14+2], W1
0x0486	0xEB0200  	CLR	W4
0x0488	0x07FEBB  	RCALL	__Modulus_32x32
0x048A	0x980740  	MOV	W0, [W14+8]
0x048C	0x980751  	MOV	W1, [W14+10]
;__Lib_UART_12_p24_p33.c,512 :: 		
0x048E	0x90012E  	MOV	[W14+4], W2
0x0490	0x9001BE  	MOV	[W14+6], W3
0x0492	0x90000E  	MOV	[W14+0], W0
0x0494	0x90009E  	MOV	[W14+2], W1
0x0496	0xEB0200  	CLR	W4
0x0498	0x07FEE8  	RCALL	__Divide_32x32
0x049A	0xBE064F  	POP.D	W12
0x049C	0x980700  	MOV	W0, [W14+0]
0x049E	0x980711  	MOV	W1, [W14+2]
;__Lib_UART_12_p24_p33.c,514 :: 		
0x04A0	0x470064  	ADD	W14, #4, W0
0x04A2	0xD10150  	LSR	[++W0], W2
0x04A4	0xD380C0  	RRC	[--W0], W1
0x04A6	0x470068  	ADD	W14, #8, W0
0x04A8	0xE10830  	CP	W1, [W0++]
0x04AA	0xE19020  	CPB	W2, [W0--]
0x04AC	0x310005  	BRA GEU	L_UART2_Init_Advanced49
L__UART2_Init_Advanced142:
;__Lib_UART_12_p24_p33.c,515 :: 		
0x04AE	0x90008E  	MOV	[W14+0], W1
0x04B0	0x90011E  	MOV	[W14+2], W2
0x04B2	0x470060  	ADD	W14, #0, W0
0x04B4	0x409861  	ADD	W1, #1, [W0++]
0x04B6	0x491060  	ADDC	W2, #0, [W0--]
L_UART2_Init_Advanced49:
;__Lib_UART_12_p24_p33.c,517 :: 		
0x04B8	0xA86230  	BSET.B	U2MODE, #3
;__Lib_UART_12_p24_p33.c,518 :: 		
L_UART2_Init_Advanced48:
;__Lib_UART_12_p24_p33.c,519 :: 		
L_UART2_Init_Advanced46:
L_UART2_Init_Advanced43:
;__Lib_UART_12_p24_p33.c,522 :: 		
0x04BA	0x90000E  	MOV	[W14+0], W0
0x04BC	0x90009E  	MOV	[W14+2], W1
0x04BE	0x500061  	SUB	W0, #1, W0
0x04C0	0x5880E0  	SUBB	W1, #0, W1
0x04C2	0x8811C0  	MOV	W0, U2BRG
;__Lib_UART_12_p24_p33.c,524 :: 		
0x04C4	0xA92232  	BCLR.B	U2STA, #1
;__Lib_UART_12_p24_p33.c,526 :: 		
0x04C6	0x76008D  	IOR	W12, W13, W1
0x04C8	0x202300  	MOV	#lo_addr(U2MODE), W0
0x04CA	0x708810  	IOR	W1, [W0], [W0]
;__Lib_UART_12_p24_p33.c,529 :: 		
0x04CC	0xA8E231  	BSET	U2MODE, #15
;__Lib_UART_12_p24_p33.c,530 :: 		
0x04CE	0xA84233  	BSET	U2STA, #10
;__Lib_UART_12_p24_p33.c,532 :: 		
0x04D0	0x07FF03  	RCALL	_Delay_100ms
0x04D2	0x07FF02  	RCALL	_Delay_100ms
;__Lib_UART_12_p24_p33.c,535 :: 		
L_end_UART2_Init_Advanced:
0x04D4	0xFA8000  	ULNK
0x04D6	0x060000  	RETURN
; end of _UART2_Init_Advanced
_Get_Fosc_kHz:
;__Lib_Delays_ep.c,38 :: 		unsigned long Get_Fosc_kHz() {
;__Lib_Delays_ep.c,39 :: 		return Clock_kHz();
0x02E6	0x238800  	MOV	#14464, W0
0x02E8	0x200011  	MOV	#1, W1
;__Lib_Delays_ep.c,40 :: 		}
L_end_Get_Fosc_kHz:
0x02EA	0x060000  	RETURN
; end of _Get_Fosc_kHz
_Get_Fosc_Per_Cyc:
;__Lib_Delays_ep.c,63 :: 		unsigned int Get_Fosc_Per_Cyc() {
;__Lib_Delays_ep.c,64 :: 		return __FOSC_PER_CYC;
0x02EC	0x200020  	MOV	#2, W0
;__Lib_Delays_ep.c,65 :: 		}
L_end_Get_Fosc_Per_Cyc:
0x02EE	0x060000  	RETURN
; end of _Get_Fosc_Per_Cyc
_Delay_100ms:
;__Lib_Delays_ep.c,660 :: 		void Delay_100ms()
;__Lib_Delays_ep.c,662 :: 		Delay_ms(100);
0x02D8	0x2000D8  	MOV	#13, W8
0x02DA	0x235077  	MOV	#13575, W7
L_Delay_100ms29:
0x02DC	0xED200E  	DEC	W7
0x02DE	0x3AFFFE  	BRA NZ	L_Delay_100ms29
0x02E0	0xED2010  	DEC	W8
0x02E2	0x3AFFFC  	BRA NZ	L_Delay_100ms29
;__Lib_Delays_ep.c,663 :: 		}
L_end_Delay_100ms:
0x02E4	0x060000  	RETURN
; end of _Delay_100ms
__Multiply_32x32:
0x0258	0xFA0000  	LNK	#0
;__Lib_Math.c,43 :: 		
;__Lib_Math.c,46 :: 		
0x025A	0xB80A02  	MUL.UU	W1, W2, W4
;__Lib_Math.c,47 :: 		
0x025C	0x880050  	MOV	W0, W5
;__Lib_Math.c,48 :: 		
0x025E	0xB80002  	MUL.UU	W0, W2, W0
;__Lib_Math.c,49 :: 		
0x0260	0x420081  	ADD	W4, W1, W1
;__Lib_Math.c,50 :: 		
0x0262	0xB82A03  	MUL.UU	W5, W3, W4
;__Lib_Math.c,51 :: 		
0x0264	0x420081  	ADD	W4, W1, W1
;__Lib_Math.c,54 :: 		
L_end__Multiply_32x32:
0x0266	0xFA8000  	ULNK
0x0268	0x060000  	RETURN
; end of __Multiply_32x32
__Modulus_32x32:
0x0200	0xFA0000  	LNK	#0
;__Lib_Math.c,162 :: 		
;__Lib_Math.c,164 :: 		
0x0202	0x070002  	RCALL	Modulus_32x32___testsus
;__Lib_Math.c,166 :: 		
0x0204	0x000000040254  	GOTO	the_end_Modulus_32x32
;__Lib_Math.c,171 :: 		
Modulus_32x32___testsus:
;__Lib_Math.c,172 :: 		
0x0208	0xE20008  	CP0	W4
;__Lib_Math.c,173 :: 		
0x020A	0x3A0002  	BRA NZ	Modulus_32x32___modsi3
;__Lib_Math.c,175 :: 		
0x020C	0x070010  	RCALL	Modulus_32x32___umodsi3
;__Lib_Math.c,176 :: 		
0x020E	0x060000  	RETURN
;__Lib_Math.c,178 :: 		
Modulus_32x32___modsi3:
;__Lib_Math.c,179 :: 		
0x0210	0x781F81  	MOV	W1, [W15++]
;__Lib_Math.c,180 :: 		
0x0212	0xE20002  	CP0	W1
;__Lib_Math.c,181 :: 		
0x0214	0x3D0002  	BRA GE	Modulus_32x32_modtestb
;__Lib_Math.c,182 :: 		
0x0216	0x100060  	SUBR	W0, #0, W0
;__Lib_Math.c,183 :: 		
0x0218	0x1880E0  	SUBBR	W1, #0, W1
;__Lib_Math.c,184 :: 		
Modulus_32x32_modtestb:
;__Lib_Math.c,185 :: 		
0x021A	0xE20006  	CP0	W3
;__Lib_Math.c,186 :: 		
0x021C	0x3D0002  	BRA GE	Modulus_32x32_calcrem
;__Lib_Math.c,187 :: 		
0x021E	0x110160  	SUBR	W2, #0, W2
;__Lib_Math.c,188 :: 		
0x0220	0x1981E0  	SUBBR	W3, #0, W3
;__Lib_Math.c,189 :: 		
Modulus_32x32_calcrem:
;__Lib_Math.c,190 :: 		
0x0222	0x070005  	RCALL	Modulus_32x32___umodsi3
;__Lib_Math.c,191 :: 		
0x0224	0xE0004F  	CP0	[--W15]
;__Lib_Math.c,192 :: 		
0x0226	0x3B0002  	BRA NN	Modulus_32x32_exitr
;__Lib_Math.c,193 :: 		
0x0228	0x100060  	SUBR	W0, #0, W0
;__Lib_Math.c,194 :: 		
0x022A	0x1880E0  	SUBBR	W1, #0, W1
;__Lib_Math.c,195 :: 		
Modulus_32x32_exitr:
;__Lib_Math.c,196 :: 		
0x022C	0x060000  	RETURN
;__Lib_Math.c,197 :: 		
Modulus_32x32___umodsi3:
;__Lib_Math.c,198 :: 		
0x022E	0x070002  	RCALL	Modulus_32x32___udivsi3
;__Lib_Math.c,199 :: 		
0x0230	0xBE8004  	MOV.D	W4, W0
;__Lib_Math.c,200 :: 		
0x0232	0x060000  	RETURN
;__Lib_Math.c,201 :: 		
Modulus_32x32___udivsi3:
;__Lib_Math.c,202 :: 		
0x0234	0xB82260  	MUL.UU	W4, #0, W4
;__Lib_Math.c,203 :: 		
0x0236	0x200206  	MOV	#32, W6
;__Lib_Math.c,204 :: 		
Modulus_32x32_nextbit:
;__Lib_Math.c,205 :: 		
0x0238	0xD00000  	SL	W0, W0
;__Lib_Math.c,206 :: 		
0x023A	0xD28081  	RLC	W1, W1
;__Lib_Math.c,207 :: 		
0x023C	0xD28204  	RLC	W4, W4
;__Lib_Math.c,208 :: 		
0x023E	0xD28285  	RLC	W5, W5
;__Lib_Math.c,209 :: 		
0x0240	0xA80000  	BSET	W0, #0
;__Lib_Math.c,210 :: 		
0x0242	0x520202  	SUB	W4, W2, W4
;__Lib_Math.c,211 :: 		
0x0244	0x5A8283  	SUBB	W5, W3, W5
;__Lib_Math.c,212 :: 		
0x0246	0x3B0003  	BRA NN	Modulus_32x32_iterate
;__Lib_Math.c,213 :: 		
0x0248	0x420202  	ADD	W4, W2, W4
;__Lib_Math.c,214 :: 		
0x024A	0x4A8283  	ADDC	W5, W3, W5
;__Lib_Math.c,215 :: 		
0x024C	0xA10000  	BCLR	W0, #0
;__Lib_Math.c,216 :: 		
Modulus_32x32_iterate:
;__Lib_Math.c,217 :: 		
0x024E	0xE90306  	DEC	W6, W6
;__Lib_Math.c,218 :: 		
0x0250	0x3AFFF3  	BRA NZ	Modulus_32x32_nextbit
;__Lib_Math.c,219 :: 		
0x0252	0x060000  	RETURN
;__Lib_Math.c,222 :: 		
the_end_Modulus_32x32:
;__Lib_Math.c,225 :: 		
L_end__Modulus_32x32:
0x0254	0xFA8000  	ULNK
0x0256	0x060000  	RETURN
; end of __Modulus_32x32
__Divide_32x32:
0x026A	0xFA0000  	LNK	#0
;__Lib_Math.c,78 :: 		
;__Lib_Math.c,81 :: 		
0x026C	0x070002  	RCALL	Divide_32x32___testsus
;__Lib_Math.c,83 :: 		
0x026E	0x0000000402B8  	GOTO	the_end_Divide_32x32
;__Lib_Math.c,88 :: 		
Divide_32x32___testsus:
;__Lib_Math.c,89 :: 		
0x0272	0xE20008  	CP0	W4
;__Lib_Math.c,90 :: 		
0x0274	0x3A0002  	BRA NZ	Divide_32x32___divsi3
;__Lib_Math.c,92 :: 		
0x0276	0x070010  	RCALL	Divide_32x32___udivsi3
;__Lib_Math.c,93 :: 		
0x0278	0x060000  	RETURN
;__Lib_Math.c,95 :: 		
Divide_32x32___divsi3:
;__Lib_Math.c,96 :: 		
0x027A	0x689F83  	XOR	W1, W3, [W15++]
;__Lib_Math.c,97 :: 		
0x027C	0xE20002  	CP0	W1
;__Lib_Math.c,98 :: 		
0x027E	0x3D0002  	BRA GE	Divide_32x32_divtestb
;__Lib_Math.c,99 :: 		
0x0280	0x100060  	SUBR	W0, #0, W0
;__Lib_Math.c,100 :: 		
0x0282	0x1880E0  	SUBBR	W1, #0, W1
;__Lib_Math.c,101 :: 		
Divide_32x32_divtestb:
;__Lib_Math.c,102 :: 		
0x0284	0xE20006  	CP0	W3
;__Lib_Math.c,103 :: 		
0x0286	0x3D0002  	BRA GE	Divide_32x32_calcquot
;__Lib_Math.c,104 :: 		
0x0288	0x110160  	SUBR	W2, #0, W2
;__Lib_Math.c,105 :: 		
0x028A	0x1981E0  	SUBBR	W3, #0, W3
;__Lib_Math.c,106 :: 		
Divide_32x32_calcquot:
;__Lib_Math.c,107 :: 		
0x028C	0x070005  	RCALL	Divide_32x32___udivsi3
;__Lib_Math.c,108 :: 		
0x028E	0xE0004F  	CP0	[--W15]
;__Lib_Math.c,109 :: 		
0x0290	0x3B0002  	BRA NN	Divide_32x32_returnq
;__Lib_Math.c,110 :: 		
0x0292	0x100060  	SUBR	W0, #0, W0
;__Lib_Math.c,111 :: 		
0x0294	0x1880E0  	SUBBR	W1, #0, W1
;__Lib_Math.c,112 :: 		
Divide_32x32_returnq:
;__Lib_Math.c,113 :: 		
0x0296	0x060000  	RETURN
;__Lib_Math.c,114 :: 		
Divide_32x32___udivsi3:
;__Lib_Math.c,115 :: 		
0x0298	0xB82260  	MUL.UU	W4, #0, W4
;__Lib_Math.c,116 :: 		
0x029A	0x200206  	MOV	#32, W6
;__Lib_Math.c,117 :: 		
Divide_32x32_nextbit:
;__Lib_Math.c,118 :: 		
0x029C	0xD00000  	SL	W0, W0
;__Lib_Math.c,119 :: 		
0x029E	0xD28081  	RLC	W1, W1
;__Lib_Math.c,120 :: 		
0x02A0	0xD28204  	RLC	W4, W4
;__Lib_Math.c,121 :: 		
0x02A2	0xD28285  	RLC	W5, W5
;__Lib_Math.c,122 :: 		
0x02A4	0xA80000  	BSET	W0, #0
;__Lib_Math.c,123 :: 		
0x02A6	0x520202  	SUB	W4, W2, W4
;__Lib_Math.c,124 :: 		
0x02A8	0x5A8283  	SUBB	W5, W3, W5
;__Lib_Math.c,125 :: 		
0x02AA	0x3B0003  	BRA NN	Divide_32x32_iterate
;__Lib_Math.c,126 :: 		
0x02AC	0x420202  	ADD	W4, W2, W4
;__Lib_Math.c,127 :: 		
0x02AE	0x4A8283  	ADDC	W5, W3, W5
;__Lib_Math.c,128 :: 		
0x02B0	0xA10000  	BCLR	W0, #0
;__Lib_Math.c,129 :: 		
Divide_32x32_iterate:
;__Lib_Math.c,130 :: 		
0x02B2	0xE90306  	DEC	W6, W6
;__Lib_Math.c,131 :: 		
0x02B4	0x3AFFF3  	BRA NZ	Divide_32x32_nextbit
;__Lib_Math.c,132 :: 		
0x02B6	0x060000  	RETURN
;__Lib_Math.c,135 :: 		
the_end_Divide_32x32:
;__Lib_Math.c,138 :: 		
L_end__Divide_32x32:
0x02B8	0xFA8000  	ULNK
0x02BA	0x060000  	RETURN
; end of __Divide_32x32
_SPI1_Init_Advanced:
0x04D8	0xFA0000  	LNK	#0
;__Lib_SPI_12.c,123 :: 		
; slave_select start address is: 2 (W1)
0x04DA	0x97B8CE  	MOV	[W14-8], W1
; data_sample start address is: 8 (W4)
0x04DC	0x97BA3E  	MOV	[W14-10], W4
; clock_idle start address is: 4 (W2)
0x04DE	0x97B92E  	MOV	[W14-12], W2
; edge start address is: 6 (W3)
0x04E0	0x97B99E  	MOV	[W14-14], W3
;__Lib_SPI_12.c,126 :: 		
0x04E2	0xEF2240  	CLR	SPI1STAT
;__Lib_SPI_12.c,127 :: 		
0x04E4	0xEF2242  	CLR	SPI1CON
;__Lib_SPI_12.c,129 :: 		
0x04E6	0x2FFFF0  	MOV	#lo_addr(_SPI1_Read), W0
0x04E8	0x888030  	MOV	W0, _SPI_Rd_Ptr
;__Lib_SPI_12.c,130 :: 		
0x04EA	0x2FFFF0  	MOV	#lo_addr(_SPI1_Write), W0
0x04EC	0x888010  	MOV	W0, _SPI_Wr_Ptr
;__Lib_SPI_12.c,132 :: 		
0x04EE	0x75000B  	IOR	W10, W11, W0
0x04F0	0x70000C  	IOR	W0, W12, W0
0x04F2	0x70000D  	IOR	W0, W13, W0
0x04F4	0x700001  	IOR	W0, W1, W0
; slave_select end address is: 2 (W1)
0x04F6	0x700004  	IOR	W0, W4, W0
; data_sample end address is: 8 (W4)
;__Lib_SPI_12.c,133 :: 		
0x04F8	0x700082  	IOR	W0, W2, W1
; clock_idle end address is: 4 (W2)
0x04FA	0x202420  	MOV	#lo_addr(SPI1CON), W0
0x04FC	0x708803  	IOR	W1, W3, [W0]
; edge end address is: 6 (W3)
;__Lib_SPI_12.c,135 :: 		
0x04FE	0xA9C240  	BCLR.B	SPI1STAT, #6
;__Lib_SPI_12.c,136 :: 		
0x0500	0xA8E241  	BSET	SPI1STAT, #15
;__Lib_SPI_12.c,138 :: 		
L_end_SPI1_Init_Advanced:
0x0502	0xFA8000  	ULNK
0x0504	0x060000  	RETURN
; end of _SPI1_Init_Advanced
0x0D76	0x21000A  	MOV	#4096, W10
0x0D78	0x20000B  	MOV	#0, W11
0x0D7A	0x09053F  	REPEAT	#1343
0x0D7C	0x781D0B  	MOV	W11, [W10++]
0x0D7E	0x060000  	RETURN
0x0D80	0x210001  	MOV	#lo_addr(Timer3Int_contadorSync_L0), W1
0x0D82	0x280000  	MOV	#32768, W0
0x0D84	0x090000  	REPEAT	#0
0x0D86	0x7818B0  	MOV	[W0++], [W1++]
0x0D88	0x060000  	RETURN
_urx_2:
0x08A6	0xF80034  	PUSH	DSWPAG
0x08A8	0xF80032  	PUSH	DSRPAG
0x08AA	0xF80036  	PUSH	RCOUNT
0x08AC	0x781F80  	PUSH	W0
0x08AE	0x200020  	MOV	#2, W0
0x08B0	0x09000C  	REPEAT	#12
0x08B2	0x781FB0  	PUSH	[W0++]
;Concentrador.c,427 :: 		void urx_2() org  IVT_ADDR_U2RXINTERRUPT {
;Concentrador.c,429 :: 		U2RXIF_bit = 0;
0x08B4	0x781F8A  	PUSH	W10
0x08B6	0x781F8B  	PUSH	W11
0x08B8	0x781F8C  	PUSH	W12
0x08BA	0xA9C803  	BCLR	U2RXIF_bit, BitPos(U2RXIF_bit+0)
;Concentrador.c,430 :: 		byteRS485 = U2RXREG;
0x08BC	0x2100C1  	MOV	#lo_addr(_byteRS485), W1
0x08BE	0xBFC236  	MOV.B	U2RXREG, WREG
0x08C0	0x784880  	MOV.B	W0, [W1]
;Concentrador.c,431 :: 		U2STA.OERR = 0;
0x08C2	0xA92232  	BCLR.B	U2STA, #1
;Concentrador.c,434 :: 		if (banRSI==2){
0x08C4	0x21A7C0  	MOV	#lo_addr(_banRSI), W0
0x08C6	0x784010  	MOV.B	[W0], W0
0x08C8	0xE10462  	CP.B	W0, #2
0x08CA	0x3A0013  	BRA NZ	L_urx_2103
L__urx_2273:
;Concentrador.c,435 :: 		if (i_rs485<(numDatosRS485)){
0x08CC	0x808071  	MOV	_i_rs485, W1
0x08CE	0x2100A0  	MOV	#lo_addr(_numDatosRS485), W0
0x08D0	0xE10810  	CP	W1, [W0]
0x08D2	0x310009  	BRA GEU	L_urx_2104
L__urx_2274:
;Concentrador.c,436 :: 		inputPyloadRS485[i_rs485] = byteRS485;
0x08D4	0x2103E1  	MOV	#lo_addr(_inputPyloadRS485), W1
0x08D6	0x2100E0  	MOV	#lo_addr(_i_rs485), W0
0x08D8	0x408090  	ADD	W1, [W0], W1
0x08DA	0x2100C0  	MOV	#lo_addr(_byteRS485), W0
0x08DC	0x784890  	MOV.B	[W0], [W1]
;Concentrador.c,437 :: 		i_rs485++;
0x08DE	0x200011  	MOV	#1, W1
0x08E0	0x2100E0  	MOV	#lo_addr(_i_rs485), W0
0x08E2	0x408810  	ADD	W1, [W0], [W0]
;Concentrador.c,438 :: 		} else {
0x08E4	0x370006  	BRA	L_urx_2105
L_urx_2104:
;Concentrador.c,439 :: 		banRSI = 0;
0x08E6	0x21A7C1  	MOV	#lo_addr(_banRSI), W1
0x08E8	0xEF2000  	CLR	W0
0x08EA	0x784880  	MOV.B	W0, [W1]
;Concentrador.c,440 :: 		banRSC = 1;
0x08EC	0x210371  	MOV	#lo_addr(_banRSC), W1
0x08EE	0xB3C010  	MOV.B	#1, W0
0x08F0	0x784880  	MOV.B	W0, [W1]
;Concentrador.c,441 :: 		}
L_urx_2105:
;Concentrador.c,442 :: 		}
L_urx_2103:
;Concentrador.c,445 :: 		if ((banRSI==0)&&(banRSC==0)){
0x08F2	0x21A7C0  	MOV	#lo_addr(_banRSI), W0
0x08F4	0x784010  	MOV.B	[W0], W0
0x08F6	0xE10460  	CP.B	W0, #0
0x08F8	0x3A000E  	BRA NZ	L__urx_2193
L__urx_2275:
0x08FA	0x210370  	MOV	#lo_addr(_banRSC), W0
0x08FC	0x784010  	MOV.B	[W0], W0
0x08FE	0xE10460  	CP.B	W0, #0
0x0900	0x3A000A  	BRA NZ	L__urx_2192
L__urx_2276:
L__urx_2191:
;Concentrador.c,446 :: 		if (byteRS485==RS485_BYTE_INICIO){
0x0902	0x2100C0  	MOV	#lo_addr(_byteRS485), W0
0x0904	0x784090  	MOV.B	[W0], W1
0x0906	0xB3C3A0  	MOV.B	#58, W0
0x0908	0xE10C00  	CP.B	W1, W0
0x090A	0x3A0005  	BRA NZ	L_urx_2109
L__urx_2277:
;Concentrador.c,447 :: 		banRSI = 1;
0x090C	0x21A7C1  	MOV	#lo_addr(_banRSI), W1
0x090E	0xB3C010  	MOV.B	#1, W0
0x0910	0x784880  	MOV.B	W0, [W1]
;Concentrador.c,448 :: 		i_rs485 = 0;
0x0912	0xEF2000  	CLR	W0
0x0914	0x888070  	MOV	W0, _i_rs485
;Concentrador.c,449 :: 		}
L_urx_2109:
;Concentrador.c,445 :: 		if ((banRSI==0)&&(banRSC==0)){
L__urx_2193:
L__urx_2192:
;Concentrador.c,451 :: 		if ((banRSI==1)&&(i_rs485<5)){
0x0916	0x21A7C0  	MOV	#lo_addr(_banRSI), W0
0x0918	0x784010  	MOV.B	[W0], W0
0x091A	0xE10461  	CP.B	W0, #1
0x091C	0x3A000B  	BRA NZ	L__urx_2195
L__urx_2278:
0x091E	0x808070  	MOV	_i_rs485, W0
0x0920	0xE10065  	CP	W0, #5
0x0922	0x310008  	BRA GEU	L__urx_2194
L__urx_2279:
L__urx_2190:
;Concentrador.c,452 :: 		tramaCabeceraRS485[i_rs485] = byteRS485;
0x0924	0x210131  	MOV	#lo_addr(_tramaCabeceraRS485), W1
0x0926	0x2100E0  	MOV	#lo_addr(_i_rs485), W0
0x0928	0x408090  	ADD	W1, [W0], W1
0x092A	0x2100C0  	MOV	#lo_addr(_byteRS485), W0
0x092C	0x784890  	MOV.B	[W0], [W1]
;Concentrador.c,453 :: 		i_rs485++;
0x092E	0x200011  	MOV	#1, W1
0x0930	0x2100E0  	MOV	#lo_addr(_i_rs485), W0
0x0932	0x408810  	ADD	W1, [W0], [W0]
;Concentrador.c,451 :: 		if ((banRSI==1)&&(i_rs485<5)){
L__urx_2195:
L__urx_2194:
;Concentrador.c,455 :: 		if ((banRSI==1)&&(i_rs485==5)){
0x0934	0x21A7C0  	MOV	#lo_addr(_banRSI), W0
0x0936	0x784010  	MOV.B	[W0], W0
0x0938	0xE10461  	CP.B	W0, #1
0x093A	0x3A0022  	BRA NZ	L__urx_2197
L__urx_2280:
0x093C	0x808070  	MOV	_i_rs485, W0
0x093E	0xE10065  	CP	W0, #5
0x0940	0x3A001F  	BRA NZ	L__urx_2196
L__urx_2281:
L__urx_2189:
;Concentrador.c,456 :: 		if (tramaCabeceraRS485[1]==direccionRS485){
0x0942	0x210140  	MOV	#lo_addr(_tramaCabeceraRS485+1), W0
0x0944	0x784090  	MOV.B	[W0], W1
0x0946	0x2101D0  	MOV	#lo_addr(_direccionRS485), W0
0x0948	0xE10C10  	CP.B	W1, [W0]
0x094A	0x3A0012  	BRA NZ	L_urx_2116
L__urx_2282:
;Concentrador.c,457 :: 		T2CON.TON = 0;                                                          //Detiene el Timeout 2
0x094C	0xA9E111  	BCLR	T2CON, #15
;Concentrador.c,458 :: 		TMR2 = 0;
0x094E	0xEF2106  	CLR	TMR2
;Concentrador.c,459 :: 		funcionRS485 = tramaCabeceraRS485[2];
0x0950	0x210091  	MOV	#lo_addr(_funcionRS485), W1
0x0952	0x210150  	MOV	#lo_addr(_tramaCabeceraRS485+2), W0
0x0954	0x784890  	MOV.B	[W0], [W1]
;Concentrador.c,460 :: 		*(ptrnumDatosRS485)   = tramaCabeceraRS485[3];                       //LSB numDatosRS485
0x0956	0x210161  	MOV	#lo_addr(_tramaCabeceraRS485+3), W1
0x0958	0x808080  	MOV	_ptrnumDatosRS485, W0
0x095A	0x784811  	MOV.B	[W1], [W0]
;Concentrador.c,461 :: 		*(ptrnumDatosRS485+1) = tramaCabeceraRS485[4];                       //MSB numDatosRS485
0x095C	0x808080  	MOV	_ptrnumDatosRS485, W0
0x095E	0x4000E1  	ADD	W0, #1, W1
0x0960	0x210170  	MOV	#lo_addr(_tramaCabeceraRS485+4), W0
0x0962	0x784890  	MOV.B	[W0], [W1]
;Concentrador.c,462 :: 		banRSI = 2;
0x0964	0x21A7C1  	MOV	#lo_addr(_banRSI), W1
0x0966	0xB3C020  	MOV.B	#2, W0
0x0968	0x784880  	MOV.B	W0, [W1]
;Concentrador.c,463 :: 		i_rs485 = 0;
0x096A	0xEF2000  	CLR	W0
0x096C	0x888070  	MOV	W0, _i_rs485
;Concentrador.c,464 :: 		} else {
0x096E	0x370008  	BRA	L_urx_2117
L_urx_2116:
;Concentrador.c,465 :: 		banRSI = 0;
0x0970	0x21A7C1  	MOV	#lo_addr(_banRSI), W1
0x0972	0xEF2000  	CLR	W0
0x0974	0x784880  	MOV.B	W0, [W1]
;Concentrador.c,466 :: 		banRSC = 0;
0x0976	0x210371  	MOV	#lo_addr(_banRSC), W1
0x0978	0xEF2000  	CLR	W0
0x097A	0x784880  	MOV.B	W0, [W1]
;Concentrador.c,467 :: 		i_rs485 = 0;
0x097C	0xEF2000  	CLR	W0
0x097E	0x888070  	MOV	W0, _i_rs485
;Concentrador.c,468 :: 		}
L_urx_2117:
;Concentrador.c,455 :: 		if ((banRSI==1)&&(i_rs485==5)){
L__urx_2197:
L__urx_2196:
;Concentrador.c,472 :: 		if (banRSC==1){
0x0980	0x210370  	MOV	#lo_addr(_banRSC), W0
0x0982	0x784010  	MOV.B	[W0], W0
0x0984	0xE10461  	CP.B	W0, #1
0x0986	0x3A0021  	BRA NZ	L_urx_2118
L__urx_2283:
;Concentrador.c,473 :: 		subFuncionRS485 = inputPyloadRS485[0];
0x0988	0x210081  	MOV	#lo_addr(_subFuncionRS485), W1
0x098A	0x2103E0  	MOV	#lo_addr(_inputPyloadRS485), W0
0x098C	0x784890  	MOV.B	[W0], [W1]
;Concentrador.c,474 :: 		banRespuestaPi = 1;
0x098E	0x21A7B1  	MOV	#lo_addr(_banRespuestaPi), W1
0x0990	0xB3C010  	MOV.B	#1, W0
0x0992	0x784880  	MOV.B	W0, [W1]
;Concentrador.c,476 :: 		INT_SINC_2 = ~INT_SINC_2;                                              //D2: trama valida recibida de un nodo (trafico RS485)
0x0994	0xAA6E04  	BTG	LATA3_bit, BitPos(LATA3_bit+0)
;Concentrador.c,478 :: 		switch (funcionRS485){
0x0996	0x37000C  	BRA	L_urx_2119
;Concentrador.c,479 :: 		case 0xF1: InterrupcionP1(0xB1,subFuncionRS485,numDatosRS485); break;
L_urx_2121:
0x0998	0x210080  	MOV	#lo_addr(_subFuncionRS485), W0
0x099A	0x80805C  	MOV	_numDatosRS485, W12
0x099C	0x784590  	MOV.B	[W0], W11
0x099E	0xB3CB1A  	MOV.B	#177, W10
0x09A0	0x07FE77  	RCALL	_InterrupcionP1
0x09A2	0x370010  	BRA	L_urx_2120
;Concentrador.c,480 :: 		case 0xF3: InterrupcionP1(0xB3,subFuncionRS485,numDatosRS485); break;
L_urx_2122:
0x09A4	0x210080  	MOV	#lo_addr(_subFuncionRS485), W0
0x09A6	0x80805C  	MOV	_numDatosRS485, W12
0x09A8	0x784590  	MOV.B	[W0], W11
0x09AA	0xB3CB3A  	MOV.B	#179, W10
0x09AC	0x07FE71  	RCALL	_InterrupcionP1
0x09AE	0x37000A  	BRA	L_urx_2120
;Concentrador.c,481 :: 		}
L_urx_2119:
0x09B0	0x210090  	MOV	#lo_addr(_funcionRS485), W0
0x09B2	0x784090  	MOV.B	[W0], W1
0x09B4	0xB3CF10  	MOV.B	#241, W0
0x09B6	0xE10C00  	CP.B	W1, W0
0x09B8	0x32FFEF  	BRA Z	L_urx_2121
L__urx_2284:
0x09BA	0x210090  	MOV	#lo_addr(_funcionRS485), W0
0x09BC	0x784090  	MOV.B	[W0], W1
0x09BE	0xB3CF30  	MOV.B	#243, W0
0x09C0	0xE10C00  	CP.B	W1, W0
0x09C2	0x32FFF0  	BRA Z	L_urx_2122
L__urx_2285:
L_urx_2120:
;Concentrador.c,482 :: 		banRSC = 0;
0x09C4	0x210371  	MOV	#lo_addr(_banRSC), W1
0x09C6	0xEF2000  	CLR	W0
0x09C8	0x784880  	MOV.B	W0, [W1]
;Concentrador.c,483 :: 		}
L_urx_2118:
;Concentrador.c,484 :: 		}
L_end_urx_2:
0x09CA	0x78064F  	POP	W12
0x09CC	0x7805CF  	POP	W11
0x09CE	0x78054F  	POP	W10
0x09D0	0x2001A0  	MOV	#26, W0
0x09D2	0x09000C  	REPEAT	#12
0x09D4	0x78104F  	POP	[W0--]
0x09D6	0x78004F  	POP	W0
0x09D8	0xF90036  	POP	RCOUNT
0x09DA	0xF90032  	POP	DSRPAG
0x09DC	0xF90034  	POP	DSWPAG
0x09DE	0x064000  	RETFIE
; end of _urx_2
_InterrupcionP1:
;Concentrador.c,206 :: 		void InterrupcionP1(unsigned short funcionSPI, unsigned short subFuncionSPI, unsigned int numBytesSPI){
;Concentrador.c,208 :: 		if (banRespuestaPi==1){
0x0690	0x21A7B0  	MOV	#lo_addr(_banRespuestaPi), W0
0x0692	0x784010  	MOV.B	[W0], W0
0x0694	0xE10461  	CP.B	W0, #1
0x0696	0x3A0016  	BRA NZ	L_InterrupcionP121
L__InterrupcionP1209:
;Concentrador.c,209 :: 		ptrnumBytesSPI = (unsigned char *) &numBytesSPI;
0x0698	0x200181  	MOV	#lo_addr(W12), W1
0x069A	0x88D331  	MOV	W1, _ptrnumBytesSPI
;Concentrador.c,210 :: 		tramaSolicitudSPI[0] = funcionSPI;
0x069C	0x21A680  	MOV	#lo_addr(_tramaSolicitudSPI), W0
0x069E	0x78480A  	MOV.B	W10, [W0]
;Concentrador.c,211 :: 		tramaSolicitudSPI[1] = subFuncionSPI;
0x06A0	0x21A690  	MOV	#lo_addr(_tramaSolicitudSPI+1), W0
0x06A2	0x78480B  	MOV.B	W11, [W0]
;Concentrador.c,212 :: 		tramaSolicitudSPI[2] = *(ptrnumBytesSPI);
0x06A4	0x21A6A0  	MOV	#lo_addr(_tramaSolicitudSPI+2), W0
0x06A6	0x78480C  	MOV.B	W12, [W0]
;Concentrador.c,213 :: 		tramaSolicitudSPI[3] = *(ptrnumBytesSPI+1);
0x06A8	0x408061  	ADD	W1, #1, W0
0x06AA	0x784090  	MOV.B	[W0], W1
0x06AC	0x21A6B0  	MOV	#lo_addr(_tramaSolicitudSPI+3), W0
0x06AE	0x784801  	MOV.B	W1, [W0]
;Concentrador.c,214 :: 		RP1 = 1;
0x06B0	0xA88E04  	BSET	LATA4_bit, BitPos(LATA4_bit+0)
;Concentrador.c,215 :: 		Delay_us(20);
0x06B2	0x200A07  	MOV	#160, W7
L_InterrupcionP122:
0x06B4	0xED200E  	DEC	W7
0x06B6	0x3AFFFE  	BRA NZ	L_InterrupcionP122
0x06B8	0x000000  	NOP
0x06BA	0x000000  	NOP
;Concentrador.c,216 :: 		RP1 = 0;
0x06BC	0xA98E04  	BCLR	LATA4_bit, BitPos(LATA4_bit+0)
;Concentrador.c,217 :: 		banRespuestaPi = 0;
0x06BE	0x21A7B1  	MOV	#lo_addr(_banRespuestaPi), W1
0x06C0	0xEF2000  	CLR	W0
0x06C2	0x784880  	MOV.B	W0, [W1]
;Concentrador.c,218 :: 		}
L_InterrupcionP121:
;Concentrador.c,219 :: 		}
L_end_InterrupcionP1:
0x06C4	0x060000  	RETURN
; end of _InterrupcionP1
_spi_1:
0x09E0	0xF80034  	PUSH	DSWPAG
0x09E2	0xF80032  	PUSH	DSRPAG
0x09E4	0xF80036  	PUSH	RCOUNT
0x09E6	0x781F80  	PUSH	W0
0x09E8	0x200020  	MOV	#2, W0
0x09EA	0x09000C  	REPEAT	#12
0x09EC	0x781FB0  	PUSH	[W0++]
;Concentrador.c,251 :: 		void spi_1() org  IVT_ADDR_SPI1INTERRUPT {
;Concentrador.c,253 :: 		SPI1IF_bit = 0;
0x09EE	0x781F8A  	PUSH	W10
0x09F0	0x781F8B  	PUSH	W11
0x09F2	0x781F8C  	PUSH	W12
0x09F4	0x781F8D  	PUSH	W13
0x09F6	0xA94801  	BCLR	SPI1IF_bit, BitPos(SPI1IF_bit+0)
;Concentrador.c,254 :: 		bufferSPI = SPI1BUF;
0x09F8	0x210121  	MOV	#lo_addr(_bufferSPI), W1
0x09FA	0xBFC248  	MOV.B	SPI1BUF, WREG
0x09FC	0x784880  	MOV.B	W0, [W1]
;Concentrador.c,257 :: 		if ((banSPI0==0)&&(bufferSPI==0xA0)) {
0x09FE	0x21A720  	MOV	#lo_addr(_banSPI0), W0
0x0A00	0x784010  	MOV.B	[W0], W0
0x0A02	0xE10460  	CP.B	W0, #0
0x0A04	0x3A000D  	BRA NZ	L__spi_1144
L__spi_1220:
0x0A06	0x210120  	MOV	#lo_addr(_bufferSPI), W0
0x0A08	0x784090  	MOV.B	[W0], W1
0x0A0A	0xB3CA00  	MOV.B	#160, W0
0x0A0C	0xE10C00  	CP.B	W1, W0
0x0A0E	0x3A0008  	BRA NZ	L__spi_1143
L__spi_1221:
L__spi_1142:
;Concentrador.c,258 :: 		CambiarEstadoBandera(0,1);
0x0A10	0xB3C01B  	MOV.B	#1, W11
0x0A12	0xEF2014  	CLR	W10
0x0A14	0x07FE58  	RCALL	_CambiarEstadoBandera
;Concentrador.c,259 :: 		i = 1;
0x0A16	0x200010  	MOV	#1, W0
0x0A18	0x88D3B0  	MOV	W0, _i
;Concentrador.c,260 :: 		SPI1BUF = tramaSolicitudSPI[0];
0x0A1A	0x21A680  	MOV	#lo_addr(_tramaSolicitudSPI), W0
0x0A1C	0xFB8010  	ZE	[W0], W0
0x0A1E	0xB7A248  	MOV	WREG, SPI1BUF
;Concentrador.c,257 :: 		if ((banSPI0==0)&&(bufferSPI==0xA0)) {
L__spi_1144:
L__spi_1143:
;Concentrador.c,262 :: 		if ((banSPI0==1)&&(bufferSPI!=0xA0)&&(bufferSPI!=0xF0)){
0x0A20	0x21A720  	MOV	#lo_addr(_banSPI0), W0
0x0A22	0x784010  	MOV.B	[W0], W0
0x0A24	0xE10461  	CP.B	W0, #1
0x0A26	0x3A0013  	BRA NZ	L__spi_1147
L__spi_1222:
0x0A28	0x210120  	MOV	#lo_addr(_bufferSPI), W0
0x0A2A	0x784090  	MOV.B	[W0], W1
0x0A2C	0xB3CA00  	MOV.B	#160, W0
0x0A2E	0xE10C00  	CP.B	W1, W0
0x0A30	0x32000E  	BRA Z	L__spi_1146
L__spi_1223:
0x0A32	0x210120  	MOV	#lo_addr(_bufferSPI), W0
0x0A34	0x784090  	MOV.B	[W0], W1
0x0A36	0xB3CF00  	MOV.B	#240, W0
0x0A38	0xE10C00  	CP.B	W1, W0
0x0A3A	0x320009  	BRA Z	L__spi_1145
L__spi_1224:
L__spi_1141:
;Concentrador.c,263 :: 		SPI1BUF = tramaSolicitudSPI[i];
0x0A3C	0x21A681  	MOV	#lo_addr(_tramaSolicitudSPI), W1
0x0A3E	0x21A760  	MOV	#lo_addr(_i), W0
0x0A40	0x408010  	ADD	W1, [W0], W0
0x0A42	0x784010  	MOV.B	[W0], W0
0x0A44	0xFB8000  	ZE	W0, W0
0x0A46	0xB7A248  	MOV	WREG, SPI1BUF
;Concentrador.c,264 :: 		i++;
0x0A48	0x200011  	MOV	#1, W1
0x0A4A	0x21A760  	MOV	#lo_addr(_i), W0
0x0A4C	0x408810  	ADD	W1, [W0], [W0]
;Concentrador.c,262 :: 		if ((banSPI0==1)&&(bufferSPI!=0xA0)&&(bufferSPI!=0xF0)){
L__spi_1147:
L__spi_1146:
L__spi_1145:
;Concentrador.c,266 :: 		if ((banSPI0==1)&&(bufferSPI==0xF0)){
0x0A4E	0x21A720  	MOV	#lo_addr(_banSPI0), W0
0x0A50	0x784010  	MOV.B	[W0], W0
0x0A52	0xE10461  	CP.B	W0, #1
0x0A54	0x3A0008  	BRA NZ	L__spi_1149
L__spi_1225:
0x0A56	0x210120  	MOV	#lo_addr(_bufferSPI), W0
0x0A58	0x784090  	MOV.B	[W0], W1
0x0A5A	0xB3CF00  	MOV.B	#240, W0
0x0A5C	0xE10C00  	CP.B	W1, W0
0x0A5E	0x3A0003  	BRA NZ	L__spi_1148
L__spi_1226:
L__spi_1140:
;Concentrador.c,267 :: 		CambiarEstadoBandera(0,0);
0x0A60	0xEF2016  	CLR	W11
0x0A62	0xEF2014  	CLR	W10
0x0A64	0x07FE30  	RCALL	_CambiarEstadoBandera
;Concentrador.c,266 :: 		if ((banSPI0==1)&&(bufferSPI==0xF0)){
L__spi_1149:
L__spi_1148:
;Concentrador.c,271 :: 		if ((banSPI1==0)&&(bufferSPI==0xA1)){
0x0A66	0x21A730  	MOV	#lo_addr(_banSPI1), W0
0x0A68	0x784010  	MOV.B	[W0], W0
0x0A6A	0xE10460  	CP.B	W0, #0
0x0A6C	0x3A000A  	BRA NZ	L__spi_1151
L__spi_1227:
0x0A6E	0x210120  	MOV	#lo_addr(_bufferSPI), W0
0x0A70	0x784090  	MOV.B	[W0], W1
0x0A72	0xB3CA10  	MOV.B	#161, W0
0x0A74	0xE10C00  	CP.B	W1, W0
0x0A76	0x3A0005  	BRA NZ	L__spi_1150
L__spi_1228:
L__spi_1139:
;Concentrador.c,272 :: 		CambiarEstadoBandera(1,1);
0x0A78	0xB3C01B  	MOV.B	#1, W11
0x0A7A	0xB3C01A  	MOV.B	#1, W10
0x0A7C	0x07FE24  	RCALL	_CambiarEstadoBandera
;Concentrador.c,273 :: 		i = 0;
0x0A7E	0xEF2000  	CLR	W0
0x0A80	0x88D3B0  	MOV	W0, _i
;Concentrador.c,271 :: 		if ((banSPI1==0)&&(bufferSPI==0xA1)){
L__spi_1151:
L__spi_1150:
;Concentrador.c,275 :: 		if ((banSPI1==1)&&(bufferSPI!=0xA1)&&(bufferSPI!=0xF1)){
0x0A82	0x21A730  	MOV	#lo_addr(_banSPI1), W0
0x0A84	0x784010  	MOV.B	[W0], W0
0x0A86	0xE10461  	CP.B	W0, #1
0x0A88	0x3A0012  	BRA NZ	L__spi_1154
L__spi_1229:
0x0A8A	0x210120  	MOV	#lo_addr(_bufferSPI), W0
0x0A8C	0x784090  	MOV.B	[W0], W1
0x0A8E	0xB3CA10  	MOV.B	#161, W0
0x0A90	0xE10C00  	CP.B	W1, W0
0x0A92	0x32000D  	BRA Z	L__spi_1153
L__spi_1230:
0x0A94	0x210120  	MOV	#lo_addr(_bufferSPI), W0
0x0A96	0x784090  	MOV.B	[W0], W1
0x0A98	0xB3CF10  	MOV.B	#241, W0
0x0A9A	0xE10C00  	CP.B	W1, W0
0x0A9C	0x320008  	BRA Z	L__spi_1152
L__spi_1231:
L__spi_1138:
;Concentrador.c,276 :: 		tramaSolicitudSPI[i] = bufferSPI;                                       //Direccion del nodo + indicador de sobrescritura SD
0x0A9E	0x21A681  	MOV	#lo_addr(_tramaSolicitudSPI), W1
0x0AA0	0x21A760  	MOV	#lo_addr(_i), W0
0x0AA2	0x408090  	ADD	W1, [W0], W1
0x0AA4	0x210120  	MOV	#lo_addr(_bufferSPI), W0
0x0AA6	0x784890  	MOV.B	[W0], [W1]
;Concentrador.c,277 :: 		i++;
0x0AA8	0x200011  	MOV	#1, W1
0x0AAA	0x21A760  	MOV	#lo_addr(_i), W0
0x0AAC	0x408810  	ADD	W1, [W0], [W0]
;Concentrador.c,275 :: 		if ((banSPI1==1)&&(bufferSPI!=0xA1)&&(bufferSPI!=0xF1)){
L__spi_1154:
L__spi_1153:
L__spi_1152:
;Concentrador.c,279 :: 		if ((banSPI1==1)&&(bufferSPI==0xF1)){
0x0AAE	0x21A730  	MOV	#lo_addr(_banSPI1), W0
0x0AB0	0x784010  	MOV.B	[W0], W0
0x0AB2	0xE10461  	CP.B	W0, #1
0x0AB4	0x3A001A  	BRA NZ	L__spi_1156
L__spi_1232:
0x0AB6	0x210120  	MOV	#lo_addr(_bufferSPI), W0
0x0AB8	0x784090  	MOV.B	[W0], W1
0x0ABA	0xB3CF10  	MOV.B	#241, W0
0x0ABC	0xE10C00  	CP.B	W1, W0
0x0ABE	0x3A0015  	BRA NZ	L__spi_1155
L__spi_1233:
L__spi_1137:
;Concentrador.c,280 :: 		direccionRS485 = tramaSolicitudSPI[0];
0x0AC0	0x2101D1  	MOV	#lo_addr(_direccionRS485), W1
0x0AC2	0x21A680  	MOV	#lo_addr(_tramaSolicitudSPI), W0
0x0AC4	0x784890  	MOV.B	[W0], [W1]
;Concentrador.c,281 :: 		outputPyloadRS485[0] = 0xD1;
0x0AC6	0x2101E1  	MOV	#lo_addr(_outputPyloadRS485), W1
0x0AC8	0xB3CD10  	MOV.B	#209, W0
0x0ACA	0x784880  	MOV.B	W0, [W1]
;Concentrador.c,282 :: 		outputPyloadRS485[1] = tramaSolicitudSPI[1];
0x0ACC	0x2101F1  	MOV	#lo_addr(_outputPyloadRS485+1), W1
0x0ACE	0x21A690  	MOV	#lo_addr(_tramaSolicitudSPI+1), W0
0x0AD0	0x784890  	MOV.B	[W0], [W1]
;Concentrador.c,283 :: 		EnviarTramaRS485(RS485_PUERTO_UART2, direccionRS485, 0xF2, 2, outputPyloadRS485);
0x0AD2	0x21A680  	MOV	#lo_addr(_tramaSolicitudSPI), W0
0x0AD4	0x20002D  	MOV	#2, W13
0x0AD6	0xB3CF2C  	MOV.B	#242, W12
0x0AD8	0x784590  	MOV.B	[W0], W11
0x0ADA	0xB3C02A  	MOV.B	#2, W10
0x0ADC	0x2101E0  	MOV	#lo_addr(_outputPyloadRS485), W0
0x0ADE	0x781F80  	PUSH	W0
0x0AE0	0x07FD12  	RCALL	_EnviarTramaRS485
0x0AE2	0xB1002F  	SUB	#2, W15
;Concentrador.c,284 :: 		CambiarEstadoBandera(1,0);
0x0AE4	0xEF2016  	CLR	W11
0x0AE6	0xB3C01A  	MOV.B	#1, W10
0x0AE8	0x07FDEE  	RCALL	_CambiarEstadoBandera
;Concentrador.c,279 :: 		if ((banSPI1==1)&&(bufferSPI==0xF1)){
L__spi_1156:
L__spi_1155:
;Concentrador.c,288 :: 		if ((banSPI2==0)&&(bufferSPI==0xA2)){
0x0AEA	0x21A7A0  	MOV	#lo_addr(_banSPI2), W0
0x0AEC	0x784010  	MOV.B	[W0], W0
0x0AEE	0xE10460  	CP.B	W0, #0
0x0AF0	0x3A000A  	BRA NZ	L__spi_1158
L__spi_1234:
0x0AF2	0x210120  	MOV	#lo_addr(_bufferSPI), W0
0x0AF4	0x784090  	MOV.B	[W0], W1
0x0AF6	0xB3CA20  	MOV.B	#162, W0
0x0AF8	0xE10C00  	CP.B	W1, W0
0x0AFA	0x3A0005  	BRA NZ	L__spi_1157
L__spi_1235:
L__spi_1136:
;Concentrador.c,289 :: 		CambiarEstadoBandera(2,1);
0x0AFC	0xB3C01B  	MOV.B	#1, W11
0x0AFE	0xB3C02A  	MOV.B	#2, W10
0x0B00	0x07FDE2  	RCALL	_CambiarEstadoBandera
;Concentrador.c,290 :: 		i = 0;
0x0B02	0xEF2000  	CLR	W0
0x0B04	0x88D3B0  	MOV	W0, _i
;Concentrador.c,288 :: 		if ((banSPI2==0)&&(bufferSPI==0xA2)){
L__spi_1158:
L__spi_1157:
;Concentrador.c,292 :: 		if ((banSPI2==1)&&(bufferSPI!=0xA2)&&(bufferSPI!=0xF2)){
0x0B06	0x21A7A0  	MOV	#lo_addr(_banSPI2), W0
0x0B08	0x784010  	MOV.B	[W0], W0
0x0B0A	0xE10461  	CP.B	W0, #1
0x0B0C	0x3A000F  	BRA NZ	L__spi_1161
L__spi_1236:
0x0B0E	0x210120  	MOV	#lo_addr(_bufferSPI), W0
0x0B10	0x784090  	MOV.B	[W0], W1
0x0B12	0xB3CA20  	MOV.B	#162, W0
0x0B14	0xE10C00  	CP.B	W1, W0
0x0B16	0x32000A  	BRA Z	L__spi_1160
L__spi_1237:
0x0B18	0x210120  	MOV	#lo_addr(_bufferSPI), W0
0x0B1A	0x784090  	MOV.B	[W0], W1
0x0B1C	0xB3CF20  	MOV.B	#242, W0
0x0B1E	0xE10C00  	CP.B	W1, W0
0x0B20	0x320005  	BRA Z	L__spi_1159
L__spi_1238:
L__spi_1135:
;Concentrador.c,293 :: 		tramaSolicitudSPI[i] = bufferSPI;
0x0B22	0x21A681  	MOV	#lo_addr(_tramaSolicitudSPI), W1
0x0B24	0x21A760  	MOV	#lo_addr(_i), W0
0x0B26	0x408090  	ADD	W1, [W0], W1
0x0B28	0x210120  	MOV	#lo_addr(_bufferSPI), W0
0x0B2A	0x784890  	MOV.B	[W0], [W1]
;Concentrador.c,292 :: 		if ((banSPI2==1)&&(bufferSPI!=0xA2)&&(bufferSPI!=0xF2)){
L__spi_1161:
L__spi_1160:
L__spi_1159:
;Concentrador.c,295 :: 		if ((banSPI2==1)&&(bufferSPI==0xF2)){
0x0B2C	0x21A7A0  	MOV	#lo_addr(_banSPI2), W0
0x0B2E	0x784010  	MOV.B	[W0], W0
0x0B30	0xE10461  	CP.B	W0, #1
0x0B32	0x3A0017  	BRA NZ	L__spi_1163
L__spi_1239:
0x0B34	0x210120  	MOV	#lo_addr(_bufferSPI), W0
0x0B36	0x784090  	MOV.B	[W0], W1
0x0B38	0xB3CF20  	MOV.B	#242, W0
0x0B3A	0xE10C00  	CP.B	W1, W0
0x0B3C	0x3A0012  	BRA NZ	L__spi_1162
L__spi_1240:
L__spi_1134:
;Concentrador.c,296 :: 		direccionRS485 = tramaSolicitudSPI[0];
0x0B3E	0x2101D1  	MOV	#lo_addr(_direccionRS485), W1
0x0B40	0x21A680  	MOV	#lo_addr(_tramaSolicitudSPI), W0
0x0B42	0x784890  	MOV.B	[W0], [W1]
;Concentrador.c,297 :: 		outputPyloadRS485[0] = 0xD2;
0x0B44	0x2101E1  	MOV	#lo_addr(_outputPyloadRS485), W1
0x0B46	0xB3CD20  	MOV.B	#210, W0
0x0B48	0x784880  	MOV.B	W0, [W1]
;Concentrador.c,298 :: 		EnviarTramaRS485(RS485_PUERTO_UART2, direccionRS485, 0xF2, 1, outputPyloadRS485);
0x0B4A	0x21A680  	MOV	#lo_addr(_tramaSolicitudSPI), W0
0x0B4C	0x20001D  	MOV	#1, W13
0x0B4E	0xB3CF2C  	MOV.B	#242, W12
0x0B50	0x784590  	MOV.B	[W0], W11
0x0B52	0xB3C02A  	MOV.B	#2, W10
0x0B54	0x2101E0  	MOV	#lo_addr(_outputPyloadRS485), W0
0x0B56	0x781F80  	PUSH	W0
0x0B58	0x07FCD6  	RCALL	_EnviarTramaRS485
0x0B5A	0xB1002F  	SUB	#2, W15
;Concentrador.c,299 :: 		CambiarEstadoBandera(2,0);
0x0B5C	0xEF2016  	CLR	W11
0x0B5E	0xB3C02A  	MOV.B	#2, W10
0x0B60	0x07FDB2  	RCALL	_CambiarEstadoBandera
;Concentrador.c,295 :: 		if ((banSPI2==1)&&(bufferSPI==0xF2)){
L__spi_1163:
L__spi_1162:
;Concentrador.c,303 :: 		if ((banSPI7==0)&&(bufferSPI==0xA7)){
0x0B62	0x21A7E0  	MOV	#lo_addr(_banSPI7), W0
0x0B64	0x784010  	MOV.B	[W0], W0
0x0B66	0xE10460  	CP.B	W0, #0
0x0B68	0x3A000A  	BRA NZ	L__spi_1165
L__spi_1241:
0x0B6A	0x210120  	MOV	#lo_addr(_bufferSPI), W0
0x0B6C	0x784090  	MOV.B	[W0], W1
0x0B6E	0xB3CA70  	MOV.B	#167, W0
0x0B70	0xE10C00  	CP.B	W1, W0
0x0B72	0x3A0005  	BRA NZ	L__spi_1164
L__spi_1242:
L__spi_1133:
;Concentrador.c,304 :: 		CambiarEstadoBandera(7,1);
0x0B74	0xB3C01B  	MOV.B	#1, W11
0x0B76	0xB3C07A  	MOV.B	#7, W10
0x0B78	0x07FDA6  	RCALL	_CambiarEstadoBandera
;Concentrador.c,305 :: 		i = 0;
0x0B7A	0xEF2000  	CLR	W0
0x0B7C	0x88D3B0  	MOV	W0, _i
;Concentrador.c,303 :: 		if ((banSPI7==0)&&(bufferSPI==0xA7)){
L__spi_1165:
L__spi_1164:
;Concentrador.c,307 :: 		if ((banSPI7==1)&&(bufferSPI!=0xA7)&&(bufferSPI!=0xF7)){
0x0B7E	0x21A7E0  	MOV	#lo_addr(_banSPI7), W0
0x0B80	0x784010  	MOV.B	[W0], W0
0x0B82	0xE10461  	CP.B	W0, #1
0x0B84	0x3A000F  	BRA NZ	L__spi_1168
L__spi_1243:
0x0B86	0x210120  	MOV	#lo_addr(_bufferSPI), W0
0x0B88	0x784090  	MOV.B	[W0], W1
0x0B8A	0xB3CA70  	MOV.B	#167, W0
0x0B8C	0xE10C00  	CP.B	W1, W0
0x0B8E	0x32000A  	BRA Z	L__spi_1167
L__spi_1244:
0x0B90	0x210120  	MOV	#lo_addr(_bufferSPI), W0
0x0B92	0x784090  	MOV.B	[W0], W1
0x0B94	0xB3CF70  	MOV.B	#247, W0
0x0B96	0xE10C00  	CP.B	W1, W0
0x0B98	0x320005  	BRA Z	L__spi_1166
L__spi_1245:
L__spi_1132:
;Concentrador.c,308 :: 		tramaSolicitudSPI[i] = bufferSPI;
0x0B9A	0x21A681  	MOV	#lo_addr(_tramaSolicitudSPI), W1
0x0B9C	0x21A760  	MOV	#lo_addr(_i), W0
0x0B9E	0x408090  	ADD	W1, [W0], W1
0x0BA0	0x210120  	MOV	#lo_addr(_bufferSPI), W0
0x0BA2	0x784890  	MOV.B	[W0], [W1]
;Concentrador.c,307 :: 		if ((banSPI7==1)&&(bufferSPI!=0xA7)&&(bufferSPI!=0xF7)){
L__spi_1168:
L__spi_1167:
L__spi_1166:
;Concentrador.c,310 :: 		if ((banSPI7==1)&&(bufferSPI==0xF7)){
0x0BA4	0x21A7E0  	MOV	#lo_addr(_banSPI7), W0
0x0BA6	0x784010  	MOV.B	[W0], W0
0x0BA8	0xE10461  	CP.B	W0, #1
0x0BAA	0x3A001E  	BRA NZ	L__spi_1170
L__spi_1246:
0x0BAC	0x210120  	MOV	#lo_addr(_bufferSPI), W0
0x0BAE	0x784090  	MOV.B	[W0], W1
0x0BB0	0xB3CF70  	MOV.B	#247, W0
0x0BB2	0xE10C00  	CP.B	W1, W0
0x0BB4	0x3A0019  	BRA NZ	L__spi_1169
L__spi_1247:
L__spi_1131:
;Concentrador.c,311 :: 		direccionRS485 = tramaSolicitudSPI[i];
0x0BB6	0x21A681  	MOV	#lo_addr(_tramaSolicitudSPI), W1
0x0BB8	0x21A760  	MOV	#lo_addr(_i), W0
0x0BBA	0x408010  	ADD	W1, [W0], W0
0x0BBC	0x784110  	MOV.B	[W0], W2
0x0BBE	0x2101D0  	MOV	#lo_addr(_direccionRS485), W0
0x0BC0	0x784802  	MOV.B	W2, [W0]
;Concentrador.c,312 :: 		outputPyloadRS485[0] = 0xD2;
0x0BC2	0x2101E1  	MOV	#lo_addr(_outputPyloadRS485), W1
0x0BC4	0xB3CD20  	MOV.B	#210, W0
0x0BC6	0x784880  	MOV.B	W0, [W1]
;Concentrador.c,313 :: 		EnviarTramaRS485(RS485_PUERTO_UART2, direccionRS485, 0xF1, 1, outputPyloadRS485);
0x0BC8	0x20001D  	MOV	#1, W13
0x0BCA	0xB3CF1C  	MOV.B	#241, W12
0x0BCC	0x784582  	MOV.B	W2, W11
0x0BCE	0xB3C02A  	MOV.B	#2, W10
0x0BD0	0x2101E0  	MOV	#lo_addr(_outputPyloadRS485), W0
0x0BD2	0x781F80  	PUSH	W0
0x0BD4	0x07FC98  	RCALL	_EnviarTramaRS485
0x0BD6	0xB1002F  	SUB	#2, W15
;Concentrador.c,314 :: 		T2CON.TON = 1;                                                             //Inicia el Timeout 2 (espera de respuesta del nodo)
0x0BD8	0xA8E111  	BSET	T2CON, #15
;Concentrador.c,315 :: 		TMR2 = 0;
0x0BDA	0xEF2106  	CLR	TMR2
;Concentrador.c,316 :: 		banRespuestaPi = 1;
0x0BDC	0x21A7B1  	MOV	#lo_addr(_banRespuestaPi), W1
0x0BDE	0xB3C010  	MOV.B	#1, W0
0x0BE0	0x784880  	MOV.B	W0, [W1]
;Concentrador.c,317 :: 		CambiarEstadoBandera(7,0);
0x0BE2	0xEF2016  	CLR	W11
0x0BE4	0xB3C07A  	MOV.B	#7, W10
0x0BE6	0x07FD6F  	RCALL	_CambiarEstadoBandera
;Concentrador.c,310 :: 		if ((banSPI7==1)&&(bufferSPI==0xF7)){
L__spi_1170:
L__spi_1169:
;Concentrador.c,321 :: 		if ((banSPI8==0)&&(bufferSPI==0xA8)){
0x0BE8	0x21A7F0  	MOV	#lo_addr(_banSPI8), W0
0x0BEA	0x784010  	MOV.B	[W0], W0
0x0BEC	0xE10460  	CP.B	W0, #0
0x0BEE	0x3A000A  	BRA NZ	L__spi_1172
L__spi_1248:
0x0BF0	0x210120  	MOV	#lo_addr(_bufferSPI), W0
0x0BF2	0x784090  	MOV.B	[W0], W1
0x0BF4	0xB3CA80  	MOV.B	#168, W0
0x0BF6	0xE10C00  	CP.B	W1, W0
0x0BF8	0x3A0005  	BRA NZ	L__spi_1171
L__spi_1249:
L__spi_1130:
;Concentrador.c,322 :: 		CambiarEstadoBandera(8,1);
0x0BFA	0xB3C01B  	MOV.B	#1, W11
0x0BFC	0xB3C08A  	MOV.B	#8, W10
0x0BFE	0x07FD63  	RCALL	_CambiarEstadoBandera
;Concentrador.c,323 :: 		i = 0;
0x0C00	0xEF2000  	CLR	W0
0x0C02	0x88D3B0  	MOV	W0, _i
;Concentrador.c,321 :: 		if ((banSPI8==0)&&(bufferSPI==0xA8)){
L__spi_1172:
L__spi_1171:
;Concentrador.c,325 :: 		if ((banSPI8==1)&&(i<4)){
0x0C04	0x21A7F0  	MOV	#lo_addr(_banSPI8), W0
0x0C06	0x784010  	MOV.B	[W0], W0
0x0C08	0xE10461  	CP.B	W0, #1
0x0C0A	0x3A000B  	BRA NZ	L__spi_1174
L__spi_1250:
0x0C0C	0x80D3B0  	MOV	_i, W0
0x0C0E	0xE10064  	CP	W0, #4
0x0C10	0x310008  	BRA GEU	L__spi_1173
L__spi_1251:
L__spi_1129:
;Concentrador.c,326 :: 		tramaSolicitudNodo[i] = bufferSPI;                                      //Cabecera: [0x3A, Direccion, Funcion, numDatos]
0x0C12	0x2102D1  	MOV	#lo_addr(_tramaSolicitudNodo), W1
0x0C14	0x21A760  	MOV	#lo_addr(_i), W0
0x0C16	0x408090  	ADD	W1, [W0], W1
0x0C18	0x210120  	MOV	#lo_addr(_bufferSPI), W0
0x0C1A	0x784890  	MOV.B	[W0], [W1]
;Concentrador.c,327 :: 		i++;
0x0C1C	0x200011  	MOV	#1, W1
0x0C1E	0x21A760  	MOV	#lo_addr(_i), W0
0x0C20	0x408810  	ADD	W1, [W0], [W0]
;Concentrador.c,325 :: 		if ((banSPI8==1)&&(i<4)){
L__spi_1174:
L__spi_1173:
;Concentrador.c,329 :: 		if ((banSPI8==1)&&(i==4)){
0x0C22	0x21A7F0  	MOV	#lo_addr(_banSPI8), W0
0x0C24	0x784010  	MOV.B	[W0], W0
0x0C26	0xE10461  	CP.B	W0, #1
0x0C28	0x3A0011  	BRA NZ	L__spi_1176
L__spi_1252:
0x0C2A	0x80D3B0  	MOV	_i, W0
0x0C2C	0xE10064  	CP	W0, #4
0x0C2E	0x3A000E  	BRA NZ	L__spi_1175
L__spi_1253:
L__spi_1128:
;Concentrador.c,330 :: 		direccionRS485 = tramaSolicitudNodo[1];
0x0C30	0x2101D1  	MOV	#lo_addr(_direccionRS485), W1
0x0C32	0x2102E0  	MOV	#lo_addr(_tramaSolicitudNodo+1), W0
0x0C34	0x784890  	MOV.B	[W0], [W1]
;Concentrador.c,331 :: 		funcionRS485   = tramaSolicitudNodo[2];
0x0C36	0x210091  	MOV	#lo_addr(_funcionRS485), W1
0x0C38	0x2102F0  	MOV	#lo_addr(_tramaSolicitudNodo+2), W0
0x0C3A	0x784890  	MOV.B	[W0], [W1]
;Concentrador.c,332 :: 		numDatosRS485  = tramaSolicitudNodo[3];
0x0C3C	0x210300  	MOV	#lo_addr(_tramaSolicitudNodo+3), W0
0x0C3E	0xFB8010  	ZE	[W0], W0
0x0C40	0x888050  	MOV	W0, _numDatosRS485
;Concentrador.c,333 :: 		i = 0;
0x0C42	0xEF2000  	CLR	W0
0x0C44	0x88D3B0  	MOV	W0, _i
;Concentrador.c,334 :: 		banSPI8 = 2;
0x0C46	0x21A7F1  	MOV	#lo_addr(_banSPI8), W1
0x0C48	0xB3C020  	MOV.B	#2, W0
0x0C4A	0x784880  	MOV.B	W0, [W1]
;Concentrador.c,329 :: 		if ((banSPI8==1)&&(i==4)){
L__spi_1176:
L__spi_1175:
;Concentrador.c,336 :: 		if ((banSPI8==2)&&(i<=numDatosRS485)){
0x0C4C	0x21A7F0  	MOV	#lo_addr(_banSPI8), W0
0x0C4E	0x784010  	MOV.B	[W0], W0
0x0C50	0xE10462  	CP.B	W0, #2
0x0C52	0x3A000C  	BRA NZ	L__spi_1178
L__spi_1254:
0x0C54	0x80D3B1  	MOV	_i, W1
0x0C56	0x2100A0  	MOV	#lo_addr(_numDatosRS485), W0
0x0C58	0xE10810  	CP	W1, [W0]
0x0C5A	0x3E0008  	BRA GTU	L__spi_1177
L__spi_1255:
L__spi_1127:
;Concentrador.c,337 :: 		tramaSolicitudNodo[i] = bufferSPI;
0x0C5C	0x2102D1  	MOV	#lo_addr(_tramaSolicitudNodo), W1
0x0C5E	0x21A760  	MOV	#lo_addr(_i), W0
0x0C60	0x408090  	ADD	W1, [W0], W1
0x0C62	0x210120  	MOV	#lo_addr(_bufferSPI), W0
0x0C64	0x784890  	MOV.B	[W0], [W1]
;Concentrador.c,338 :: 		i++;
0x0C66	0x200011  	MOV	#1, W1
0x0C68	0x21A760  	MOV	#lo_addr(_i), W0
0x0C6A	0x408810  	ADD	W1, [W0], [W0]
;Concentrador.c,336 :: 		if ((banSPI8==2)&&(i<=numDatosRS485)){
L__spi_1178:
L__spi_1177:
;Concentrador.c,340 :: 		if ((banSPI8==2)&&(bufferSPI==0xF8)&&(i>numDatosRS485)){
0x0C6C	0x21A7F0  	MOV	#lo_addr(_banSPI8), W0
0x0C6E	0x784010  	MOV.B	[W0], W0
0x0C70	0xE10462  	CP.B	W0, #2
0x0C72	0x3A0041  	BRA NZ	L__spi_1181
L__spi_1256:
0x0C74	0x210120  	MOV	#lo_addr(_bufferSPI), W0
0x0C76	0x784090  	MOV.B	[W0], W1
0x0C78	0xB3CF80  	MOV.B	#248, W0
0x0C7A	0xE10C00  	CP.B	W1, W0
0x0C7C	0x3A003C  	BRA NZ	L__spi_1180
L__spi_1257:
0x0C7E	0x80D3B1  	MOV	_i, W1
0x0C80	0x2100A0  	MOV	#lo_addr(_numDatosRS485), W0
0x0C82	0xE10810  	CP	W1, [W0]
0x0C84	0x360038  	BRA LEU	L__spi_1179
L__spi_1258:
L__spi_1126:
;Concentrador.c,341 :: 		CambiarEstadoBandera(8,0);
0x0C86	0xEF2016  	CLR	W11
0x0C88	0xB3C08A  	MOV.B	#8, W10
0x0C8A	0x07FD1D  	RCALL	_CambiarEstadoBandera
;Concentrador.c,342 :: 		if (numDatosRS485>1){
0x0C8C	0x808050  	MOV	_numDatosRS485, W0
0x0C8E	0xE10061  	CP	W0, #1
0x0C90	0x360013  	BRA LEU	L_spi_185
L__spi_1259:
;Concentrador.c,343 :: 		for (x=0;x<numDatosRS485;x++){
0x0C92	0xEF2000  	CLR	W0
0x0C94	0x88D3A0  	MOV	W0, _x
L_spi_186:
0x0C96	0x80D3A1  	MOV	_x, W1
0x0C98	0x2100A0  	MOV	#lo_addr(_numDatosRS485), W0
0x0C9A	0xE10810  	CP	W1, [W0]
0x0C9C	0x31000C  	BRA GEU	L_spi_187
L__spi_1260:
;Concentrador.c,344 :: 		outputPyloadRS485[x] = tramaSolicitudNodo[x+1];
0x0C9E	0x2101E1  	MOV	#lo_addr(_outputPyloadRS485), W1
0x0CA0	0x21A740  	MOV	#lo_addr(_x), W0
0x0CA2	0x408110  	ADD	W1, [W0], W2
0x0CA4	0x80D3A0  	MOV	_x, W0
0x0CA6	0x4000E1  	ADD	W0, #1, W1
0x0CA8	0x2102D0  	MOV	#lo_addr(_tramaSolicitudNodo), W0
0x0CAA	0x400001  	ADD	W0, W1, W0
0x0CAC	0x784910  	MOV.B	[W0], [W2]
;Concentrador.c,343 :: 		for (x=0;x<numDatosRS485;x++){
0x0CAE	0x200011  	MOV	#1, W1
0x0CB0	0x21A740  	MOV	#lo_addr(_x), W0
0x0CB2	0x408810  	ADD	W1, [W0], [W0]
;Concentrador.c,345 :: 		}
0x0CB4	0x37FFF0  	BRA	L_spi_186
L_spi_187:
;Concentrador.c,346 :: 		} else {
0x0CB6	0x370003  	BRA	L_spi_189
L_spi_185:
;Concentrador.c,347 :: 		outputPyloadRS485[0] = tramaSolicitudNodo[1];
0x0CB8	0x2101E1  	MOV	#lo_addr(_outputPyloadRS485), W1
0x0CBA	0x2102E0  	MOV	#lo_addr(_tramaSolicitudNodo+1), W0
0x0CBC	0x784890  	MOV.B	[W0], [W1]
;Concentrador.c,348 :: 		}
L_spi_189:
;Concentrador.c,349 :: 		banRSI = 0;
0x0CBE	0x21A7C1  	MOV	#lo_addr(_banRSI), W1
0x0CC0	0xEF2000  	CLR	W0
0x0CC2	0x784880  	MOV.B	W0, [W1]
;Concentrador.c,350 :: 		banRSC = 0;
0x0CC4	0x210371  	MOV	#lo_addr(_banRSC), W1
0x0CC6	0xEF2000  	CLR	W0
0x0CC8	0x784880  	MOV.B	W0, [W1]
;Concentrador.c,351 :: 		i_rs485 = 0;
0x0CCA	0xEF2000  	CLR	W0
0x0CCC	0x888070  	MOV	W0, _i_rs485
;Concentrador.c,352 :: 		banRespuestaPi = 1;
0x0CCE	0x21A7B1  	MOV	#lo_addr(_banRespuestaPi), W1
0x0CD0	0xB3C010  	MOV.B	#1, W0
0x0CD2	0x784880  	MOV.B	W0, [W1]
;Concentrador.c,353 :: 		EnviarTramaRS485(RS485_PUERTO_UART2, direccionRS485, funcionRS485, numDatosRS485, outputPyloadRS485);
0x0CD4	0x210091  	MOV	#lo_addr(_funcionRS485), W1
0x0CD6	0x2101D0  	MOV	#lo_addr(_direccionRS485), W0
0x0CD8	0x80805D  	MOV	_numDatosRS485, W13
0x0CDA	0x784611  	MOV.B	[W1], W12
0x0CDC	0x784590  	MOV.B	[W0], W11
0x0CDE	0xB3C02A  	MOV.B	#2, W10
0x0CE0	0x2101E0  	MOV	#lo_addr(_outputPyloadRS485), W0
0x0CE2	0x781F80  	PUSH	W0
0x0CE4	0x07FC10  	RCALL	_EnviarTramaRS485
0x0CE6	0xB1002F  	SUB	#2, W15
;Concentrador.c,354 :: 		if (direccionRS485 != RS485_DIR_BROADCAST) {
0x0CE8	0x2101D0  	MOV	#lo_addr(_direccionRS485), W0
0x0CEA	0x784090  	MOV.B	[W0], W1
0x0CEC	0xB3CFF0  	MOV.B	#255, W0
0x0CEE	0xE10C00  	CP.B	W1, W0
0x0CF0	0x320002  	BRA Z	L_spi_190
L__spi_1261:
;Concentrador.c,355 :: 		T2CON.TON = 1;                                                         //Inicia el Timeout 2 solo para respuestas individuales
0x0CF2	0xA8E111  	BSET	T2CON, #15
;Concentrador.c,356 :: 		TMR2 = 0;
0x0CF4	0xEF2106  	CLR	TMR2
;Concentrador.c,357 :: 		}
L_spi_190:
;Concentrador.c,340 :: 		if ((banSPI8==2)&&(bufferSPI==0xF8)&&(i>numDatosRS485)){
L__spi_1181:
L__spi_1180:
L__spi_1179:
;Concentrador.c,361 :: 		if ((banSPIA==0)&&(bufferSPI==0xAA)){
0x0CF6	0x21A7D0  	MOV	#lo_addr(_banSPIA), W0
0x0CF8	0x784010  	MOV.B	[W0], W0
0x0CFA	0xE10460  	CP.B	W0, #0
0x0CFC	0x3A000D  	BRA NZ	L__spi_1183
L__spi_1262:
0x0CFE	0x210120  	MOV	#lo_addr(_bufferSPI), W0
0x0D00	0x784090  	MOV.B	[W0], W1
0x0D02	0xB3CAA0  	MOV.B	#170, W0
0x0D04	0xE10C00  	CP.B	W1, W0
0x0D06	0x3A0008  	BRA NZ	L__spi_1182
L__spi_1263:
L__spi_1125:
;Concentrador.c,362 :: 		CambiarEstadoBandera(0x0A,1);
0x0D08	0xB3C01B  	MOV.B	#1, W11
0x0D0A	0xB3C0AA  	MOV.B	#10, W10
0x0D0C	0x07FCDC  	RCALL	_CambiarEstadoBandera
;Concentrador.c,363 :: 		SPI1BUF = inputPyloadRS485[0];
0x0D0E	0x2103E0  	MOV	#lo_addr(_inputPyloadRS485), W0
0x0D10	0xFB8010  	ZE	[W0], W0
0x0D12	0xB7A248  	MOV	WREG, SPI1BUF
;Concentrador.c,364 :: 		i = 1;
0x0D14	0x200010  	MOV	#1, W0
0x0D16	0x88D3B0  	MOV	W0, _i
;Concentrador.c,361 :: 		if ((banSPIA==0)&&(bufferSPI==0xAA)){
L__spi_1183:
L__spi_1182:
;Concentrador.c,366 :: 		if ((banSPIA==1)&&(bufferSPI!=0xAA)&&(bufferSPI!=0xFA)){
0x0D18	0x21A7D0  	MOV	#lo_addr(_banSPIA), W0
0x0D1A	0x784010  	MOV.B	[W0], W0
0x0D1C	0xE10461  	CP.B	W0, #1
0x0D1E	0x3A0013  	BRA NZ	L__spi_1186
L__spi_1264:
0x0D20	0x210120  	MOV	#lo_addr(_bufferSPI), W0
0x0D22	0x784090  	MOV.B	[W0], W1
0x0D24	0xB3CAA0  	MOV.B	#170, W0
0x0D26	0xE10C00  	CP.B	W1, W0
0x0D28	0x32000E  	BRA Z	L__spi_1185
L__spi_1265:
0x0D2A	0x210120  	MOV	#lo_addr(_bufferSPI), W0
0x0D2C	0x784090  	MOV.B	[W0], W1
0x0D2E	0xB3CFA0  	MOV.B	#250, W0
0x0D30	0xE10C00  	CP.B	W1, W0
0x0D32	0x320009  	BRA Z	L__spi_1184
L__spi_1266:
L__spi_1124:
;Concentrador.c,367 :: 		SPI1BUF = inputPyloadRS485[i];
0x0D34	0x2103E1  	MOV	#lo_addr(_inputPyloadRS485), W1
0x0D36	0x21A760  	MOV	#lo_addr(_i), W0
0x0D38	0x408010  	ADD	W1, [W0], W0
0x0D3A	0x784010  	MOV.B	[W0], W0
0x0D3C	0xFB8000  	ZE	W0, W0
0x0D3E	0xB7A248  	MOV	WREG, SPI1BUF
;Concentrador.c,368 :: 		i++;
0x0D40	0x200011  	MOV	#1, W1
0x0D42	0x21A760  	MOV	#lo_addr(_i), W0
0x0D44	0x408810  	ADD	W1, [W0], [W0]
;Concentrador.c,366 :: 		if ((banSPIA==1)&&(bufferSPI!=0xAA)&&(bufferSPI!=0xFA)){
L__spi_1186:
L__spi_1185:
L__spi_1184:
;Concentrador.c,370 :: 		if ((banSPIA==1)&&(bufferSPI==0xFA)){
0x0D46	0x21A7D0  	MOV	#lo_addr(_banSPIA), W0
0x0D48	0x784010  	MOV.B	[W0], W0
0x0D4A	0xE10461  	CP.B	W0, #1
0x0D4C	0x3A0008  	BRA NZ	L__spi_1188
L__spi_1267:
0x0D4E	0x210120  	MOV	#lo_addr(_bufferSPI), W0
0x0D50	0x784090  	MOV.B	[W0], W1
0x0D52	0xB3CFA0  	MOV.B	#250, W0
0x0D54	0xE10C00  	CP.B	W1, W0
0x0D56	0x3A0003  	BRA NZ	L__spi_1187
L__spi_1268:
L__spi_1123:
;Concentrador.c,371 :: 		CambiarEstadoBandera(0x0A,0);
0x0D58	0xEF2016  	CLR	W11
0x0D5A	0xB3C0AA  	MOV.B	#10, W10
0x0D5C	0x07FCB4  	RCALL	_CambiarEstadoBandera
;Concentrador.c,370 :: 		if ((banSPIA==1)&&(bufferSPI==0xFA)){
L__spi_1188:
L__spi_1187:
;Concentrador.c,374 :: 		}
L_end_spi_1:
0x0D5E	0x7806CF  	POP	W13
0x0D60	0x78064F  	POP	W12
0x0D62	0x7805CF  	POP	W11
0x0D64	0x78054F  	POP	W10
0x0D66	0x2001A0  	MOV	#26, W0
0x0D68	0x09000C  	REPEAT	#12
0x0D6A	0x78104F  	POP	[W0--]
0x0D6C	0x78004F  	POP	W0
0x0D6E	0xF90036  	POP	RCOUNT
0x0D70	0xF90032  	POP	DSRPAG
0x0D72	0xF90034  	POP	DSWPAG
0x0D74	0x064000  	RETFIE
; end of _spi_1
_CambiarEstadoBandera:
;Concentrador.c,224 :: 		void CambiarEstadoBandera(unsigned short bandera, unsigned short estado){
;Concentrador.c,226 :: 		if (estado==1){
0x06C6	0xE15C61  	CP.B	W11, #1
0x06C8	0x3A0037  	BRA NZ	L_CambiarEstadoBandera24
L__CambiarEstadoBandera211:
;Concentrador.c,227 :: 		banSPI0 = 3; banSPI1 = 3; banSPI2 = 3; banSPI7 = 3; banSPI8 = 3; banSPIA = 3;
0x06CA	0x21A721  	MOV	#lo_addr(_banSPI0), W1
0x06CC	0xB3C030  	MOV.B	#3, W0
0x06CE	0x784880  	MOV.B	W0, [W1]
0x06D0	0x21A731  	MOV	#lo_addr(_banSPI1), W1
0x06D2	0xB3C030  	MOV.B	#3, W0
0x06D4	0x784880  	MOV.B	W0, [W1]
0x06D6	0x21A7A1  	MOV	#lo_addr(_banSPI2), W1
0x06D8	0xB3C030  	MOV.B	#3, W0
0x06DA	0x784880  	MOV.B	W0, [W1]
0x06DC	0x21A7E1  	MOV	#lo_addr(_banSPI7), W1
0x06DE	0xB3C030  	MOV.B	#3, W0
0x06E0	0x784880  	MOV.B	W0, [W1]
0x06E2	0x21A7F1  	MOV	#lo_addr(_banSPI8), W1
0x06E4	0xB3C030  	MOV.B	#3, W0
0x06E6	0x784880  	MOV.B	W0, [W1]
0x06E8	0x21A7D1  	MOV	#lo_addr(_banSPIA), W1
0x06EA	0xB3C030  	MOV.B	#3, W0
0x06EC	0x784880  	MOV.B	W0, [W1]
;Concentrador.c,228 :: 		switch (bandera){
0x06EE	0x370018  	BRA	L_CambiarEstadoBandera25
;Concentrador.c,229 :: 		case 0: banSPI0 = 1; break;
L_CambiarEstadoBandera27:
0x06F0	0x21A721  	MOV	#lo_addr(_banSPI0), W1
0x06F2	0xB3C010  	MOV.B	#1, W0
0x06F4	0x784880  	MOV.B	W0, [W1]
0x06F6	0x370020  	BRA	L_CambiarEstadoBandera26
;Concentrador.c,230 :: 		case 1: banSPI1 = 1; break;
L_CambiarEstadoBandera28:
0x06F8	0x21A731  	MOV	#lo_addr(_banSPI1), W1
0x06FA	0xB3C010  	MOV.B	#1, W0
0x06FC	0x784880  	MOV.B	W0, [W1]
0x06FE	0x37001C  	BRA	L_CambiarEstadoBandera26
;Concentrador.c,231 :: 		case 2: banSPI2 = 1; break;
L_CambiarEstadoBandera29:
0x0700	0x21A7A1  	MOV	#lo_addr(_banSPI2), W1
0x0702	0xB3C010  	MOV.B	#1, W0
0x0704	0x784880  	MOV.B	W0, [W1]
0x0706	0x370018  	BRA	L_CambiarEstadoBandera26
;Concentrador.c,232 :: 		case 7: banSPI7 = 1; break;
L_CambiarEstadoBandera30:
0x0708	0x21A7E1  	MOV	#lo_addr(_banSPI7), W1
0x070A	0xB3C010  	MOV.B	#1, W0
0x070C	0x784880  	MOV.B	W0, [W1]
0x070E	0x370014  	BRA	L_CambiarEstadoBandera26
;Concentrador.c,233 :: 		case 8: banSPI8 = 1; break;
L_CambiarEstadoBandera31:
0x0710	0x21A7F1  	MOV	#lo_addr(_banSPI8), W1
0x0712	0xB3C010  	MOV.B	#1, W0
0x0714	0x784880  	MOV.B	W0, [W1]
0x0716	0x370010  	BRA	L_CambiarEstadoBandera26
;Concentrador.c,234 :: 		case 0x0A: banSPIA = 1; break;
L_CambiarEstadoBandera32:
0x0718	0x21A7D1  	MOV	#lo_addr(_banSPIA), W1
0x071A	0xB3C010  	MOV.B	#1, W0
0x071C	0x784880  	MOV.B	W0, [W1]
0x071E	0x37000C  	BRA	L_CambiarEstadoBandera26
;Concentrador.c,235 :: 		}
L_CambiarEstadoBandera25:
0x0720	0xE15460  	CP.B	W10, #0
0x0722	0x32FFE6  	BRA Z	L_CambiarEstadoBandera27
L__CambiarEstadoBandera212:
0x0724	0xE15461  	CP.B	W10, #1
0x0726	0x32FFE8  	BRA Z	L_CambiarEstadoBandera28
L__CambiarEstadoBandera213:
0x0728	0xE15462  	CP.B	W10, #2
0x072A	0x32FFEA  	BRA Z	L_CambiarEstadoBandera29
L__CambiarEstadoBandera214:
0x072C	0xE15467  	CP.B	W10, #7
0x072E	0x32FFEC  	BRA Z	L_CambiarEstadoBandera30
L__CambiarEstadoBandera215:
0x0730	0xE15468  	CP.B	W10, #8
0x0732	0x32FFEE  	BRA Z	L_CambiarEstadoBandera31
L__CambiarEstadoBandera216:
0x0734	0xE1546A  	CP.B	W10, #10
0x0736	0x32FFF0  	BRA Z	L_CambiarEstadoBandera32
L__CambiarEstadoBandera217:
L_CambiarEstadoBandera26:
;Concentrador.c,236 :: 		}
L_CambiarEstadoBandera24:
;Concentrador.c,238 :: 		if (estado==0){
0x0738	0xE15C60  	CP.B	W11, #0
0x073A	0x3A0012  	BRA NZ	L_CambiarEstadoBandera33
L__CambiarEstadoBandera218:
;Concentrador.c,239 :: 		banSPI0 = 0; banSPI1 = 0; banSPI2 = 0; banSPI7 = 0; banSPI8 = 0; banSPIA = 0;
0x073C	0x21A721  	MOV	#lo_addr(_banSPI0), W1
0x073E	0xEF2000  	CLR	W0
0x0740	0x784880  	MOV.B	W0, [W1]
0x0742	0x21A731  	MOV	#lo_addr(_banSPI1), W1
0x0744	0xEF2000  	CLR	W0
0x0746	0x784880  	MOV.B	W0, [W1]
0x0748	0x21A7A1  	MOV	#lo_addr(_banSPI2), W1
0x074A	0xEF2000  	CLR	W0
0x074C	0x784880  	MOV.B	W0, [W1]
0x074E	0x21A7E1  	MOV	#lo_addr(_banSPI7), W1
0x0750	0xEF2000  	CLR	W0
0x0752	0x784880  	MOV.B	W0, [W1]
0x0754	0x21A7F1  	MOV	#lo_addr(_banSPI8), W1
0x0756	0xEF2000  	CLR	W0
0x0758	0x784880  	MOV.B	W0, [W1]
0x075A	0x21A7D1  	MOV	#lo_addr(_banSPIA), W1
0x075C	0xEF2000  	CLR	W0
0x075E	0x784880  	MOV.B	W0, [W1]
;Concentrador.c,240 :: 		}
L_CambiarEstadoBandera33:
;Concentrador.c,241 :: 		}
L_end_CambiarEstadoBandera:
0x0760	0x060000  	RETURN
; end of _CambiarEstadoBandera
_EnviarTramaRS485:
0x0506	0xFA0000  	LNK	#0
;rs485.c,74 :: 		void EnviarTramaRS485(unsigned short puerto, unsigned short direccion, unsigned short funcion, unsigned int numDatos, unsigned char *payload){
0x0508	0x781F8B  	PUSH	W11
; payload start address is: 2 (W1)
0x050A	0x97B8CE  	MOV	[W14-8], W1
;rs485.c,79 :: 		ptrNumDatos = (unsigned char *) &numDatos;
0x050C	0x2001A0  	MOV	#lo_addr(W13), W0
; ptrNumDatos start address is: 4 (W2)
0x050E	0x780100  	MOV	W0, W2
;rs485.c,81 :: 		MSRS485 = 1;                                    // Habilita el MAX485 de datos en modo transmision (DE/RE = 1)
0x0510	0xA86E15  	BSET	LATB11_bit, BitPos(LATB11_bit+0)
;rs485.c,82 :: 		Delay_us(10);                                    // Tiempo de establecimiento del transceptor (margen sobre datasheet MAX485)
0x0512	0x200507  	MOV	#80, W7
L_EnviarTramaRS4858:
0x0514	0xED200E  	DEC	W7
0x0516	0x3AFFFE  	BRA NZ	L_EnviarTramaRS4858
0x0518	0x000000  	NOP
0x051A	0x000000  	NOP
;rs485.c,84 :: 		RS485_EscribirByte(puerto, RS485_BYTE_INICIO);   // [0] Cabecera
0x051C	0x781F8B  	PUSH	W11
0x051E	0xB3C3AB  	MOV.B	#58, W11
0x0520	0x07FEE7  	RCALL	Concentrador_RS485_EscribirByte
0x0522	0x7805CF  	POP	W11
;rs485.c,85 :: 		RS485_EscribirByte(puerto, direccion);           // [1] Direccion del nodo destino
0x0524	0x07FEE5  	RCALL	Concentrador_RS485_EscribirByte
;rs485.c,86 :: 		RS485_EscribirByte(puerto, funcion);             // [2] Funcion solicitada
0x0526	0x78458C  	MOV.B	W12, W11
0x0528	0x07FEE3  	RCALL	Concentrador_RS485_EscribirByte
;rs485.c,87 :: 		RS485_EscribirByte(puerto, *(ptrNumDatos));      // [3] numDatos LSB
0x052A	0x784592  	MOV.B	[W2], W11
0x052C	0x07FEE1  	RCALL	Concentrador_RS485_EscribirByte
;rs485.c,88 :: 		RS485_EscribirByte(puerto, *(ptrNumDatos+1));    // [4] numDatos MSB
0x052E	0x410061  	ADD	W2, #1, W0
; ptrNumDatos end address is: 4 (W2)
0x0530	0x784590  	MOV.B	[W0], W11
0x0532	0x07FEDE  	RCALL	Concentrador_RS485_EscribirByte
;rs485.c,90 :: 		for (k=0; k<numDatos; k++){
; k start address is: 4 (W2)
0x0534	0xEF2004  	CLR	W2
; k end address is: 4 (W2)
L_EnviarTramaRS48510:
; k start address is: 4 (W2)
; payload start address is: 2 (W1)
; payload end address is: 2 (W1)
0x0536	0xE1100D  	CP	W2, W13
0x0538	0x310007  	BRA GEU	L_EnviarTramaRS48511
L__EnviarTramaRS485203:
; payload end address is: 2 (W1)
;rs485.c,91 :: 		RS485_EscribirByte(puerto, payload[k]);      // [5..N] Payload
; payload start address is: 2 (W1)
0x053A	0x408002  	ADD	W1, W2, W0
0x053C	0x781F8B  	PUSH	W11
0x053E	0x784590  	MOV.B	[W0], W11
0x0540	0x07FED7  	RCALL	Concentrador_RS485_EscribirByte
0x0542	0x7805CF  	POP	W11
;rs485.c,90 :: 		for (k=0; k<numDatos; k++){
0x0544	0xEC2004  	INC	W2
;rs485.c,92 :: 		}
; payload end address is: 2 (W1)
; k end address is: 4 (W2)
0x0546	0x37FFF7  	BRA	L_EnviarTramaRS48510
L_EnviarTramaRS48511:
;rs485.c,94 :: 		RS485_EsperarFinTx(puerto);                      // Espera a que el ultimo byte salga fisicamente por la linea
0x0548	0x07FEDD  	RCALL	Concentrador_RS485_EsperarFinTx
;rs485.c,95 :: 		Delay_us(10);
0x054A	0x200507  	MOV	#80, W7
L_EnviarTramaRS48513:
0x054C	0xED200E  	DEC	W7
0x054E	0x3AFFFE  	BRA NZ	L_EnviarTramaRS48513
0x0550	0x000000  	NOP
0x0552	0x000000  	NOP
;rs485.c,96 :: 		MSRS485 = 0;                                     // Regresa el MAX485 a modo recepcion para escuchar la respuesta del nodo
0x0554	0xA96E15  	BCLR	LATB11_bit, BitPos(LATB11_bit+0)
;rs485.c,98 :: 		}
L_end_EnviarTramaRS485:
0x0556	0x7805CF  	POP	W11
0x0558	0xFA8000  	ULNK
0x055A	0x060000  	RETURN
; end of _EnviarTramaRS485
Concentrador_RS485_EscribirByte:
;rs485.c,51 :: 		static void RS485_EscribirByte(unsigned short puerto, unsigned char dato){
;rs485.c,53 :: 		if (puerto==RS485_PUERTO_UART1){
0x02F0	0x781F8A  	PUSH	W10
0x02F2	0xE15461  	CP.B	W10, #1
0x02F4	0x3A0003  	BRA NZ	L_Concentrador_RS485_EscribirByte6
L_Concentrador_RS485_EscribirByte201:
;rs485.c,54 :: 		UART1_Write(dato);
0x02F6	0xFB850B  	ZE	W11, W10
0x02F8	0x07FFE8  	RCALL	_UART1_Write
;rs485.c,55 :: 		} else {
0x02FA	0x370002  	BRA	L_Concentrador_RS485_EscribirByte7
L_Concentrador_RS485_EscribirByte6:
;rs485.c,56 :: 		UART2_Write(dato);
0x02FC	0xFB850B  	ZE	W11, W10
0x02FE	0x07FFDE  	RCALL	_UART2_Write
;rs485.c,57 :: 		}
L_Concentrador_RS485_EscribirByte7:
;rs485.c,59 :: 		}
L_end_RS485_EscribirByte:
0x0300	0x78054F  	POP	W10
0x0302	0x060000  	RETURN
; end of Concentrador_RS485_EscribirByte
_UART1_Write:
0x02CA	0xFA0000  	LNK	#0
;__Lib_UART_12_p24_p33.c,70 :: 		
;__Lib_UART_12_p24_p33.c,71 :: 		
L_UART1_Write0:
0x02CC	0xAF0223  	BTSC	U1STA, #8
0x02CE	0x370001  	BRA	L_UART1_Write1
0x02D0	0x37FFFD  	BRA	L_UART1_Write0
L_UART1_Write1:
;__Lib_UART_12_p24_p33.c,72 :: 		
0x02D2	0x88112A  	MOV	W10, U1TXREG
;__Lib_UART_12_p24_p33.c,73 :: 		
L_end_UART1_Write:
0x02D4	0xFA8000  	ULNK
0x02D6	0x060000  	RETURN
; end of _UART1_Write
_UART2_Write:
0x02BC	0xFA0000  	LNK	#0
;__Lib_UART_12_p24_p33.c,305 :: 		
;__Lib_UART_12_p24_p33.c,306 :: 		
L_UART2_Write25:
0x02BE	0xAF0233  	BTSC	U2STA, #8
0x02C0	0x370001  	BRA	L_UART2_Write26
0x02C2	0x37FFFD  	BRA	L_UART2_Write25
L_UART2_Write26:
;__Lib_UART_12_p24_p33.c,307 :: 		
0x02C4	0x8811AA  	MOV	W10, U2TXREG
;__Lib_UART_12_p24_p33.c,308 :: 		
L_end_UART2_Write:
0x02C6	0xFA8000  	ULNK
0x02C8	0x060000  	RETURN
; end of _UART2_Write
Concentrador_RS485_EsperarFinTx:
;rs485.c,37 :: 		static void RS485_EsperarFinTx(unsigned short puerto){
;rs485.c,39 :: 		if (puerto==RS485_PUERTO_UART1){
0x0304	0xE15461  	CP.B	W10, #1
0x0306	0x3A0004  	BRA NZ	L_Concentrador_RS485_EsperarFinTx0
L_Concentrador_RS485_EsperarFinTx199:
;rs485.c,40 :: 		while(!U1STAbits.TRMT);
L_Concentrador_RS485_EsperarFinTx1:
0x0308	0xAF0223  	BTSC	U1STAbits, #8
0x030A	0x370001  	BRA	L_Concentrador_RS485_EsperarFinTx2
0x030C	0x37FFFD  	BRA	L_Concentrador_RS485_EsperarFinTx1
L_Concentrador_RS485_EsperarFinTx2:
;rs485.c,41 :: 		} else {
0x030E	0x370003  	BRA	L_Concentrador_RS485_EsperarFinTx3
L_Concentrador_RS485_EsperarFinTx0:
;rs485.c,42 :: 		while(!U2STAbits.TRMT);
L_Concentrador_RS485_EsperarFinTx4:
0x0310	0xAF0233  	BTSC	U2STAbits, #8
0x0312	0x370001  	BRA	L_Concentrador_RS485_EsperarFinTx5
0x0314	0x37FFFD  	BRA	L_Concentrador_RS485_EsperarFinTx4
L_Concentrador_RS485_EsperarFinTx5:
;rs485.c,43 :: 		}
L_Concentrador_RS485_EsperarFinTx3:
;rs485.c,45 :: 		}
L_end_RS485_EsperarFinTx:
0x0316	0x060000  	RETURN
; end of Concentrador_RS485_EsperarFinTx
_Timer3Int:
0x07C8	0xF80034  	PUSH	DSWPAG
0x07CA	0xF80032  	PUSH	DSRPAG
0x07CC	0xF80036  	PUSH	RCOUNT
0x07CE	0x781F80  	PUSH	W0
0x07D0	0x200020  	MOV	#2, W0
0x07D2	0x09000C  	REPEAT	#12
0x07D4	0x781FB0  	PUSH	[W0++]
;Concentrador.c,379 :: 		void Timer3Int() org IVT_ADDR_T3INTERRUPT{
;Concentrador.c,383 :: 		T3IF_bit = 0;
0x07D6	0xA90801  	BCLR	T3IF_bit, BitPos(T3IF_bit+0)
;Concentrador.c,384 :: 		contadorSync++;
0x07D8	0x200011  	MOV	#1, W1
0x07DA	0x210000  	MOV	#lo_addr(Timer3Int_contadorSync_L0), W0
0x07DC	0x408810  	ADD	W1, [W0], [W0]
;Concentrador.c,386 :: 		if (contadorSync >= (PERIODO_SYNC_MS/100)){
0x07DE	0x808000  	MOV	Timer3Int_contadorSync_L0, W0
0x07E0	0xE1006A  	CP	W0, #10
0x07E2	0x39000A  	BRA LTU	L_Timer3Int100
L__Timer3Int270:
;Concentrador.c,387 :: 		contadorSync = 0;
0x07E4	0xEF2000  	CLR	W0
0x07E6	0x888000  	MOV	W0, Timer3Int_contadorSync_L0
;Concentrador.c,389 :: 		INT_SINC = ~INT_SINC;                                                  //D5: heartbeat de sincronismo
0x07E8	0xAA2E04  	BTG	LATA1_bit, BitPos(LATA1_bit+0)
;Concentrador.c,392 :: 		INT_SINC_1 = 1;
0x07EA	0xA80E04  	BSET	LATA0_bit, BitPos(LATA0_bit+0)
;Concentrador.c,393 :: 		Delay_us(ANCHO_PULSO_SYNC_US);
0x07EC	0x21F407  	MOV	#8000, W7
L_Timer3Int101:
0x07EE	0xED200E  	DEC	W7
0x07F0	0x3AFFFE  	BRA NZ	L_Timer3Int101
0x07F2	0x000000  	NOP
0x07F4	0x000000  	NOP
;Concentrador.c,394 :: 		INT_SINC_1 = 0;
0x07F6	0xA90E04  	BCLR	LATA0_bit, BitPos(LATA0_bit+0)
;Concentrador.c,395 :: 		}
L_Timer3Int100:
;Concentrador.c,397 :: 		}
L_end_Timer3Int:
0x07F8	0x2001A0  	MOV	#26, W0
0x07FA	0x09000C  	REPEAT	#12
0x07FC	0x78104F  	POP	[W0--]
0x07FE	0x78004F  	POP	W0
0x0800	0xF90036  	POP	RCOUNT
0x0802	0xF90032  	POP	DSRPAG
0x0804	0xF90034  	POP	DSWPAG
0x0806	0x064000  	RETFIE
; end of _Timer3Int
_Timer2Int:
0x0762	0xF80034  	PUSH	DSWPAG
0x0764	0xF80032  	PUSH	DSRPAG
0x0766	0xF80036  	PUSH	RCOUNT
0x0768	0x781F80  	PUSH	W0
0x076A	0x200020  	MOV	#2, W0
0x076C	0x09000C  	REPEAT	#12
0x076E	0x781FB0  	PUSH	[W0++]
;Concentrador.c,402 :: 		void Timer2Int() org IVT_ADDR_T2INTERRUPT{
;Concentrador.c,404 :: 		T2IF_bit = 0;
0x0770	0x781F8A  	PUSH	W10
0x0772	0x781F8B  	PUSH	W11
0x0774	0x781F8C  	PUSH	W12
0x0776	0xA9E800  	BCLR	T2IF_bit, BitPos(T2IF_bit+0)
;Concentrador.c,405 :: 		T2CON.TON = 0;
0x0778	0xA9E111  	BCLR	T2CON, #15
;Concentrador.c,406 :: 		TMR2 = 0;
0x077A	0xEF2106  	CLR	TMR2
;Concentrador.c,408 :: 		INT_SINC = ~INT_SINC;                                                     //D5: tambien se conmuta en caso de timeout
0x077C	0xAA2E04  	BTG	LATA1_bit, BitPos(LATA1_bit+0)
;Concentrador.c,410 :: 		banRSI = 0;
0x077E	0x21A7C1  	MOV	#lo_addr(_banRSI), W1
0x0780	0xEF2000  	CLR	W0
0x0782	0x784880  	MOV.B	W0, [W1]
;Concentrador.c,411 :: 		banRSC = 0;
0x0784	0x210371  	MOV	#lo_addr(_banRSC), W1
0x0786	0xEF2000  	CLR	W0
0x0788	0x784880  	MOV.B	W0, [W1]
;Concentrador.c,412 :: 		i_rs485 = 0;
0x078A	0xEF2000  	CLR	W0
0x078C	0x888070  	MOV	W0, _i_rs485
;Concentrador.c,415 :: 		numDatosRS485 = 3;
0x078E	0x200030  	MOV	#3, W0
0x0790	0x888050  	MOV	W0, _numDatosRS485
;Concentrador.c,416 :: 		inputPyloadRS485[0] = 0xD3;
0x0792	0x2103E1  	MOV	#lo_addr(_inputPyloadRS485), W1
0x0794	0xB3CD30  	MOV.B	#211, W0
0x0796	0x784880  	MOV.B	W0, [W1]
;Concentrador.c,417 :: 		inputPyloadRS485[1] = 0xEE;
0x0798	0x2103F1  	MOV	#lo_addr(_inputPyloadRS485+1), W1
0x079A	0xB3CEE0  	MOV.B	#238, W0
0x079C	0x784880  	MOV.B	W0, [W1]
;Concentrador.c,418 :: 		inputPyloadRS485[2] = 0xE4;
0x079E	0x210401  	MOV	#lo_addr(_inputPyloadRS485+2), W1
0x07A0	0xB3CE40  	MOV.B	#228, W0
0x07A2	0x784880  	MOV.B	W0, [W1]
;Concentrador.c,419 :: 		banRespuestaPi = 1;
0x07A4	0x21A7B1  	MOV	#lo_addr(_banRespuestaPi), W1
0x07A6	0xB3C010  	MOV.B	#1, W0
0x07A8	0x784880  	MOV.B	W0, [W1]
;Concentrador.c,420 :: 		InterrupcionP1(0xB3,0xD3,3);
0x07AA	0x20003C  	MOV	#3, W12
0x07AC	0xB3CD3B  	MOV.B	#211, W11
0x07AE	0xB3CB3A  	MOV.B	#179, W10
0x07B0	0x07FF6F  	RCALL	_InterrupcionP1
;Concentrador.c,422 :: 		}
L_end_Timer2Int:
0x07B2	0x78064F  	POP	W12
0x07B4	0x7805CF  	POP	W11
0x07B6	0x78054F  	POP	W10
0x07B8	0x2001A0  	MOV	#26, W0
0x07BA	0x09000C  	REPEAT	#12
0x07BC	0x78104F  	POP	[W0--]
0x07BE	0x78004F  	POP	W0
0x07C0	0xF90036  	POP	RCOUNT
0x07C2	0xF90032  	POP	DSRPAG
0x07C4	0xF90034  	POP	DSWPAG
0x07C6	0x064000  	RETFIE
; end of _Timer2Int
;Concentrador.c,0 :: ?ICSTimer3Int_contadorSync_L0 [2]
0x8000	0x0000 ;?ICSTimer3Int_contadorSync_L0+0
; end of ?ICSTimer3Int_contadorSync_L0
Symbol List:
//** Routines locations **
//ADDRESS    SIZE    PROCEDURE
//----------------------------------------------
0x0200      [88]    __Modulus_32x32
0x0258      [18]    __Multiply_32x32
0x026A      [82]    __Divide_32x32
0x02BC      [14]    _UART2_Write
0x02CA      [14]    _UART1_Write
0x02D8      [14]    _Delay_100ms
0x02E6       [6]    _Get_Fosc_kHz
0x02EC       [4]    _Get_Fosc_Per_Cyc
0x02F0      [20]    Concentrador_RS485_EscribirByte
0x0304      [20]    Concentrador_RS485_EsperarFinTx
0x0318     [448]    _UART2_Init_Advanced
0x04D8      [46]    _SPI1_Init_Advanced
0x0506      [86]    _EnviarTramaRS485
0x055C     [308]    _ConfiguracionPrincipal
0x0690      [54]    _InterrupcionP1
0x06C6     [156]    _CambiarEstadoBandera
0x0762     [102]    _Timer2Int
0x07C8      [64]    _Timer3Int
0x0808     [158]    _main
0x08A6     [314]    _urx_2
0x09E0     [918]    _spi_1
//** Variables locations ** 
//ADDRESS    SIZE    VARIABLE
//----------------------------------------------
0x0E04       [0]    LATA3_bit
0x0E14       [0]    MSRS485
0x0E04       [0]    INT_SINC_2
0x0E04       [0]    INT_SINC_1
0x0E04       [0]    LATA0_bit
0x0E14       [0]    LATB11_bit
0x1002       [2]    _SPI_Wr_Ptr
0x1004       [2]    _UART_Wr_Ptr
0x1006       [2]    _SPI_Rd_Ptr
0x0248       [2]    SPI1BUF
0x0242       [2]    SPI1CON
0x1008       [1]    _subFuncionRS485
0x100A       [2]    _numDatosRS485
0x1009       [1]    _funcionRS485
0x100C       [1]    _byteRS485
0x100E       [2]    _i_rs485
0x1010       [2]    _ptrnumDatosRS485
0x0E04       [0]    INT_SINC
0x0E04       [0]    LATA1_bit
0x0E04       [0]    LATA4_bit
0x100D       [1]    _banInicioMuestreo
0x0E04       [0]    RP1
0x0222       [2]    U1STAbits
0x1012       [1]    _bufferSPI
0x0106       [2]    TMR2
0x1013      [10]    _tramaCabeceraRS485
0x101D       [1]    _direccionRS485
0x101E      [15]    _outputPyloadRS485
0x0224       [2]    U1TXREG
0x0222       [2]    U1STA
0x102D      [10]    _tramaSolicitudNodo
0x0234       [2]    U2TXREG
0x0230       [2]    U2MODE
0x0232       [2]    U2STA
0x1038       [2]    _UART_Tx_Idle_Ptr
0x103A       [2]    _UART_Rd_Ptr
0x103C       [2]    _UART_Rdy_Ptr
0x0238       [2]    U2BRG
0x0236       [2]    U2RXREG
0x103E    [2600]    _inputPyloadRS485
0x0802       [0]    U2RXIF_bit
0x1A66       [2]    _ptrnumBytesSPI
0x1A68      [10]    _tramaSolicitudSPI
0x1037       [1]    _banRSC
0x08C2       [2]    INTCON2
0x06C6       [1]    RPINR19bits
0x0E10       [0]    TRISB11_bit
0x0E00       [0]    TRISA4_bit
0x0E10       [0]    MSRS485_Direction
0x0682       [2]    RPOR1bits
0x0240       [2]    SPI1STAT
0x0800       [0]    SPI1IF_bit
0x0232       [2]    U2STAbits
0x0822       [0]    U2RXIE_bit
0x084E       [2]    IPC7bits
0x0E1E       [2]    ANSELB
0x0E00       [0]    INT_SINC_Direction
0x0E0E       [2]    ANSELA
0x0744       [2]    CLKDIVbits
0x0746       [2]    PLLFBDbits
0x0E00       [0]    TRISA1_bit
0x0E00       [0]    TRISA3_bit
0x0E00       [0]    RP1_Direction
0x0E00       [0]    INT_SINC_2_Direction
0x0E00       [0]    INT_SINC_1_Direction
0x0E00       [0]    TRISA0_bit
0x1A72       [1]    _banSPI0
0x1A73       [1]    _banSPI1
0x1A74       [2]    _x
0x1A76       [2]    _i
0x1A78       [2]    _j
0x1A7A       [1]    _banSPI2
0x1A7B       [1]    _banRespuestaPi
0x1A7C       [1]    _banRSI
0x1A7D       [1]    _banSPIA
0x1A7E       [1]    _banSPI7
0x1A7F       [1]    _banSPI8
0x0800       [0]    T2IF_bit
0x010C       [2]    PR2
0x0820       [0]    T2IE_bit
0x0844       [2]    IPC2bits
0x0110       [2]    T2CON
0x0842       [2]    IPC1bits
0x010E       [2]    PR3
0x0820       [0]    SPI1IE_bit
0x0800       [0]    T3IF_bit
0x0112       [2]    T3CON
0x0820       [0]    T3IE_bit
0x1000       [2]    Timer3Int_contadorSync_L0
0x0106       [2]    TMR2
0x010C       [2]    PR2
0x010E       [2]    PR3
0x0110       [2]    T2CON
0x0112       [2]    T3CON
0x0222       [2]    U1STA
0x0224       [2]    U1TXREG
0x0230       [2]    U2MODE
0x0232       [2]    U2STA
0x0234       [2]    U2TXREG
0x0236       [2]    U2RXREG
0x0238       [2]    U2BRG
0x0240       [2]    SPI1STAT
0x0242       [2]    SPI1CON
0x0248       [2]    SPI1BUF
0x0014       [2]    FARG_UART2_Write__data
0x0014       [2]    FARG_UART1_Write__data
0x0014       [1]    FARG_Concentrador_RS485_EscribirByte_puerto
0x0016       [1]    FARG_Concentrador_RS485_EscribirByte_dato
0x0014       [1]    FARG_Concentrador_RS485_EsperarFinTx_puerto
0x0014       [4]    FARG_UART2_Init_Advanced_baud_rate
0x0018       [2]    FARG_UART2_Init_Advanced_parity
0x001A       [2]    FARG_UART2_Init_Advanced_stop_bits
0x0014       [2]    FARG_SPI1_Init_Advanced_master_mode
0x0016       [2]    FARG_SPI1_Init_Advanced_mode16
0x0018       [2]    FARG_SPI1_Init_Advanced_sec_prescaler
0x001A       [2]    FARG_SPI1_Init_Advanced_pri_prescaler
0x0014       [1]    FARG_EnviarTramaRS485_puerto
0x0016       [1]    FARG_EnviarTramaRS485_direccion
0x0018       [1]    FARG_EnviarTramaRS485_funcion
0x001A       [2]    FARG_EnviarTramaRS485_numDatos
0x0014       [1]    FARG_InterrupcionP1_funcionSPI
0x0016       [1]    FARG_InterrupcionP1_subFuncionSPI
0x0018       [2]    FARG_InterrupcionP1_numBytesSPI
0x0014       [1]    FARG_CambiarEstadoBandera_bandera
0x0016       [1]    FARG_CambiarEstadoBandera_estado
0x08C2       [2]    INTCON2
0x0E0E       [2]    ANSELA
0x0E1E       [2]    ANSELB
//** Constants locations ** 
//ADDRESS    SIZE    CONSTANT
//----------------------------------------------
0x8000       [2]    ?ICSTimer3Int_contadorSync_L0
