;  LST file generated by mikroListExporter - v.2.0 
; Date/Time: 26/8/2026 14:03:02
;----------------------------------------------

;Address Opcode 	ASM
0x0000	0x000000040626  	GOTO	_main
0x0004	0x000000  	0
0x0006	0x000000  	0
0x0008	0x000000  	0
0x000A	0x000000  	0
0x000C	0x000000  	0
0x000E	0x000000  	0
0x0010	0x000000  	0
0x0012	0x000000  	0
0x0014	0x000000  	0
0x0016	0x000000  	0
0x0018	0x000000  	0
0x001A	0x000000  	0
0x001C	0x000000  	0
0x001E	0x000000  	0
0x0020	0x000000  	0
0x0022	0x00068C  	1676
0x0024	0x000000  	0
0x0026	0x000000  	0
0x0028	0x000000  	0
0x002A	0x0006F4  	1780
0x002C	0x000000  	0
0x002E	0x000000  	0
0x0030	0x000000  	0
0x0032	0x000000  	0
0x0034	0x000000  	0
0x0036	0x000000  	0
0x0038	0x000000  	0
0x003A	0x000000  	0
0x003C	0x000854  	2132
0x003E	0x000000  	0
0x0040	0x000000  	0
0x0042	0x000000  	0
0x0044	0x000000  	0
0x0046	0x000000  	0
0x0048	0x000000  	0
0x004A	0x000000  	0
0x004C	0x000000  	0
0x004E	0x000000  	0
0x0050	0x000000  	0
0x0052	0x000000  	0
0x0054	0x000000  	0
0x0056	0x000000  	0
0x0058	0x000000  	0
0x005A	0x000000  	0
0x005C	0x000000  	0
0x005E	0x000000  	0
0x0060	0x000000  	0
0x0062	0x000000  	0
0x0064	0x000000  	0
0x0066	0x000000  	0
0x0068	0x000000  	0
0x006A	0x000000  	0
0x006C	0x000000  	0
0x006E	0x000000  	0
0x0070	0x000000  	0
0x0072	0x000000  	0
0x0074	0x000000  	0
0x0076	0x000000  	0
0x0078	0x000000  	0
0x007A	0x000000  	0
0x007C	0x000000  	0
0x007E	0x000000  	0
0x0080	0x000000  	0
0x0082	0x000000  	0
0x0084	0x000000  	0
0x0086	0x000000  	0
0x0088	0x000000  	0
0x008A	0x000000  	0
0x008C	0x000000  	0
0x008E	0x000000  	0
0x0090	0x000000  	0
0x0092	0x000000  	0
0x0094	0x000000  	0
0x0096	0x000000  	0
0x0098	0x000000  	0
0x009A	0x000000  	0
0x009C	0x000000  	0
0x009E	0x000000  	0
0x00A0	0x000000  	0
0x00A2	0x000000  	0
0x00A4	0x000000  	0
0x00A6	0x000000  	0
0x00A8	0x000000  	0
0x00AA	0x000000  	0
0x00AC	0x000000  	0
0x00AE	0x000000  	0
0x00B0	0x000000  	0
0x00B2	0x000000  	0
0x00B4	0x000000  	0
0x00B6	0x000000  	0
0x00B8	0x000000  	0
0x00BA	0x000000  	0
0x00BC	0x000000  	0
0x00BE	0x000000  	0
0x00C0	0x000000  	0
0x00C2	0x000000  	0
0x00C4	0x000000  	0
0x00C6	0x000000  	0
0x00C8	0x000000  	0
0x00CA	0x000000  	0
0x00CC	0x000000  	0
0x00CE	0x000000  	0
0x00D0	0x000000  	0
0x00D2	0x000000  	0
0x00D4	0x000000  	0
0x00D6	0x000000  	0
0x00D8	0x000000  	0
0x00DA	0x000000  	0
0x00DC	0x000000  	0
0x00DE	0x000000  	0
0x00E0	0x000000  	0
0x00E2	0x000000  	0
0x00E4	0x000000  	0
0x00E6	0x000000  	0
0x00E8	0x000000  	0
0x00EA	0x000000  	0
0x00EC	0x000000  	0
0x00EE	0x000000  	0
0x00F0	0x000000  	0
0x00F2	0x000000  	0
0x00F4	0x000000  	0
0x00F6	0x000000  	0
0x00F8	0x000000  	0
0x00FA	0x000000  	0
0x00FC	0x000000  	0
0x00FE	0x000000  	0
0x0100	0x000000  	0
0x0102	0x000000  	0
0x0104	0x000000  	0
0x0106	0x000000  	0
0x0108	0x000000  	0
0x010A	0x000000  	0
0x010C	0x000000  	0
0x010E	0x000000  	0
0x0110	0x000000  	0
0x0112	0x000000  	0
0x0114	0x000000  	0
0x0116	0x000000  	0
0x0118	0x000000  	0
0x011A	0x000000  	0
0x011C	0x000000  	0
0x011E	0x000000  	0
0x0120	0x000000  	0
0x0122	0x000000  	0
0x0124	0x000000  	0
0x0126	0x000000  	0
0x0128	0x000000  	0
0x012A	0x000000  	0
0x012C	0x000000  	0
0x012E	0x000000  	0
0x0130	0x000000  	0
0x0132	0x000000  	0
0x0134	0x000000  	0
0x0136	0x000000  	0
0x0138	0x000000  	0
0x013A	0x000000  	0
0x013C	0x000000  	0
0x013E	0x000000  	0
0x0140	0x000000  	0
0x0142	0x000000  	0
0x0144	0x000000  	0
0x0146	0x000000  	0
0x0148	0x000000  	0
0x014A	0x000000  	0
0x014C	0x000000  	0
0x014E	0x000000  	0
0x0150	0x000000  	0
0x0152	0x000000  	0
0x0154	0x000000  	0
0x0156	0x000000  	0
0x0158	0x000000  	0
0x015A	0x000000  	0
0x015C	0x000000  	0
0x015E	0x000000  	0
0x0160	0x000000  	0
0x0162	0x000000  	0
0x0164	0x000000  	0
0x0166	0x000000  	0
0x0168	0x000000  	0
0x016A	0x000000  	0
0x016C	0x000000  	0
0x016E	0x000000  	0
0x0170	0x000000  	0
0x0172	0x000000  	0
0x0174	0x000000  	0
0x0176	0x000000  	0
0x0178	0x000000  	0
0x017A	0x000000  	0
0x017C	0x000000  	0
0x017E	0x000000  	0
0x0180	0x000000  	0
0x0182	0x000000  	0
0x0184	0x000000  	0
0x0186	0x000000  	0
0x0188	0x000000  	0
0x018A	0x000000  	0
0x018C	0x000000  	0
0x018E	0x000000  	0
0x0190	0x000000  	0
0x0192	0x000000  	0
0x0194	0x000000  	0
0x0196	0x000000  	0
0x0198	0x000000  	0
0x019A	0x000000  	0
0x019C	0x000000  	0
0x019E	0x000000  	0
0x01A0	0x000000  	0
0x01A2	0x000000  	0
0x01A4	0x000000  	0
0x01A6	0x000000  	0
0x01A8	0x000000  	0
0x01AA	0x000000  	0
0x01AC	0x000000  	0
0x01AE	0x000000  	0
0x01B0	0x000000  	0
0x01B2	0x000000  	0
0x01B4	0x000000  	0
0x01B6	0x000000  	0
0x01B8	0x000000  	0
0x01BA	0x000000  	0
0x01BC	0x000000  	0
0x01BE	0x000000  	0
0x01C0	0x000000  	0
0x01C2	0x000000  	0
0x01C4	0x000000  	0
0x01C6	0x000000  	0
0x01C8	0x000000  	0
0x01CA	0x000000  	0
0x01CC	0x000000  	0
0x01CE	0x000000  	0
0x01D0	0x000000  	0
0x01D2	0x000000  	0
0x01D4	0x000000  	0
0x01D6	0x000000  	0
0x01D8	0x000000  	0
0x01DA	0x000000  	0
0x01DC	0x000000  	0
0x01DE	0x000000  	0
0x01E0	0x000000  	0
0x01E2	0x000000  	0
0x01E4	0x000000  	0
0x01E6	0x000000  	0
0x01E8	0x000000  	0
0x01EA	0x000000  	0
0x01EC	0x000000  	0
0x01EE	0x000000  	0
0x01F0	0x000000  	0
0x01F2	0x000000  	0
0x01F4	0x000000  	0
0x01F6	0x000000  	0
0x01F8	0x000000  	0
0x01FA	0x000000  	0
0x01FC	0x000000  	0
0x01FE	0x000000  	0
_main:
0x0626	0x21042F  	MOV	#4162, W15
0x0628	0x27FFF0  	MOV	#32767, W0
0x062A	0xB7A020  	MOV	WREG, SPLIM
0x062C	0x202010  	MOV	#513, W0
0x062E	0xB7A032  	MOV	WREG, DSRPAG
0x0630	0x200040  	MOV	#4, W0
0x0632	0xB72044  	IOR	CORCON
0x0634	0x000000020876  	CALL	2166
;nodo2.c,65 :: 		void main() {
;nodo2.c,67 :: 		ConfiguracionPrincipal();
0x0638	0x07FF4F  	RCALL	_ConfiguracionPrincipal
;nodo2.c,68 :: 		TEST1 = 0;
0x063A	0xA94E04  	BCLR	LATA2_bit, BitPos(LATA2_bit+0)
;nodo2.c,70 :: 		i = 0; j = 0; x = 0;
0x063C	0xEF2000  	CLR	W0
0x063E	0x888200  	MOV	W0, _i
0x0640	0xEF2000  	CLR	W0
0x0642	0x8881F0  	MOV	W0, _j
0x0644	0xEF2000  	CLR	W0
0x0646	0x888060  	MOV	W0, _x
;nodo2.c,72 :: 		banRSI = 0; banRSC = 0;
0x0648	0x2100A1  	MOV	#lo_addr(_banRSI), W1
0x064A	0xEF2000  	CLR	W0
0x064C	0x784880  	MOV.B	W0, [W1]
0x064E	0x210011  	MOV	#lo_addr(_banRSC), W1
0x0650	0xEF2000  	CLR	W0
0x0652	0x784880  	MOV.B	W0, [W1]
;nodo2.c,73 :: 		byteRS485 = 0; i_rs485 = 0;
0x0654	0x2100B1  	MOV	#lo_addr(_byteRS485), W1
0x0656	0xEF2000  	CLR	W0
0x0658	0x784880  	MOV.B	W0, [W1]
0x065A	0xEF2000  	CLR	W0
0x065C	0x888080  	MOV	W0, _i_rs485
;nodo2.c,74 :: 		funcionRS485 = 0; subFuncionRS485 = 0;
0x065E	0x2100F1  	MOV	#lo_addr(_funcionRS485), W1
0x0660	0xEF2000  	CLR	W0
0x0662	0x784880  	MOV.B	W0, [W1]
0x0664	0x2100E1  	MOV	#lo_addr(_subFuncionRS485), W1
0x0666	0xEF2000  	CLR	W0
0x0668	0x784880  	MOV.B	W0, [W1]
;nodo2.c,75 :: 		numDatosRS485 = 0;
0x066A	0xEF2000  	CLR	W0
0x066C	0x888020  	MOV	W0, _numDatosRS485
;nodo2.c,76 :: 		ptrnumDatosRS485 = (unsigned char *) &numDatosRS485;
0x066E	0x210040  	MOV	#lo_addr(_numDatosRS485), W0
0x0670	0x888010  	MOV	W0, _ptrnumDatosRS485
;nodo2.c,77 :: 		contTMR2 = 0;
0x0672	0x210001  	MOV	#lo_addr(_contTMR2), W1
0x0674	0xEF2000  	CLR	W0
0x0676	0x784880  	MOV.B	W0, [W1]
;nodo2.c,79 :: 		MSRS485 = 0;                                                               //MAX485 de datos en modo lectura (escucha)
0x0678	0xA98E15  	BCLR	LATB12_bit, BitPos(LATB12_bit+0)
;nodo2.c,81 :: 		while(1){
L_main15:
;nodo2.c,82 :: 		asm CLRWDT;
0x067A	0xFE6000  	CLRWDT
;nodo2.c,83 :: 		Delay_ms(100);
0x067C	0x2000D8  	MOV	#13, W8
0x067E	0x235077  	MOV	#13575, W7
L_main17:
0x0680	0xED200E  	DEC	W7
0x0682	0x3AFFFE  	BRA NZ	L_main17
0x0684	0xED2010  	DEC	W8
0x0686	0x3AFFFC  	BRA NZ	L_main17
;nodo2.c,84 :: 		}
0x0688	0x37FFF8  	BRA	L_main15
;nodo2.c,86 :: 		}
L_end_main:
L__main_end_loop:
0x068A	0x37FFFF  	BRA	L__main_end_loop
; end of _main
_ConfiguracionPrincipal:
;nodo2.c,92 :: 		void ConfiguracionPrincipal(){
;nodo2.c,95 :: 		CLKDIVbits.FRCDIV = 0;
0x04D8	0x781F8A  	PUSH	W10
0x04DA	0x781F8B  	PUSH	W11
0x04DC	0x781F8C  	PUSH	W12
0x04DE	0x781F8D  	PUSH	W13
0x04E0	0x803A21  	MOV	CLKDIVbits, W1
0x04E2	0x2F8FF0  	MOV	#63743, W0
0x04E4	0x608000  	AND	W1, W0, W0
0x04E6	0xB7A744  	MOV	WREG, CLKDIVbits
;nodo2.c,96 :: 		CLKDIVbits.PLLPOST = 0;
0x04E8	0x207440  	MOV	#lo_addr(CLKDIVbits), W0
0x04EA	0x784090  	MOV.B	[W0], W1
0x04EC	0xB3C3F0  	MOV.B	#63, W0
0x04EE	0x60C080  	AND.B	W1, W0, W1
0x04F0	0x207440  	MOV	#lo_addr(CLKDIVbits), W0
0x04F2	0x784801  	MOV.B	W1, [W0]
;nodo2.c,97 :: 		CLKDIVbits.PLLPRE = 5;
0x04F4	0xB3C050  	MOV.B	#5, W0
0x04F6	0x784080  	MOV.B	W0, W1
0x04F8	0x207440  	MOV	#lo_addr(CLKDIVbits), W0
0x04FA	0x68C090  	XOR.B	W1, [W0], W1
0x04FC	0x60C0FF  	AND.B	W1, #31, W1
0x04FE	0x207440  	MOV	#lo_addr(CLKDIVbits), W0
0x0500	0x68C090  	XOR.B	W1, [W0], W1
0x0502	0x207440  	MOV	#lo_addr(CLKDIVbits), W0
0x0504	0x784801  	MOV.B	W1, [W0]
;nodo2.c,98 :: 		PLLFBDbits.PLLDIV = 150;
0x0506	0x200960  	MOV	#150, W0
0x0508	0x780080  	MOV	W0, W1
0x050A	0x207460  	MOV	#lo_addr(PLLFBDbits), W0
0x050C	0x688090  	XOR	W1, [W0], W1
0x050E	0x201FF0  	MOV	#511, W0
0x0510	0x608080  	AND	W1, W0, W1
0x0512	0x207460  	MOV	#lo_addr(PLLFBDbits), W0
0x0514	0x688090  	XOR	W1, [W0], W1
0x0516	0x883A31  	MOV	W1, PLLFBDbits
;nodo2.c,101 :: 		ANSELA = 0;
0x0518	0xEF2E0E  	CLR	ANSELA
;nodo2.c,102 :: 		ANSELB = 0;
0x051A	0xEF2E1E  	CLR	ANSELB
;nodo2.c,103 :: 		TEST1_Direction = 0;
0x051C	0xA94E00  	BCLR	TRISA2_bit, BitPos(TRISA2_bit+0)
;nodo2.c,104 :: 		MSRS485_Direction = 0;
0x051E	0xA98E11  	BCLR	TRISB12_bit, BitPos(TRISB12_bit+0)
;nodo2.c,105 :: 		TRISB14_bit = 1;                                                           //RB14/RPI46 = INT_SINC, entrada desde el MAX485 receptor
0x0520	0xA8CE11  	BSET	TRISB14_bit, BitPos(TRISB14_bit+0)
;nodo2.c,107 :: 		INTCON2.GIE = 1;                                                           //Habilita interrupciones globales
0x0522	0xA8E8C3  	BSET	INTCON2, #15
;nodo2.c,110 :: 		RPINR18bits.U1RXR = 0x2F;                                                  //Rx1 en RB15/RPI47   [VERIFICAR]
0x0524	0xB3C2F0  	MOV.B	#47, W0
0x0526	0x784080  	MOV.B	W0, W1
0x0528	0x206C40  	MOV	#lo_addr(RPINR18bits), W0
0x052A	0x68C090  	XOR.B	W1, [W0], W1
0x052C	0xB3C7F0  	MOV.B	#127, W0
0x052E	0x60C080  	AND.B	W1, W0, W1
0x0530	0x206C40  	MOV	#lo_addr(RPINR18bits), W0
0x0532	0x68C090  	XOR.B	W1, [W0], W1
0x0534	0x206C40  	MOV	#lo_addr(RPINR18bits), W0
0x0536	0x784801  	MOV.B	W1, [W0]
;nodo2.c,111 :: 		RPOR1bits.RP36R = 0x01;                                                    //Tx1 en RB4/RP36     [VERIFICAR]
0x0538	0xB3C010  	MOV.B	#1, W0
0x053A	0x784080  	MOV.B	W0, W1
0x053C	0x206820  	MOV	#lo_addr(RPOR1bits), W0
0x053E	0x68C090  	XOR.B	W1, [W0], W1
0x0540	0xB3C3F0  	MOV.B	#63, W0
0x0542	0x60C080  	AND.B	W1, W0, W1
0x0544	0x206820  	MOV	#lo_addr(RPOR1bits), W0
0x0546	0x68C090  	XOR.B	W1, [W0], W1
0x0548	0x206820  	MOV	#lo_addr(RPOR1bits), W0
0x054A	0x784801  	MOV.B	W1, [W0]
;nodo2.c,112 :: 		U1RXIE_bit = 1;
0x054C	0xA86821  	BSET	U1RXIE_bit, BitPos(U1RXIE_bit+0)
;nodo2.c,113 :: 		U1STAbits.URXISEL = 0x00;
0x054E	0x202220  	MOV	#lo_addr(U1STAbits), W0
0x0550	0x784090  	MOV.B	[W0], W1
0x0552	0xB3C3F0  	MOV.B	#63, W0
0x0554	0x60C080  	AND.B	W1, W0, W1
0x0556	0x202220  	MOV	#lo_addr(U1STAbits), W0
0x0558	0x784801  	MOV.B	W1, [W0]
;nodo2.c,114 :: 		U1RXIF_bit = 0;
0x055A	0xA96801  	BCLR	U1RXIF_bit, BitPos(U1RXIF_bit+0)
;nodo2.c,115 :: 		IPC2bits.U1RXIP = 0x04;
0x055C	0x240000  	MOV	#16384, W0
0x055E	0x780080  	MOV	W0, W1
0x0560	0x208440  	MOV	#lo_addr(IPC2bits), W0
0x0562	0x688090  	XOR	W1, [W0], W1
0x0564	0x270000  	MOV	#28672, W0
0x0566	0x608080  	AND	W1, W0, W1
0x0568	0x208440  	MOV	#lo_addr(IPC2bits), W0
0x056A	0x688090  	XOR	W1, [W0], W1
0x056C	0x884221  	MOV	W1, IPC2bits
;nodo2.c,116 :: 		UART1_Init_Advanced(2000000, _UART_8BIT_NOPARITY, _UART_ONE_STOPBIT, _UART_HI_SPEED);
0x056E	0xEF201A  	CLR	W13
0x0570	0xEF2018  	CLR	W12
0x0572	0x28480A  	MOV	#33920, W10
0x0574	0x2001EB  	MOV	#30, W11
0x0576	0x200010  	MOV	#1, W0
0x0578	0x781F80  	PUSH	W0
0x057A	0x07FECE  	RCALL	_UART1_Init_Advanced
0x057C	0xB1002F  	SUB	#2, W15
;nodo2.c,119 :: 		RPINR0 = 0x2E00;                                                           //INT1 <- RB14/RPI46 (INT_SINC)   [VERIFICAR]
0x057E	0x22E000  	MOV	#11776, W0
0x0580	0xB7A6A0  	MOV	WREG, RPINR0
;nodo2.c,120 :: 		INT1IE_bit = 1;
0x0582	0xA88822  	BSET	INT1IE_bit, BitPos(INT1IE_bit+0)
;nodo2.c,121 :: 		INT1IF_bit = 0;
0x0584	0xA98802  	BCLR	INT1IF_bit, BitPos(INT1IF_bit+0)
;nodo2.c,122 :: 		IPC5bits.INT1IP = 0x01;
0x0586	0xB3C010  	MOV.B	#1, W0
0x0588	0x784080  	MOV.B	W0, W1
0x058A	0x2084A0  	MOV	#lo_addr(IPC5bits), W0
0x058C	0x68C090  	XOR.B	W1, [W0], W1
0x058E	0x60C0E7  	AND.B	W1, #7, W1
0x0590	0x2084A0  	MOV	#lo_addr(IPC5bits), W0
0x0592	0x68C090  	XOR.B	W1, [W0], W1
0x0594	0x2084A0  	MOV	#lo_addr(IPC5bits), W0
0x0596	0x784801  	MOV.B	W1, [W0]
;nodo2.c,125 :: 		T2CON = 0x0030;
0x0598	0x200300  	MOV	#48, W0
0x059A	0xB7A110  	MOV	WREG, T2CON
;nodo2.c,126 :: 		T2CON.TON = 0;
0x059C	0xA9E111  	BCLR	T2CON, #15
;nodo2.c,127 :: 		T2IE_bit = 1;
0x059E	0xA8E820  	BSET	T2IE_bit, BitPos(T2IE_bit+0)
;nodo2.c,128 :: 		T2IF_bit = 0;
0x05A0	0xA9E800  	BCLR	T2IF_bit, BitPos(T2IF_bit+0)
;nodo2.c,129 :: 		PR2 = 46875;                                                               //300ms
0x05A2	0x2B71B0  	MOV	#46875, W0
0x05A4	0xB7A10C  	MOV	WREG, PR2
;nodo2.c,130 :: 		IPC1bits.T2IP = 0x02;
0x05A6	0x220000  	MOV	#8192, W0
0x05A8	0x780080  	MOV	W0, W1
0x05AA	0x208420  	MOV	#lo_addr(IPC1bits), W0
0x05AC	0x688090  	XOR	W1, [W0], W1
0x05AE	0x270000  	MOV	#28672, W0
0x05B0	0x608080  	AND	W1, W0, W1
0x05B2	0x208420  	MOV	#lo_addr(IPC1bits), W0
0x05B4	0x688090  	XOR	W1, [W0], W1
0x05B6	0x884211  	MOV	W1, IPC1bits
;nodo2.c,132 :: 		Delay_ms(200);
0x05B8	0x200198  	MOV	#25, W8
0x05BA	0x26A0E7  	MOV	#27150, W7
L_ConfiguracionPrincipal19:
0x05BC	0xED200E  	DEC	W7
0x05BE	0x3AFFFE  	BRA NZ	L_ConfiguracionPrincipal19
0x05C0	0xED2010  	DEC	W8
0x05C2	0x3AFFFC  	BRA NZ	L_ConfiguracionPrincipal19
0x05C4	0x000000  	NOP
;nodo2.c,134 :: 		}
L_end_ConfiguracionPrincipal:
0x05C6	0x7806CF  	POP	W13
0x05C8	0x78064F  	POP	W12
0x05CA	0x7805CF  	POP	W11
0x05CC	0x78054F  	POP	W10
0x05CE	0x060000  	RETURN
; end of _ConfiguracionPrincipal
_UART1_Init_Advanced:
0x0318	0xFA000C  	LNK	#12
;__Lib_UART_12_p24_p33.c,205 :: 		
; high_low_speed start address is: 2 (W1)
0x031A	0x97B8CE  	MOV	[W14-8], W1
;__Lib_UART_12_p24_p33.c,208 :: 		
0x031C	0x202000  	MOV	#lo_addr(_UART1_Write), W0
0x031E	0x888040  	MOV	W0, _UART_Wr_Ptr
;__Lib_UART_12_p24_p33.c,209 :: 		
0x0320	0x2FFFF0  	MOV	#lo_addr(_UART1_Read), W0
0x0322	0x888030  	MOV	W0, _UART_Rd_Ptr
;__Lib_UART_12_p24_p33.c,210 :: 		
0x0324	0x2FFFF0  	MOV	#lo_addr(_UART1_Data_Ready), W0
0x0326	0x888090  	MOV	W0, _UART_Rdy_Ptr
;__Lib_UART_12_p24_p33.c,211 :: 		
0x0328	0x2FFFF0  	MOV	#lo_addr(_UART1_Tx_Idle), W0
0x032A	0x8881E0  	MOV	W0, _UART_Tx_Idle_Ptr
;__Lib_UART_12_p24_p33.c,213 :: 		
0x032C	0xEF2220  	CLR	U1MODE
;__Lib_UART_12_p24_p33.c,214 :: 		
0x032E	0x280000  	MOV	#32768, W0
0x0330	0xB7A222  	MOV	WREG, U1STA
;__Lib_UART_12_p24_p33.c,216 :: 		
0x0332	0xE10860  	CP	W1, #0
0x0334	0x3A002F  	BRA NZ	L_UART1_Init_Advanced16
L__UART1_Init_Advanced91:
; high_low_speed end address is: 2 (W1)
;__Lib_UART_12_p24_p33.c,217 :: 		
0x0336	0xA96220  	BCLR.B	U1MODE, #3
;__Lib_UART_12_p24_p33.c,218 :: 		
0x0338	0x07FFE3  	RCALL	_Get_Fosc_kHz
;__Lib_UART_12_p24_p33.c,220 :: 		
0x033A	0x203E82  	MOV	#1000, W2
0x033C	0x200003  	MOV	#0, W3
0x033E	0x07FFD7  	RCALL	__Multiply_32x32
0x0340	0x980700  	MOV	W0, [W14+0]
0x0342	0x980711  	MOV	W1, [W14+2]
;__Lib_UART_12_p24_p33.c,224 :: 		
0x0344	0x07FFE0  	RCALL	_Get_Fosc_Per_Cyc
0x0346	0xDE0041  	LSR	W0, #1, W0
0x0348	0x400064  	ADD	W0, #4, W0
0x034A	0xBE010A  	MOV.D	W10, W2
L__UART1_Init_Advanced92:
0x034C	0xE90000  	DEC	W0, W0
0x034E	0x350003  	BRA LT	L__UART1_Init_Advanced93
0x0350	0xD00102  	SL	W2, W2
0x0352	0xD28183  	RLC	W3, W3
0x0354	0x37FFFB  	BRA	L__UART1_Init_Advanced92
L__UART1_Init_Advanced93:
0x0356	0x980722  	MOV	W2, [W14+4]
0x0358	0x980733  	MOV	W3, [W14+6]
;__Lib_UART_12_p24_p33.c,226 :: 		
0x035A	0xBE9F8C  	PUSH.D	W12
0x035C	0x90000E  	MOV	[W14+0], W0
0x035E	0x90009E  	MOV	[W14+2], W1
0x0360	0xEB0200  	CLR	W4
0x0362	0x07FF85  	RCALL	__Modulus_32x32
0x0364	0x980740  	MOV	W0, [W14+8]
0x0366	0x980751  	MOV	W1, [W14+10]
;__Lib_UART_12_p24_p33.c,227 :: 		
0x0368	0x90012E  	MOV	[W14+4], W2
0x036A	0x9001BE  	MOV	[W14+6], W3
0x036C	0x90000E  	MOV	[W14+0], W0
0x036E	0x90009E  	MOV	[W14+2], W1
0x0370	0xEB0200  	CLR	W4
0x0372	0x07FF54  	RCALL	__Divide_32x32
0x0374	0xBE064F  	POP.D	W12
0x0376	0x980700  	MOV	W0, [W14+0]
0x0378	0x980711  	MOV	W1, [W14+2]
;__Lib_UART_12_p24_p33.c,229 :: 		
0x037A	0x470064  	ADD	W14, #4, W0
0x037C	0xD10150  	LSR	[++W0], W2
0x037E	0xD380C0  	RRC	[--W0], W1
0x0380	0x470068  	ADD	W14, #8, W0
0x0382	0xE10830  	CP	W1, [W0++]
0x0384	0xE19020  	CPB	W2, [W0--]
0x0386	0x310005  	BRA GEU	L_UART1_Init_Advanced17
L__UART1_Init_Advanced94:
;__Lib_UART_12_p24_p33.c,230 :: 		
0x0388	0x90008E  	MOV	[W14+0], W1
0x038A	0x90011E  	MOV	[W14+2], W2
0x038C	0x470060  	ADD	W14, #0, W0
0x038E	0x409861  	ADD	W1, #1, [W0++]
0x0390	0x491060  	ADDC	W2, #0, [W0--]
L_UART1_Init_Advanced17:
;__Lib_UART_12_p24_p33.c,232 :: 		
0x0392	0x370093  	BRA	L_UART1_Init_Advanced18
L_UART1_Init_Advanced16:
;__Lib_UART_12_p24_p33.c,234 :: 		
; high_low_speed start address is: 2 (W1)
0x0394	0xE10861  	CP	W1, #1
0x0396	0x3A002F  	BRA NZ	L_UART1_Init_Advanced19
L__UART1_Init_Advanced95:
; high_low_speed end address is: 2 (W1)
;__Lib_UART_12_p24_p33.c,235 :: 		
0x0398	0x07FFB3  	RCALL	_Get_Fosc_kHz
;__Lib_UART_12_p24_p33.c,237 :: 		
0x039A	0x203E82  	MOV	#1000, W2
0x039C	0x200003  	MOV	#0, W3
0x039E	0x07FFA7  	RCALL	__Multiply_32x32
0x03A0	0x980700  	MOV	W0, [W14+0]
0x03A2	0x980711  	MOV	W1, [W14+2]
;__Lib_UART_12_p24_p33.c,241 :: 		
0x03A4	0x07FFB0  	RCALL	_Get_Fosc_Per_Cyc
0x03A6	0xDE0041  	LSR	W0, #1, W0
0x03A8	0xECA000  	INC2	W0
0x03AA	0xBE010A  	MOV.D	W10, W2
L__UART1_Init_Advanced96:
0x03AC	0xE90000  	DEC	W0, W0
0x03AE	0x350003  	BRA LT	L__UART1_Init_Advanced97
0x03B0	0xD00102  	SL	W2, W2
0x03B2	0xD28183  	RLC	W3, W3
0x03B4	0x37FFFB  	BRA	L__UART1_Init_Advanced96
L__UART1_Init_Advanced97:
0x03B6	0x980722  	MOV	W2, [W14+4]
0x03B8	0x980733  	MOV	W3, [W14+6]
;__Lib_UART_12_p24_p33.c,243 :: 		
0x03BA	0xBE9F8C  	PUSH.D	W12
0x03BC	0x90000E  	MOV	[W14+0], W0
0x03BE	0x90009E  	MOV	[W14+2], W1
0x03C0	0xEB0200  	CLR	W4
0x03C2	0x07FF55  	RCALL	__Modulus_32x32
0x03C4	0x980740  	MOV	W0, [W14+8]
0x03C6	0x980751  	MOV	W1, [W14+10]
;__Lib_UART_12_p24_p33.c,244 :: 		
0x03C8	0x90012E  	MOV	[W14+4], W2
0x03CA	0x9001BE  	MOV	[W14+6], W3
0x03CC	0x90000E  	MOV	[W14+0], W0
0x03CE	0x90009E  	MOV	[W14+2], W1
0x03D0	0xEB0200  	CLR	W4
0x03D2	0x07FF24  	RCALL	__Divide_32x32
0x03D4	0xBE064F  	POP.D	W12
0x03D6	0x980700  	MOV	W0, [W14+0]
0x03D8	0x980711  	MOV	W1, [W14+2]
;__Lib_UART_12_p24_p33.c,246 :: 		
0x03DA	0x470064  	ADD	W14, #4, W0
0x03DC	0xD10150  	LSR	[++W0], W2
0x03DE	0xD380C0  	RRC	[--W0], W1
0x03E0	0x470068  	ADD	W14, #8, W0
0x03E2	0xE10830  	CP	W1, [W0++]
0x03E4	0xE19020  	CPB	W2, [W0--]
0x03E6	0x310005  	BRA GEU	L_UART1_Init_Advanced20
L__UART1_Init_Advanced98:
;__Lib_UART_12_p24_p33.c,247 :: 		
0x03E8	0x90008E  	MOV	[W14+0], W1
0x03EA	0x90011E  	MOV	[W14+2], W2
0x03EC	0x470060  	ADD	W14, #0, W0
0x03EE	0x409861  	ADD	W1, #1, [W0++]
0x03F0	0x491060  	ADDC	W2, #0, [W0--]
L_UART1_Init_Advanced20:
;__Lib_UART_12_p24_p33.c,249 :: 		
0x03F2	0xA86220  	BSET.B	U1MODE, #3
;__Lib_UART_12_p24_p33.c,250 :: 		
0x03F4	0x370062  	BRA	L_UART1_Init_Advanced21
L_UART1_Init_Advanced19:
;__Lib_UART_12_p24_p33.c,253 :: 		
0x03F6	0xA96220  	BCLR.B	U1MODE, #3
;__Lib_UART_12_p24_p33.c,254 :: 		
0x03F8	0x07FF83  	RCALL	_Get_Fosc_kHz
;__Lib_UART_12_p24_p33.c,256 :: 		
0x03FA	0x203E82  	MOV	#1000, W2
0x03FC	0x200003  	MOV	#0, W3
0x03FE	0x07FF77  	RCALL	__Multiply_32x32
0x0400	0x980700  	MOV	W0, [W14+0]
0x0402	0x980711  	MOV	W1, [W14+2]
;__Lib_UART_12_p24_p33.c,260 :: 		
0x0404	0x07FF80  	RCALL	_Get_Fosc_Per_Cyc
0x0406	0xDE0041  	LSR	W0, #1, W0
0x0408	0x400064  	ADD	W0, #4, W0
0x040A	0xBE010A  	MOV.D	W10, W2
L__UART1_Init_Advanced99:
0x040C	0xE90000  	DEC	W0, W0
0x040E	0x350003  	BRA LT	L__UART1_Init_Advanced100
0x0410	0xD00102  	SL	W2, W2
0x0412	0xD28183  	RLC	W3, W3
0x0414	0x37FFFB  	BRA	L__UART1_Init_Advanced99
L__UART1_Init_Advanced100:
0x0416	0x980722  	MOV	W2, [W14+4]
0x0418	0x980733  	MOV	W3, [W14+6]
;__Lib_UART_12_p24_p33.c,262 :: 		
0x041A	0xBE9F8C  	PUSH.D	W12
0x041C	0xBE9F8A  	PUSH.D	W10
0x041E	0x90000E  	MOV	[W14+0], W0
0x0420	0x90009E  	MOV	[W14+2], W1
0x0422	0xEB0200  	CLR	W4
0x0424	0x07FF24  	RCALL	__Modulus_32x32
0x0426	0x980740  	MOV	W0, [W14+8]
0x0428	0x980751  	MOV	W1, [W14+10]
;__Lib_UART_12_p24_p33.c,263 :: 		
0x042A	0x90012E  	MOV	[W14+4], W2
0x042C	0x9001BE  	MOV	[W14+6], W3
0x042E	0x90000E  	MOV	[W14+0], W0
0x0430	0x90009E  	MOV	[W14+2], W1
0x0432	0xEB0200  	CLR	W4
0x0434	0x07FEF3  	RCALL	__Divide_32x32
0x0436	0xBE054F  	POP.D	W10
0x0438	0xBE064F  	POP.D	W12
0x043A	0x980700  	MOV	W0, [W14+0]
0x043C	0x980711  	MOV	W1, [W14+2]
;__Lib_UART_12_p24_p33.c,265 :: 		
0x043E	0x470064  	ADD	W14, #4, W0
0x0440	0xD10150  	LSR	[++W0], W2
0x0442	0xD380C0  	RRC	[--W0], W1
0x0444	0x470068  	ADD	W14, #8, W0
0x0446	0xE10830  	CP	W1, [W0++]
0x0448	0xE19020  	CPB	W2, [W0--]
0x044A	0x310005  	BRA GEU	L_UART1_Init_Advanced22
L__UART1_Init_Advanced101:
;__Lib_UART_12_p24_p33.c,266 :: 		
0x044C	0x90008E  	MOV	[W14+0], W1
0x044E	0x90011E  	MOV	[W14+2], W2
0x0450	0x470060  	ADD	W14, #0, W0
0x0452	0x409861  	ADD	W1, #1, [W0++]
0x0454	0x491060  	ADDC	W2, #0, [W0--]
L_UART1_Init_Advanced22:
;__Lib_UART_12_p24_p33.c,269 :: 		
0x0456	0x4700E0  	ADD	W14, #0, W1
0x0458	0x780031  	MOV	[W1++], W0
0x045A	0x700021  	IOR	W0, [W1--], W0
0x045C	0x3A002E  	BRA NZ	L_UART1_Init_Advanced23
L__UART1_Init_Advanced102:
;__Lib_UART_12_p24_p33.c,271 :: 		
0x045E	0x07FF50  	RCALL	_Get_Fosc_kHz
;__Lib_UART_12_p24_p33.c,273 :: 		
0x0460	0x203E82  	MOV	#1000, W2
0x0462	0x200003  	MOV	#0, W3
0x0464	0x07FF44  	RCALL	__Multiply_32x32
0x0466	0x980700  	MOV	W0, [W14+0]
0x0468	0x980711  	MOV	W1, [W14+2]
;__Lib_UART_12_p24_p33.c,275 :: 		
0x046A	0x07FF4D  	RCALL	_Get_Fosc_Per_Cyc
0x046C	0xDE0041  	LSR	W0, #1, W0
0x046E	0xECA000  	INC2	W0
0x0470	0xBE010A  	MOV.D	W10, W2
L__UART1_Init_Advanced103:
0x0472	0xE90000  	DEC	W0, W0
0x0474	0x350003  	BRA LT	L__UART1_Init_Advanced104
0x0476	0xD00102  	SL	W2, W2
0x0478	0xD28183  	RLC	W3, W3
0x047A	0x37FFFB  	BRA	L__UART1_Init_Advanced103
L__UART1_Init_Advanced104:
0x047C	0x980722  	MOV	W2, [W14+4]
0x047E	0x980733  	MOV	W3, [W14+6]
;__Lib_UART_12_p24_p33.c,277 :: 		
0x0480	0xBE9F8C  	PUSH.D	W12
0x0482	0x90000E  	MOV	[W14+0], W0
0x0484	0x90009E  	MOV	[W14+2], W1
0x0486	0xEB0200  	CLR	W4
0x0488	0x07FEF2  	RCALL	__Modulus_32x32
0x048A	0x980740  	MOV	W0, [W14+8]
0x048C	0x980751  	MOV	W1, [W14+10]
;__Lib_UART_12_p24_p33.c,278 :: 		
0x048E	0x90012E  	MOV	[W14+4], W2
0x0490	0x9001BE  	MOV	[W14+6], W3
0x0492	0x90000E  	MOV	[W14+0], W0
0x0494	0x90009E  	MOV	[W14+2], W1
0x0496	0xEB0200  	CLR	W4
0x0498	0x07FEC1  	RCALL	__Divide_32x32
0x049A	0xBE064F  	POP.D	W12
0x049C	0x980700  	MOV	W0, [W14+0]
0x049E	0x980711  	MOV	W1, [W14+2]
;__Lib_UART_12_p24_p33.c,280 :: 		
0x04A0	0x470064  	ADD	W14, #4, W0
0x04A2	0xD10150  	LSR	[++W0], W2
0x04A4	0xD380C0  	RRC	[--W0], W1
0x04A6	0x470068  	ADD	W14, #8, W0
0x04A8	0xE10830  	CP	W1, [W0++]
0x04AA	0xE19020  	CPB	W2, [W0--]
0x04AC	0x310005  	BRA GEU	L_UART1_Init_Advanced24
L__UART1_Init_Advanced105:
;__Lib_UART_12_p24_p33.c,281 :: 		
0x04AE	0x90008E  	MOV	[W14+0], W1
0x04B0	0x90011E  	MOV	[W14+2], W2
0x04B2	0x470060  	ADD	W14, #0, W0
0x04B4	0x409861  	ADD	W1, #1, [W0++]
0x04B6	0x491060  	ADDC	W2, #0, [W0--]
L_UART1_Init_Advanced24:
;__Lib_UART_12_p24_p33.c,283 :: 		
0x04B8	0xA86220  	BSET.B	U1MODE, #3
;__Lib_UART_12_p24_p33.c,284 :: 		
L_UART1_Init_Advanced23:
;__Lib_UART_12_p24_p33.c,285 :: 		
L_UART1_Init_Advanced21:
L_UART1_Init_Advanced18:
;__Lib_UART_12_p24_p33.c,288 :: 		
0x04BA	0x90000E  	MOV	[W14+0], W0
0x04BC	0x90009E  	MOV	[W14+2], W1
0x04BE	0x500061  	SUB	W0, #1, W0
0x04C0	0x5880E0  	SUBB	W1, #0, W1
0x04C2	0x881140  	MOV	W0, U1BRG
;__Lib_UART_12_p24_p33.c,290 :: 		
0x04C4	0xA92222  	BCLR.B	U1STA, #1
;__Lib_UART_12_p24_p33.c,292 :: 		
0x04C6	0x76008D  	IOR	W12, W13, W1
0x04C8	0x202200  	MOV	#lo_addr(U1MODE), W0
0x04CA	0x708810  	IOR	W1, [W0], [W0]
;__Lib_UART_12_p24_p33.c,295 :: 		
0x04CC	0xA8E221  	BSET	U1MODE, #15
;__Lib_UART_12_p24_p33.c,296 :: 		
0x04CE	0xA84223  	BSET	U1STA, #10
;__Lib_UART_12_p24_p33.c,298 :: 		
0x04D0	0x07FF1C  	RCALL	_Delay_100ms
0x04D2	0x07FF1B  	RCALL	_Delay_100ms
;__Lib_UART_12_p24_p33.c,301 :: 		
L_end_UART1_Init_Advanced:
0x04D4	0xFA8000  	ULNK
0x04D6	0x060000  	RETURN
; end of _UART1_Init_Advanced
_Get_Fosc_kHz:
;__Lib_Delays_ep.c,38 :: 		unsigned long Get_Fosc_kHz() {
;__Lib_Delays_ep.c,39 :: 		return Clock_kHz();
0x0300	0x238800  	MOV	#14464, W0
0x0302	0x200011  	MOV	#1, W1
;__Lib_Delays_ep.c,40 :: 		}
L_end_Get_Fosc_kHz:
0x0304	0x060000  	RETURN
; end of _Get_Fosc_kHz
_Get_Fosc_Per_Cyc:
;__Lib_Delays_ep.c,63 :: 		unsigned int Get_Fosc_Per_Cyc() {
;__Lib_Delays_ep.c,64 :: 		return __FOSC_PER_CYC;
0x0306	0x200020  	MOV	#2, W0
;__Lib_Delays_ep.c,65 :: 		}
L_end_Get_Fosc_Per_Cyc:
0x0308	0x060000  	RETURN
; end of _Get_Fosc_Per_Cyc
_Delay_100ms:
;__Lib_Delays_ep.c,660 :: 		void Delay_100ms()
;__Lib_Delays_ep.c,662 :: 		Delay_ms(100);
0x030A	0x2000D8  	MOV	#13, W8
0x030C	0x235077  	MOV	#13575, W7
L_Delay_100ms29:
0x030E	0xED200E  	DEC	W7
0x0310	0x3AFFFE  	BRA NZ	L_Delay_100ms29
0x0312	0xED2010  	DEC	W8
0x0314	0x3AFFFC  	BRA NZ	L_Delay_100ms29
;__Lib_Delays_ep.c,663 :: 		}
L_end_Delay_100ms:
0x0316	0x060000  	RETURN
; end of _Delay_100ms
__Multiply_32x32:
0x02EE	0xFA0000  	LNK	#0
;__Lib_Math.c,43 :: 		
;__Lib_Math.c,46 :: 		
0x02F0	0xB80A02  	MUL.UU	W1, W2, W4
;__Lib_Math.c,47 :: 		
0x02F2	0x880050  	MOV	W0, W5
;__Lib_Math.c,48 :: 		
0x02F4	0xB80002  	MUL.UU	W0, W2, W0
;__Lib_Math.c,49 :: 		
0x02F6	0x420081  	ADD	W4, W1, W1
;__Lib_Math.c,50 :: 		
0x02F8	0xB82A03  	MUL.UU	W5, W3, W4
;__Lib_Math.c,51 :: 		
0x02FA	0x420081  	ADD	W4, W1, W1
;__Lib_Math.c,54 :: 		
L_end__Multiply_32x32:
0x02FC	0xFA8000  	ULNK
0x02FE	0x060000  	RETURN
; end of __Multiply_32x32
__Modulus_32x32:
0x026E	0xFA0000  	LNK	#0
;__Lib_Math.c,162 :: 		
;__Lib_Math.c,164 :: 		
0x0270	0x070002  	RCALL	Modulus_32x32___testsus
;__Lib_Math.c,166 :: 		
0x0272	0x0000000402C2  	GOTO	the_end_Modulus_32x32
;__Lib_Math.c,171 :: 		
Modulus_32x32___testsus:
;__Lib_Math.c,172 :: 		
0x0276	0xE20008  	CP0	W4
;__Lib_Math.c,173 :: 		
0x0278	0x3A0002  	BRA NZ	Modulus_32x32___modsi3
;__Lib_Math.c,175 :: 		
0x027A	0x070010  	RCALL	Modulus_32x32___umodsi3
;__Lib_Math.c,176 :: 		
0x027C	0x060000  	RETURN
;__Lib_Math.c,178 :: 		
Modulus_32x32___modsi3:
;__Lib_Math.c,179 :: 		
0x027E	0x781F81  	MOV	W1, [W15++]
;__Lib_Math.c,180 :: 		
0x0280	0xE20002  	CP0	W1
;__Lib_Math.c,181 :: 		
0x0282	0x3D0002  	BRA GE	Modulus_32x32_modtestb
;__Lib_Math.c,182 :: 		
0x0284	0x100060  	SUBR	W0, #0, W0
;__Lib_Math.c,183 :: 		
0x0286	0x1880E0  	SUBBR	W1, #0, W1
;__Lib_Math.c,184 :: 		
Modulus_32x32_modtestb:
;__Lib_Math.c,185 :: 		
0x0288	0xE20006  	CP0	W3
;__Lib_Math.c,186 :: 		
0x028A	0x3D0002  	BRA GE	Modulus_32x32_calcrem
;__Lib_Math.c,187 :: 		
0x028C	0x110160  	SUBR	W2, #0, W2
;__Lib_Math.c,188 :: 		
0x028E	0x1981E0  	SUBBR	W3, #0, W3
;__Lib_Math.c,189 :: 		
Modulus_32x32_calcrem:
;__Lib_Math.c,190 :: 		
0x0290	0x070005  	RCALL	Modulus_32x32___umodsi3
;__Lib_Math.c,191 :: 		
0x0292	0xE0004F  	CP0	[--W15]
;__Lib_Math.c,192 :: 		
0x0294	0x3B0002  	BRA NN	Modulus_32x32_exitr
;__Lib_Math.c,193 :: 		
0x0296	0x100060  	SUBR	W0, #0, W0
;__Lib_Math.c,194 :: 		
0x0298	0x1880E0  	SUBBR	W1, #0, W1
;__Lib_Math.c,195 :: 		
Modulus_32x32_exitr:
;__Lib_Math.c,196 :: 		
0x029A	0x060000  	RETURN
;__Lib_Math.c,197 :: 		
Modulus_32x32___umodsi3:
;__Lib_Math.c,198 :: 		
0x029C	0x070002  	RCALL	Modulus_32x32___udivsi3
;__Lib_Math.c,199 :: 		
0x029E	0xBE8004  	MOV.D	W4, W0
;__Lib_Math.c,200 :: 		
0x02A0	0x060000  	RETURN
;__Lib_Math.c,201 :: 		
Modulus_32x32___udivsi3:
;__Lib_Math.c,202 :: 		
0x02A2	0xB82260  	MUL.UU	W4, #0, W4
;__Lib_Math.c,203 :: 		
0x02A4	0x200206  	MOV	#32, W6
;__Lib_Math.c,204 :: 		
Modulus_32x32_nextbit:
;__Lib_Math.c,205 :: 		
0x02A6	0xD00000  	SL	W0, W0
;__Lib_Math.c,206 :: 		
0x02A8	0xD28081  	RLC	W1, W1
;__Lib_Math.c,207 :: 		
0x02AA	0xD28204  	RLC	W4, W4
;__Lib_Math.c,208 :: 		
0x02AC	0xD28285  	RLC	W5, W5
;__Lib_Math.c,209 :: 		
0x02AE	0xA80000  	BSET	W0, #0
;__Lib_Math.c,210 :: 		
0x02B0	0x520202  	SUB	W4, W2, W4
;__Lib_Math.c,211 :: 		
0x02B2	0x5A8283  	SUBB	W5, W3, W5
;__Lib_Math.c,212 :: 		
0x02B4	0x3B0003  	BRA NN	Modulus_32x32_iterate
;__Lib_Math.c,213 :: 		
0x02B6	0x420202  	ADD	W4, W2, W4
;__Lib_Math.c,214 :: 		
0x02B8	0x4A8283  	ADDC	W5, W3, W5
;__Lib_Math.c,215 :: 		
0x02BA	0xA10000  	BCLR	W0, #0
;__Lib_Math.c,216 :: 		
Modulus_32x32_iterate:
;__Lib_Math.c,217 :: 		
0x02BC	0xE90306  	DEC	W6, W6
;__Lib_Math.c,218 :: 		
0x02BE	0x3AFFF3  	BRA NZ	Modulus_32x32_nextbit
;__Lib_Math.c,219 :: 		
0x02C0	0x060000  	RETURN
;__Lib_Math.c,222 :: 		
the_end_Modulus_32x32:
;__Lib_Math.c,225 :: 		
L_end__Modulus_32x32:
0x02C2	0xFA8000  	ULNK
0x02C4	0x060000  	RETURN
; end of __Modulus_32x32
__Divide_32x32:
0x021C	0xFA0000  	LNK	#0
;__Lib_Math.c,78 :: 		
;__Lib_Math.c,81 :: 		
0x021E	0x070002  	RCALL	Divide_32x32___testsus
;__Lib_Math.c,83 :: 		
0x0220	0x00000004026A  	GOTO	the_end_Divide_32x32
;__Lib_Math.c,88 :: 		
Divide_32x32___testsus:
;__Lib_Math.c,89 :: 		
0x0224	0xE20008  	CP0	W4
;__Lib_Math.c,90 :: 		
0x0226	0x3A0002  	BRA NZ	Divide_32x32___divsi3
;__Lib_Math.c,92 :: 		
0x0228	0x070010  	RCALL	Divide_32x32___udivsi3
;__Lib_Math.c,93 :: 		
0x022A	0x060000  	RETURN
;__Lib_Math.c,95 :: 		
Divide_32x32___divsi3:
;__Lib_Math.c,96 :: 		
0x022C	0x689F83  	XOR	W1, W3, [W15++]
;__Lib_Math.c,97 :: 		
0x022E	0xE20002  	CP0	W1
;__Lib_Math.c,98 :: 		
0x0230	0x3D0002  	BRA GE	Divide_32x32_divtestb
;__Lib_Math.c,99 :: 		
0x0232	0x100060  	SUBR	W0, #0, W0
;__Lib_Math.c,100 :: 		
0x0234	0x1880E0  	SUBBR	W1, #0, W1
;__Lib_Math.c,101 :: 		
Divide_32x32_divtestb:
;__Lib_Math.c,102 :: 		
0x0236	0xE20006  	CP0	W3
;__Lib_Math.c,103 :: 		
0x0238	0x3D0002  	BRA GE	Divide_32x32_calcquot
;__Lib_Math.c,104 :: 		
0x023A	0x110160  	SUBR	W2, #0, W2
;__Lib_Math.c,105 :: 		
0x023C	0x1981E0  	SUBBR	W3, #0, W3
;__Lib_Math.c,106 :: 		
Divide_32x32_calcquot:
;__Lib_Math.c,107 :: 		
0x023E	0x070005  	RCALL	Divide_32x32___udivsi3
;__Lib_Math.c,108 :: 		
0x0240	0xE0004F  	CP0	[--W15]
;__Lib_Math.c,109 :: 		
0x0242	0x3B0002  	BRA NN	Divide_32x32_returnq
;__Lib_Math.c,110 :: 		
0x0244	0x100060  	SUBR	W0, #0, W0
;__Lib_Math.c,111 :: 		
0x0246	0x1880E0  	SUBBR	W1, #0, W1
;__Lib_Math.c,112 :: 		
Divide_32x32_returnq:
;__Lib_Math.c,113 :: 		
0x0248	0x060000  	RETURN
;__Lib_Math.c,114 :: 		
Divide_32x32___udivsi3:
;__Lib_Math.c,115 :: 		
0x024A	0xB82260  	MUL.UU	W4, #0, W4
;__Lib_Math.c,116 :: 		
0x024C	0x200206  	MOV	#32, W6
;__Lib_Math.c,117 :: 		
Divide_32x32_nextbit:
;__Lib_Math.c,118 :: 		
0x024E	0xD00000  	SL	W0, W0
;__Lib_Math.c,119 :: 		
0x0250	0xD28081  	RLC	W1, W1
;__Lib_Math.c,120 :: 		
0x0252	0xD28204  	RLC	W4, W4
;__Lib_Math.c,121 :: 		
0x0254	0xD28285  	RLC	W5, W5
;__Lib_Math.c,122 :: 		
0x0256	0xA80000  	BSET	W0, #0
;__Lib_Math.c,123 :: 		
0x0258	0x520202  	SUB	W4, W2, W4
;__Lib_Math.c,124 :: 		
0x025A	0x5A8283  	SUBB	W5, W3, W5
;__Lib_Math.c,125 :: 		
0x025C	0x3B0003  	BRA NN	Divide_32x32_iterate
;__Lib_Math.c,126 :: 		
0x025E	0x420202  	ADD	W4, W2, W4
;__Lib_Math.c,127 :: 		
0x0260	0x4A8283  	ADDC	W5, W3, W5
;__Lib_Math.c,128 :: 		
0x0262	0xA10000  	BCLR	W0, #0
;__Lib_Math.c,129 :: 		
Divide_32x32_iterate:
;__Lib_Math.c,130 :: 		
0x0264	0xE90306  	DEC	W6, W6
;__Lib_Math.c,131 :: 		
0x0266	0x3AFFF3  	BRA NZ	Divide_32x32_nextbit
;__Lib_Math.c,132 :: 		
0x0268	0x060000  	RETURN
;__Lib_Math.c,135 :: 		
the_end_Divide_32x32:
;__Lib_Math.c,138 :: 		
L_end__Divide_32x32:
0x026A	0xFA8000  	ULNK
0x026C	0x060000  	RETURN
; end of __Divide_32x32
0x0876	0x21000A  	MOV	#4096, W10
0x0878	0x20000B  	MOV	#0, W11
0x087A	0x090020  	REPEAT	#32
0x087C	0x781D0B  	MOV	W11, [W10++]
0x087E	0x060000  	RETURN
_int_1:
0x0854	0xF80034  	PUSH	DSWPAG
0x0856	0xF80032  	PUSH	DSRPAG
0x0858	0xF80036  	PUSH	RCOUNT
0x085A	0x781F80  	PUSH	W0
0x085C	0x200020  	MOV	#2, W0
0x085E	0x09000C  	REPEAT	#12
0x0860	0x781FB0  	PUSH	[W0++]
;nodo2.c,146 :: 		void int_1() org IVT_ADDR_INT1INTERRUPT {
;nodo2.c,148 :: 		INT1IF_bit = 0;
0x0862	0xA98802  	BCLR	INT1IF_bit, BitPos(INT1IF_bit+0)
;nodo2.c,150 :: 		TEST1 = ~TEST1;                                                           //D3: heartbeat de sincronismo recibido
0x0864	0xAA4E04  	BTG	LATA2_bit, BitPos(LATA2_bit+0)
;nodo2.c,152 :: 		}
L_end_int_1:
0x0866	0x2001A0  	MOV	#26, W0
0x0868	0x09000C  	REPEAT	#12
0x086A	0x78104F  	POP	[W0--]
0x086C	0x78004F  	POP	W0
0x086E	0xF90036  	POP	RCOUNT
0x0870	0xF90032  	POP	DSRPAG
0x0872	0xF90034  	POP	DSWPAG
0x0874	0x064000  	RETFIE
; end of _int_1
_urx_1:
0x06F4	0xF80034  	PUSH	DSWPAG
0x06F6	0xF80032  	PUSH	DSRPAG
0x06F8	0xF80036  	PUSH	RCOUNT
0x06FA	0x781F80  	PUSH	W0
0x06FC	0x200020  	MOV	#2, W0
0x06FE	0x09000C  	REPEAT	#12
0x0700	0x781FB0  	PUSH	[W0++]
;nodo2.c,178 :: 		void urx_1() org  IVT_ADDR_U1RXINTERRUPT {
;nodo2.c,180 :: 		U1RXIF_bit = 0;
0x0702	0x781F8A  	PUSH	W10
0x0704	0x781F8B  	PUSH	W11
0x0706	0x781F8C  	PUSH	W12
0x0708	0x781F8D  	PUSH	W13
0x070A	0xA96801  	BCLR	U1RXIF_bit, BitPos(U1RXIF_bit+0)
;nodo2.c,181 :: 		byteRS485 = U1RXREG;
0x070C	0x2100B1  	MOV	#lo_addr(_byteRS485), W1
0x070E	0xBFC226  	MOV.B	U1RXREG, WREG
0x0710	0x784880  	MOV.B	W0, [W1]
;nodo2.c,182 :: 		OERR_bit = 0;
0x0712	0xA92222  	BCLR	OERR_bit, BitPos(OERR_bit+0)
;nodo2.c,184 :: 		if (banRSI==2){
0x0714	0x2100A0  	MOV	#lo_addr(_banRSI), W0
0x0716	0x784010  	MOV.B	[W0], W0
0x0718	0xE10462  	CP.B	W0, #2
0x071A	0x3A0013  	BRA NZ	L_urx_122
L__urx_174:
;nodo2.c,185 :: 		if (i_rs485<(numDatosRS485)){
0x071C	0x808081  	MOV	_i_rs485, W1
0x071E	0x210040  	MOV	#lo_addr(_numDatosRS485), W0
0x0720	0xE10810  	CP	W1, [W0]
0x0722	0x310009  	BRA GEU	L_urx_123
L__urx_175:
;nodo2.c,186 :: 		inputPyloadRS485[i_rs485] = byteRS485;
0x0724	0x2101E1  	MOV	#lo_addr(_inputPyloadRS485), W1
0x0726	0x210100  	MOV	#lo_addr(_i_rs485), W0
0x0728	0x408090  	ADD	W1, [W0], W1
0x072A	0x2100B0  	MOV	#lo_addr(_byteRS485), W0
0x072C	0x784890  	MOV.B	[W0], [W1]
;nodo2.c,187 :: 		i_rs485++;
0x072E	0x200011  	MOV	#1, W1
0x0730	0x210100  	MOV	#lo_addr(_i_rs485), W0
0x0732	0x408810  	ADD	W1, [W0], [W0]
;nodo2.c,188 :: 		} else {
0x0734	0x370006  	BRA	L_urx_124
L_urx_123:
;nodo2.c,189 :: 		banRSI = 0;
0x0736	0x2100A1  	MOV	#lo_addr(_banRSI), W1
0x0738	0xEF2000  	CLR	W0
0x073A	0x784880  	MOV.B	W0, [W1]
;nodo2.c,190 :: 		banRSC = 1;
0x073C	0x210011  	MOV	#lo_addr(_banRSC), W1
0x073E	0xB3C010  	MOV.B	#1, W0
0x0740	0x784880  	MOV.B	W0, [W1]
;nodo2.c,191 :: 		}
L_urx_124:
;nodo2.c,192 :: 		}
L_urx_122:
;nodo2.c,194 :: 		if ((banRSI==0)&&(banRSC==0)){
0x0742	0x2100A0  	MOV	#lo_addr(_banRSI), W0
0x0744	0x784010  	MOV.B	[W0], W0
0x0746	0xE10460  	CP.B	W0, #0
0x0748	0x3A000E  	BRA NZ	L__urx_151
L__urx_176:
0x074A	0x210010  	MOV	#lo_addr(_banRSC), W0
0x074C	0x784010  	MOV.B	[W0], W0
0x074E	0xE10460  	CP.B	W0, #0
0x0750	0x3A000A  	BRA NZ	L__urx_150
L__urx_177:
L__urx_149:
;nodo2.c,195 :: 		if (byteRS485==RS485_BYTE_INICIO){
0x0752	0x2100B0  	MOV	#lo_addr(_byteRS485), W0
0x0754	0x784090  	MOV.B	[W0], W1
0x0756	0xB3C3A0  	MOV.B	#58, W0
0x0758	0xE10C00  	CP.B	W1, W0
0x075A	0x3A0005  	BRA NZ	L_urx_128
L__urx_178:
;nodo2.c,196 :: 		banRSI = 1;
0x075C	0x2100A1  	MOV	#lo_addr(_banRSI), W1
0x075E	0xB3C010  	MOV.B	#1, W0
0x0760	0x784880  	MOV.B	W0, [W1]
;nodo2.c,197 :: 		i_rs485 = 0;
0x0762	0xEF2000  	CLR	W0
0x0764	0x888080  	MOV	W0, _i_rs485
;nodo2.c,198 :: 		}
L_urx_128:
;nodo2.c,194 :: 		if ((banRSI==0)&&(banRSC==0)){
L__urx_151:
L__urx_150:
;nodo2.c,200 :: 		if ((banRSI==1)&&(i_rs485<5)){
0x0766	0x2100A0  	MOV	#lo_addr(_banRSI), W0
0x0768	0x784010  	MOV.B	[W0], W0
0x076A	0xE10461  	CP.B	W0, #1
0x076C	0x3A000B  	BRA NZ	L__urx_153
L__urx_179:
0x076E	0x808080  	MOV	_i_rs485, W0
0x0770	0xE10065  	CP	W0, #5
0x0772	0x310008  	BRA GEU	L__urx_152
L__urx_180:
L__urx_148:
;nodo2.c,201 :: 		tramaCabeceraRS485[i_rs485] = byteRS485;
0x0774	0x210141  	MOV	#lo_addr(_tramaCabeceraRS485), W1
0x0776	0x210100  	MOV	#lo_addr(_i_rs485), W0
0x0778	0x408090  	ADD	W1, [W0], W1
0x077A	0x2100B0  	MOV	#lo_addr(_byteRS485), W0
0x077C	0x784890  	MOV.B	[W0], [W1]
;nodo2.c,202 :: 		i_rs485++;
0x077E	0x200011  	MOV	#1, W1
0x0780	0x210100  	MOV	#lo_addr(_i_rs485), W0
0x0782	0x408810  	ADD	W1, [W0], [W0]
;nodo2.c,200 :: 		if ((banRSI==1)&&(i_rs485<5)){
L__urx_153:
L__urx_152:
;nodo2.c,204 :: 		if ((banRSI==1)&&(i_rs485==5)){
0x0784	0x2100A0  	MOV	#lo_addr(_banRSI), W0
0x0786	0x784010  	MOV.B	[W0], W0
0x0788	0xE10461  	CP.B	W0, #1
0x078A	0x3A002B  	BRA NZ	L__urx_157
L__urx_181:
0x078C	0x808080  	MOV	_i_rs485, W0
0x078E	0xE10065  	CP	W0, #5
0x0790	0x3A0028  	BRA NZ	L__urx_156
L__urx_182:
L__urx_147:
;nodo2.c,205 :: 		if ((tramaCabeceraRS485[1]==IDNODO)||(tramaCabeceraRS485[1]==RS485_DIR_BROADCAST)){
0x0792	0x210150  	MOV	#lo_addr(_tramaCabeceraRS485+1), W0
0x0794	0x784010  	MOV.B	[W0], W0
0x0796	0xE10462  	CP.B	W0, #2
0x0798	0x320006  	BRA Z	L__urx_155
L__urx_183:
0x079A	0x210150  	MOV	#lo_addr(_tramaCabeceraRS485+1), W0
0x079C	0x784090  	MOV.B	[W0], W1
0x079E	0xB3CFF0  	MOV.B	#255, W0
0x07A0	0xE10C00  	CP.B	W1, W0
0x07A2	0x320001  	BRA Z	L__urx_154
L__urx_184:
0x07A4	0x370010  	BRA	L_urx_137
L__urx_155:
L__urx_154:
;nodo2.c,206 :: 		funcionRS485 = tramaCabeceraRS485[2];
0x07A6	0x2100F1  	MOV	#lo_addr(_funcionRS485), W1
0x07A8	0x210160  	MOV	#lo_addr(_tramaCabeceraRS485+2), W0
0x07AA	0x784890  	MOV.B	[W0], [W1]
;nodo2.c,207 :: 		*(ptrnumDatosRS485) = tramaCabeceraRS485[3];
0x07AC	0x210171  	MOV	#lo_addr(_tramaCabeceraRS485+3), W1
0x07AE	0x808010  	MOV	_ptrnumDatosRS485, W0
0x07B0	0x784811  	MOV.B	[W1], [W0]
;nodo2.c,208 :: 		*(ptrnumDatosRS485+1) = tramaCabeceraRS485[4];
0x07B2	0x808010  	MOV	_ptrnumDatosRS485, W0
0x07B4	0x4000E1  	ADD	W0, #1, W1
0x07B6	0x210180  	MOV	#lo_addr(_tramaCabeceraRS485+4), W0
0x07B8	0x784890  	MOV.B	[W0], [W1]
;nodo2.c,209 :: 		banRSI = 2;
0x07BA	0x2100A1  	MOV	#lo_addr(_banRSI), W1
0x07BC	0xB3C020  	MOV.B	#2, W0
0x07BE	0x784880  	MOV.B	W0, [W1]
;nodo2.c,210 :: 		i_rs485 = 0;
0x07C0	0xEF2000  	CLR	W0
0x07C2	0x888080  	MOV	W0, _i_rs485
;nodo2.c,211 :: 		} else {
0x07C4	0x37000E  	BRA	L_urx_138
L_urx_137:
;nodo2.c,213 :: 		banRSI = 0;
0x07C6	0x2100A1  	MOV	#lo_addr(_banRSI), W1
0x07C8	0xEF2000  	CLR	W0
0x07CA	0x784880  	MOV.B	W0, [W1]
;nodo2.c,214 :: 		banRSC = 0;
0x07CC	0x210011  	MOV	#lo_addr(_banRSC), W1
0x07CE	0xEF2000  	CLR	W0
0x07D0	0x784880  	MOV.B	W0, [W1]
;nodo2.c,215 :: 		i_rs485 = 0;
0x07D2	0xEF2000  	CLR	W0
0x07D4	0x888080  	MOV	W0, _i_rs485
;nodo2.c,216 :: 		T2CON.TON = 1;
0x07D6	0xA8E111  	BSET	T2CON, #15
;nodo2.c,217 :: 		TMR2 = 0;
0x07D8	0xEF2106  	CLR	TMR2
;nodo2.c,218 :: 		contTMR2 = 0;
0x07DA	0x210001  	MOV	#lo_addr(_contTMR2), W1
0x07DC	0xEF2000  	CLR	W0
0x07DE	0x784880  	MOV.B	W0, [W1]
;nodo2.c,219 :: 		U1MODE.UARTEN = 0;
0x07E0	0xA9E221  	BCLR	U1MODE, #15
;nodo2.c,220 :: 		}
L_urx_138:
;nodo2.c,204 :: 		if ((banRSI==1)&&(i_rs485==5)){
L__urx_157:
L__urx_156:
;nodo2.c,223 :: 		if (banRSC==1){
0x07E2	0x210010  	MOV	#lo_addr(_banRSC), W0
0x07E4	0x784010  	MOV.B	[W0], W0
0x07E6	0xE10461  	CP.B	W0, #1
0x07E8	0x3A0029  	BRA NZ	L_urx_139
L__urx_185:
;nodo2.c,224 :: 		subFuncionRS485 = inputPyloadRS485[0];
0x07EA	0x2100E1  	MOV	#lo_addr(_subFuncionRS485), W1
0x07EC	0x2101E0  	MOV	#lo_addr(_inputPyloadRS485), W0
0x07EE	0x784890  	MOV.B	[W0], [W1]
;nodo2.c,227 :: 		if ((funcionRS485==0xF1)&&(subFuncionRS485==0xD2)){
0x07F0	0x2100F0  	MOV	#lo_addr(_funcionRS485), W0
0x07F2	0x784090  	MOV.B	[W0], W1
0x07F4	0xB3CF10  	MOV.B	#241, W0
0x07F6	0xE10C00  	CP.B	W1, W0
0x07F8	0x3A001B  	BRA NZ	L__urx_159
L__urx_186:
0x07FA	0x2100E0  	MOV	#lo_addr(_subFuncionRS485), W0
0x07FC	0x784090  	MOV.B	[W0], W1
0x07FE	0xB3CD20  	MOV.B	#210, W0
0x0800	0xE10C00  	CP.B	W1, W0
0x0802	0x3A0016  	BRA NZ	L__urx_158
L__urx_187:
L__urx_145:
;nodo2.c,228 :: 		outputPyloadRS485[0] = 0xD2;
0x0804	0x2102D1  	MOV	#lo_addr(_outputPyloadRS485), W1
0x0806	0xB3CD20  	MOV.B	#210, W0
0x0808	0x784880  	MOV.B	W0, [W1]
;nodo2.c,229 :: 		outputPyloadRS485[1] = IDNODO;
0x080A	0x2102E1  	MOV	#lo_addr(_outputPyloadRS485+1), W1
0x080C	0xB3C020  	MOV.B	#2, W0
0x080E	0x784880  	MOV.B	W0, [W1]
;nodo2.c,230 :: 		delay_ms(10);
0x0810	0x200028  	MOV	#2, W8
0x0812	0x238807  	MOV	#14464, W7
L_urx_143:
0x0814	0xED200E  	DEC	W7
0x0816	0x3AFFFE  	BRA NZ	L_urx_143
0x0818	0xED2010  	DEC	W8
0x081A	0x3AFFFC  	BRA NZ	L_urx_143
0x081C	0x000000  	NOP
0x081E	0x000000  	NOP
;nodo2.c,231 :: 		EnviarTramaRS485(RS485_PUERTO_UART1, IDNODO, 0xF1, 2, outputPyloadRS485);
0x0820	0x20002D  	MOV	#2, W13
0x0822	0xB3CF1C  	MOV.B	#241, W12
0x0824	0xB3C02B  	MOV.B	#2, W11
0x0826	0xB3C01A  	MOV.B	#1, W10
0x0828	0x2102D0  	MOV	#lo_addr(_outputPyloadRS485), W0
0x082A	0x781F80  	PUSH	W0
0x082C	0x07FED1  	RCALL	_EnviarTramaRS485
0x082E	0xB1002F  	SUB	#2, W15
;nodo2.c,227 :: 		if ((funcionRS485==0xF1)&&(subFuncionRS485==0xD2)){
L__urx_159:
L__urx_158:
;nodo2.c,234 :: 		banRSC = 0;
0x0830	0x210011  	MOV	#lo_addr(_banRSC), W1
0x0832	0xEF2000  	CLR	W0
0x0834	0x784880  	MOV.B	W0, [W1]
;nodo2.c,235 :: 		banRSI = 0;
0x0836	0x2100A1  	MOV	#lo_addr(_banRSI), W1
0x0838	0xEF2000  	CLR	W0
0x083A	0x784880  	MOV.B	W0, [W1]
;nodo2.c,236 :: 		}
L_urx_139:
;nodo2.c,238 :: 		}
L_end_urx_1:
0x083C	0x7806CF  	POP	W13
0x083E	0x78064F  	POP	W12
0x0840	0x7805CF  	POP	W11
0x0842	0x78054F  	POP	W10
0x0844	0x2001A0  	MOV	#26, W0
0x0846	0x09000C  	REPEAT	#12
0x0848	0x78104F  	POP	[W0--]
0x084A	0x78004F  	POP	W0
0x084C	0xF90036  	POP	RCOUNT
0x084E	0xF90032  	POP	DSRPAG
0x0850	0xF90034  	POP	DSWPAG
0x0852	0x064000  	RETFIE
; end of _urx_1
_EnviarTramaRS485:
0x05D0	0xFA0000  	LNK	#0
;rs485.c,74 :: 		void EnviarTramaRS485(unsigned short puerto, unsigned short direccion, unsigned short funcion, unsigned int numDatos, unsigned char *payload){
0x05D2	0x781F8B  	PUSH	W11
; payload start address is: 2 (W1)
0x05D4	0x97B8CE  	MOV	[W14-8], W1
;rs485.c,79 :: 		ptrNumDatos = (unsigned char *) &numDatos;
0x05D6	0x2001A0  	MOV	#lo_addr(W13), W0
; ptrNumDatos start address is: 4 (W2)
0x05D8	0x780100  	MOV	W0, W2
;rs485.c,81 :: 		MSRS485 = 1;                                    // Habilita el MAX485 de datos en modo transmision (DE/RE = 1)
0x05DA	0xA88E15  	BSET	LATB12_bit, BitPos(LATB12_bit+0)
;rs485.c,82 :: 		Delay_us(10);                                    // Tiempo de establecimiento del transceptor (margen sobre datasheet MAX485)
0x05DC	0x200507  	MOV	#80, W7
L_EnviarTramaRS4858:
0x05DE	0xED200E  	DEC	W7
0x05E0	0x3AFFFE  	BRA NZ	L_EnviarTramaRS4858
0x05E2	0x000000  	NOP
0x05E4	0x000000  	NOP
;rs485.c,84 :: 		RS485_EscribirByte(puerto, RS485_BYTE_INICIO);   // [0] Cabecera
0x05E6	0x781F8B  	PUSH	W11
0x05E8	0xB3C3AB  	MOV.B	#58, W11
0x05EA	0x07FE77  	RCALL	nodo2_RS485_EscribirByte
0x05EC	0x7805CF  	POP	W11
;rs485.c,85 :: 		RS485_EscribirByte(puerto, direccion);           // [1] Direccion del nodo destino
0x05EE	0x07FE75  	RCALL	nodo2_RS485_EscribirByte
;rs485.c,86 :: 		RS485_EscribirByte(puerto, funcion);             // [2] Funcion solicitada
0x05F0	0x78458C  	MOV.B	W12, W11
0x05F2	0x07FE73  	RCALL	nodo2_RS485_EscribirByte
;rs485.c,87 :: 		RS485_EscribirByte(puerto, *(ptrNumDatos));      // [3] numDatos LSB
0x05F4	0x784592  	MOV.B	[W2], W11
0x05F6	0x07FE71  	RCALL	nodo2_RS485_EscribirByte
;rs485.c,88 :: 		RS485_EscribirByte(puerto, *(ptrNumDatos+1));    // [4] numDatos MSB
0x05F8	0x410061  	ADD	W2, #1, W0
; ptrNumDatos end address is: 4 (W2)
0x05FA	0x784590  	MOV.B	[W0], W11
0x05FC	0x07FE6E  	RCALL	nodo2_RS485_EscribirByte
;rs485.c,90 :: 		for (k=0; k<numDatos; k++){
; k start address is: 4 (W2)
0x05FE	0xEF2004  	CLR	W2
; k end address is: 4 (W2)
L_EnviarTramaRS48510:
; k start address is: 4 (W2)
; payload start address is: 2 (W1)
; payload end address is: 2 (W1)
0x0600	0xE1100D  	CP	W2, W13
0x0602	0x310007  	BRA GEU	L_EnviarTramaRS48511
L__EnviarTramaRS48565:
; payload end address is: 2 (W1)
;rs485.c,91 :: 		RS485_EscribirByte(puerto, payload[k]);      // [5..N] Payload
; payload start address is: 2 (W1)
0x0604	0x408002  	ADD	W1, W2, W0
0x0606	0x781F8B  	PUSH	W11
0x0608	0x784590  	MOV.B	[W0], W11
0x060A	0x07FE67  	RCALL	nodo2_RS485_EscribirByte
0x060C	0x7805CF  	POP	W11
;rs485.c,90 :: 		for (k=0; k<numDatos; k++){
0x060E	0xEC2004  	INC	W2
;rs485.c,92 :: 		}
; payload end address is: 2 (W1)
; k end address is: 4 (W2)
0x0610	0x37FFF7  	BRA	L_EnviarTramaRS48510
L_EnviarTramaRS48511:
;rs485.c,94 :: 		RS485_EsperarFinTx(puerto);                      // Espera a que el ultimo byte salga fisicamente por la linea
0x0612	0x07FE59  	RCALL	nodo2_RS485_EsperarFinTx
;rs485.c,95 :: 		Delay_us(10);
0x0614	0x200507  	MOV	#80, W7
L_EnviarTramaRS48513:
0x0616	0xED200E  	DEC	W7
0x0618	0x3AFFFE  	BRA NZ	L_EnviarTramaRS48513
0x061A	0x000000  	NOP
0x061C	0x000000  	NOP
;rs485.c,96 :: 		MSRS485 = 0;                                     // Regresa el MAX485 a modo recepcion para escuchar la respuesta del nodo
0x061E	0xA98E15  	BCLR	LATB12_bit, BitPos(LATB12_bit+0)
;rs485.c,98 :: 		}
L_end_EnviarTramaRS485:
0x0620	0x7805CF  	POP	W11
0x0622	0xFA8000  	ULNK
0x0624	0x060000  	RETURN
; end of _EnviarTramaRS485
nodo2_RS485_EscribirByte:
;rs485.c,51 :: 		static void RS485_EscribirByte(unsigned short puerto, unsigned char dato){
;rs485.c,53 :: 		if (puerto==RS485_PUERTO_UART1){
0x02DA	0x781F8A  	PUSH	W10
0x02DC	0xE15461  	CP.B	W10, #1
0x02DE	0x3A0003  	BRA NZ	L_nodo2_RS485_EscribirByte6
L_nodo2_RS485_EscribirByte63:
;rs485.c,54 :: 		UART1_Write(dato);
0x02E0	0xFB850B  	ZE	W11, W10
0x02E2	0x07FF8E  	RCALL	_UART1_Write
;rs485.c,55 :: 		} else {
0x02E4	0x370002  	BRA	L_nodo2_RS485_EscribirByte7
L_nodo2_RS485_EscribirByte6:
;rs485.c,56 :: 		UART2_Write(dato);
0x02E6	0xFB850B  	ZE	W11, W10
0x02E8	0x07FF92  	RCALL	_UART2_Write
;rs485.c,57 :: 		}
L_nodo2_RS485_EscribirByte7:
;rs485.c,59 :: 		}
L_end_RS485_EscribirByte:
0x02EA	0x78054F  	POP	W10
0x02EC	0x060000  	RETURN
; end of nodo2_RS485_EscribirByte
_UART1_Write:
0x0200	0xFA0000  	LNK	#0
;__Lib_UART_12_p24_p33.c,70 :: 		
;__Lib_UART_12_p24_p33.c,71 :: 		
L_UART1_Write0:
0x0202	0xAF0223  	BTSC	U1STA, #8
0x0204	0x370001  	BRA	L_UART1_Write1
0x0206	0x37FFFD  	BRA	L_UART1_Write0
L_UART1_Write1:
;__Lib_UART_12_p24_p33.c,72 :: 		
0x0208	0x88112A  	MOV	W10, U1TXREG
;__Lib_UART_12_p24_p33.c,73 :: 		
L_end_UART1_Write:
0x020A	0xFA8000  	ULNK
0x020C	0x060000  	RETURN
; end of _UART1_Write
_UART2_Write:
0x020E	0xFA0000  	LNK	#0
;__Lib_UART_12_p24_p33.c,305 :: 		
;__Lib_UART_12_p24_p33.c,306 :: 		
L_UART2_Write25:
0x0210	0xAF0233  	BTSC	U2STA, #8
0x0212	0x370001  	BRA	L_UART2_Write26
0x0214	0x37FFFD  	BRA	L_UART2_Write25
L_UART2_Write26:
;__Lib_UART_12_p24_p33.c,307 :: 		
0x0216	0x8811AA  	MOV	W10, U2TXREG
;__Lib_UART_12_p24_p33.c,308 :: 		
L_end_UART2_Write:
0x0218	0xFA8000  	ULNK
0x021A	0x060000  	RETURN
; end of _UART2_Write
nodo2_RS485_EsperarFinTx:
;rs485.c,37 :: 		static void RS485_EsperarFinTx(unsigned short puerto){
;rs485.c,39 :: 		if (puerto==RS485_PUERTO_UART1){
0x02C6	0xE15461  	CP.B	W10, #1
0x02C8	0x3A0004  	BRA NZ	L_nodo2_RS485_EsperarFinTx0
L_nodo2_RS485_EsperarFinTx61:
;rs485.c,40 :: 		while(!U1STAbits.TRMT);
L_nodo2_RS485_EsperarFinTx1:
0x02CA	0xAF0223  	BTSC	U1STAbits, #8
0x02CC	0x370001  	BRA	L_nodo2_RS485_EsperarFinTx2
0x02CE	0x37FFFD  	BRA	L_nodo2_RS485_EsperarFinTx1
L_nodo2_RS485_EsperarFinTx2:
;rs485.c,41 :: 		} else {
0x02D0	0x370003  	BRA	L_nodo2_RS485_EsperarFinTx3
L_nodo2_RS485_EsperarFinTx0:
;rs485.c,42 :: 		while(!U2STAbits.TRMT);
L_nodo2_RS485_EsperarFinTx4:
0x02D2	0xAF0233  	BTSC	U2STAbits, #8
0x02D4	0x370001  	BRA	L_nodo2_RS485_EsperarFinTx5
0x02D6	0x37FFFD  	BRA	L_nodo2_RS485_EsperarFinTx4
L_nodo2_RS485_EsperarFinTx5:
;rs485.c,43 :: 		}
L_nodo2_RS485_EsperarFinTx3:
;rs485.c,45 :: 		}
L_end_RS485_EsperarFinTx:
0x02D8	0x060000  	RETURN
; end of nodo2_RS485_EsperarFinTx
_Timer2Int:
0x068C	0xF80034  	PUSH	DSWPAG
0x068E	0xF80032  	PUSH	DSRPAG
0x0690	0xF80036  	PUSH	RCOUNT
0x0692	0x781F80  	PUSH	W0
0x0694	0x200020  	MOV	#2, W0
0x0696	0x09000C  	REPEAT	#12
0x0698	0x781FB0  	PUSH	[W0++]
;nodo2.c,157 :: 		void Timer2Int() org IVT_ADDR_T2INTERRUPT{
;nodo2.c,159 :: 		T2IF_bit = 0;
0x069A	0x781F8A  	PUSH	W10
0x069C	0x781F8B  	PUSH	W11
0x069E	0x781F8C  	PUSH	W12
0x06A0	0x781F8D  	PUSH	W13
0x06A2	0xA9E800  	BCLR	T2IF_bit, BitPos(T2IF_bit+0)
;nodo2.c,160 :: 		contTMR2++;
0x06A4	0xB3C011  	MOV.B	#1, W1
0x06A6	0x210000  	MOV	#lo_addr(_contTMR2), W0
0x06A8	0x40C810  	ADD.B	W1, [W0], [W0]
;nodo2.c,162 :: 		if (contTMR2==4){
0x06AA	0x210000  	MOV	#lo_addr(_contTMR2), W0
0x06AC	0x784010  	MOV.B	[W0], W0
0x06AE	0xE10464  	CP.B	W0, #4
0x06B0	0x3A0015  	BRA NZ	L_Timer2Int21
L__Timer2Int72:
;nodo2.c,163 :: 		T2CON.TON = 0;
0x06B2	0xA9E111  	BCLR	T2CON, #15
;nodo2.c,164 :: 		TMR2 = 0;
0x06B4	0xEF2106  	CLR	TMR2
;nodo2.c,165 :: 		contTMR2 = 0;
0x06B6	0x210001  	MOV	#lo_addr(_contTMR2), W1
0x06B8	0xEF2000  	CLR	W0
0x06BA	0x784880  	MOV.B	W0, [W1]
;nodo2.c,166 :: 		banRSI = 0;
0x06BC	0x2100A1  	MOV	#lo_addr(_banRSI), W1
0x06BE	0xEF2000  	CLR	W0
0x06C0	0x784880  	MOV.B	W0, [W1]
;nodo2.c,167 :: 		banRSC = 0;
0x06C2	0x210011  	MOV	#lo_addr(_banRSC), W1
0x06C4	0xEF2000  	CLR	W0
0x06C6	0x784880  	MOV.B	W0, [W1]
;nodo2.c,168 :: 		i_rs485 = 0;
0x06C8	0xEF2000  	CLR	W0
0x06CA	0x888080  	MOV	W0, _i_rs485
;nodo2.c,169 :: 		UART1_Init_Advanced(2000000, _UART_8BIT_NOPARITY, _UART_ONE_STOPBIT, _UART_HI_SPEED);
0x06CC	0xEF201A  	CLR	W13
0x06CE	0xEF2018  	CLR	W12
0x06D0	0x28480A  	MOV	#33920, W10
0x06D2	0x2001EB  	MOV	#30, W11
0x06D4	0x200010  	MOV	#1, W0
0x06D6	0x781F80  	PUSH	W0
0x06D8	0x07FE1F  	RCALL	_UART1_Init_Advanced
0x06DA	0xB1002F  	SUB	#2, W15
;nodo2.c,170 :: 		}
L_Timer2Int21:
;nodo2.c,172 :: 		}
L_end_Timer2Int:
0x06DC	0x7806CF  	POP	W13
0x06DE	0x78064F  	POP	W12
0x06E0	0x7805CF  	POP	W11
0x06E2	0x78054F  	POP	W10
0x06E4	0x2001A0  	MOV	#26, W0
0x06E6	0x09000C  	REPEAT	#12
0x06E8	0x78104F  	POP	[W0--]
0x06EA	0x78004F  	POP	W0
0x06EC	0xF90036  	POP	RCOUNT
0x06EE	0xF90032  	POP	DSRPAG
0x06F0	0xF90034  	POP	DSWPAG
0x06F2	0x064000  	RETFIE
; end of _Timer2Int
Symbol List:
//** Routines locations **
//ADDRESS    SIZE    PROCEDURE
//----------------------------------------------
0x0200      [14]    _UART1_Write
0x020E      [14]    _UART2_Write
0x021C      [82]    __Divide_32x32
0x026E      [88]    __Modulus_32x32
0x02C6      [20]    nodo2_RS485_EsperarFinTx
0x02DA      [20]    nodo2_RS485_EscribirByte
0x02EE      [18]    __Multiply_32x32
0x0300       [6]    _Get_Fosc_kHz
0x0306       [4]    _Get_Fosc_Per_Cyc
0x030A      [14]    _Delay_100ms
0x0318     [448]    _UART1_Init_Advanced
0x04D8     [248]    _ConfiguracionPrincipal
0x05D0      [86]    _EnviarTramaRS485
0x0626     [102]    _main
0x068C     [104]    _Timer2Int
0x06F4     [352]    _urx_1
0x0854      [34]    _int_1
//** Variables locations ** 
//ADDRESS    SIZE    VARIABLE
//----------------------------------------------
0x1000       [1]    _contTMR2
0x1002       [2]    _ptrnumDatosRS485
0x1004       [2]    _numDatosRS485
0x0E14       [0]    MSRS485
0x1006       [2]    _UART_Rd_Ptr
0x1008       [2]    _UART_Wr_Ptr
0x0E14       [0]    LATB12_bit
0x1001       [1]    _banRSC
0x100A       [1]    _banRSI
0x100C       [2]    _x
0x100B       [1]    _byteRS485
0x100E       [1]    _subFuncionRS485
0x100F       [1]    _funcionRS485
0x1010       [2]    _i_rs485
0x1012       [2]    _UART_Rdy_Ptr
0x0106       [2]    TMR2
0x1014      [10]    _tramaCabeceraRS485
0x101E      [15]    _inputPyloadRS485
0x102D      [15]    _outputPyloadRS485
0x0224       [2]    U1TXREG
0x0234       [2]    U2TXREG
0x0232       [2]    U2STA
0x0222       [2]    U1STA
0x0220       [2]    U1MODE
0x103C       [2]    _UART_Tx_Idle_Ptr
0x0228       [2]    U1BRG
0x0222       [0]    OERR_bit
0x0226       [2]    U1RXREG
0x0232       [2]    U2STAbits
0x08C2       [2]    INTCON2
0x0E10       [0]    TRISB14_bit
0x0E10       [0]    TRISB12_bit
0x06C4       [1]    RPINR18bits
0x0222       [2]    U1STAbits
0x0820       [0]    U1RXIE_bit
0x0682       [2]    RPOR1bits
0x0E0E       [2]    ANSELA
0x0746       [2]    PLLFBDbits
0x0744       [2]    CLKDIVbits
0x0E1E       [2]    ANSELB
0x0E10       [0]    MSRS485_Direction
0x0E00       [0]    TRISA2_bit
0x0E00       [0]    TEST1_Direction
0x0800       [0]    U1RXIF_bit
0x0842       [2]    IPC1bits
0x010C       [2]    PR2
0x0800       [0]    T2IF_bit
0x0E04       [0]    TEST1
0x103E       [2]    _j
0x1040       [2]    _i
0x0E04       [0]    LATA2_bit
0x0822       [0]    INT1IE_bit
0x06A0       [2]    RPINR0
0x0844       [2]    IPC2bits
0x0802       [0]    INT1IF_bit
0x0820       [0]    T2IE_bit
0x0110       [2]    T2CON
0x084A       [1]    IPC5bits
0x0106       [2]    TMR2
0x010C       [2]    PR2
0x0110       [2]    T2CON
0x0014       [2]    FARG_UART1_Write__data
0x0014       [2]    FARG_UART2_Write__data
0x0220       [2]    U1MODE
0x0222       [2]    U1STA
0x0224       [2]    U1TXREG
0x0226       [2]    U1RXREG
0x0228       [2]    U1BRG
0x0232       [2]    U2STA
0x0234       [2]    U2TXREG
0x0014       [1]    FARG_nodo2_RS485_EsperarFinTx_puerto
0x0014       [1]    FARG_nodo2_RS485_EscribirByte_puerto
0x0016       [1]    FARG_nodo2_RS485_EscribirByte_dato
0x0014       [4]    FARG_UART1_Init_Advanced_baud_rate
0x0018       [2]    FARG_UART1_Init_Advanced_parity
0x001A       [2]    FARG_UART1_Init_Advanced_stop_bits
0x0014       [1]    FARG_EnviarTramaRS485_puerto
0x0016       [1]    FARG_EnviarTramaRS485_direccion
0x0018       [1]    FARG_EnviarTramaRS485_funcion
0x001A       [2]    FARG_EnviarTramaRS485_numDatos
0x06A0       [2]    RPINR0
0x08C2       [2]    INTCON2
0x0E0E       [2]    ANSELA
0x0E1E       [2]    ANSELB
