;  LST file generated by mikroListExporter - v.2.0 
; Date/Time: 31/8/2026 15:52:28
;----------------------------------------------

;Address Opcode 	ASM
0x0000	0x000000040826  	GOTO	_main
0x0004	0x000000  	0
0x0006	0x000000  	0
0x0008	0x000000  	0
0x000A	0x000000  	0
0x000C	0x000000  	0
0x000E	0x000000  	0
0x0010	0x000000  	0
0x0012	0x000000  	0
0x0014	0x000000  	0
0x0016	0x000000  	0
0x0018	0x000000  	0
0x001A	0x000000  	0
0x001C	0x000000  	0
0x001E	0x000000  	0
0x0020	0x000000  	0
0x0022	0x000000  	0
0x0024	0x000000  	0
0x0026	0x000000  	0
0x0028	0x000000  	0
0x002A	0x000000  	0
0x002C	0x000000  	0
0x002E	0x000000  	0
0x0030	0x000000  	0
0x0032	0x000000  	0
0x0034	0x000000  	0
0x0036	0x000000  	0
0x0038	0x000000  	0
0x003A	0x000000  	0
0x003C	0x0007FE  	2046
0x003E	0x000000  	0
0x0040	0x000000  	0
0x0042	0x000000  	0
0x0044	0x000000  	0
0x0046	0x000000  	0
0x0048	0x000000  	0
0x004A	0x000000  	0
0x004C	0x000000  	0
0x004E	0x000000  	0
0x0050	0x000000  	0
0x0052	0x000000  	0
0x0054	0x000000  	0
0x0056	0x000000  	0
0x0058	0x000000  	0
0x005A	0x000000  	0
0x005C	0x000000  	0
0x005E	0x000000  	0
0x0060	0x000000  	0
0x0062	0x000000  	0
0x0064	0x000000  	0
0x0066	0x000000  	0
0x0068	0x000000  	0
0x006A	0x000000  	0
0x006C	0x000000  	0
0x006E	0x000000  	0
0x0070	0x000000  	0
0x0072	0x000000  	0
0x0074	0x000000  	0
0x0076	0x000000  	0
0x0078	0x000000  	0
0x007A	0x000000  	0
0x007C	0x000000  	0
0x007E	0x000000  	0
0x0080	0x000000  	0
0x0082	0x000000  	0
0x0084	0x000000  	0
0x0086	0x000000  	0
0x0088	0x000000  	0
0x008A	0x000000  	0
0x008C	0x000000  	0
0x008E	0x000000  	0
0x0090	0x000000  	0
0x0092	0x000000  	0
0x0094	0x000000  	0
0x0096	0x000000  	0
0x0098	0x000000  	0
0x009A	0x000000  	0
0x009C	0x000000  	0
0x009E	0x000000  	0
0x00A0	0x000000  	0
0x00A2	0x000000  	0
0x00A4	0x000000  	0
0x00A6	0x000000  	0
0x00A8	0x000000  	0
0x00AA	0x000000  	0
0x00AC	0x000000  	0
0x00AE	0x000000  	0
0x00B0	0x000000  	0
0x00B2	0x000000  	0
0x00B4	0x000000  	0
0x00B6	0x000000  	0
0x00B8	0x000000  	0
0x00BA	0x000000  	0
0x00BC	0x000000  	0
0x00BE	0x000000  	0
0x00C0	0x000000  	0
0x00C2	0x000000  	0
0x00C4	0x000000  	0
0x00C6	0x000000  	0
0x00C8	0x000000  	0
0x00CA	0x000000  	0
0x00CC	0x000000  	0
0x00CE	0x000000  	0
0x00D0	0x000000  	0
0x00D2	0x000000  	0
0x00D4	0x000000  	0
0x00D6	0x000000  	0
0x00D8	0x000000  	0
0x00DA	0x000000  	0
0x00DC	0x000000  	0
0x00DE	0x000000  	0
0x00E0	0x000000  	0
0x00E2	0x000000  	0
0x00E4	0x000000  	0
0x00E6	0x000000  	0
0x00E8	0x000000  	0
0x00EA	0x000000  	0
0x00EC	0x000000  	0
0x00EE	0x000000  	0
0x00F0	0x000000  	0
0x00F2	0x000000  	0
0x00F4	0x000000  	0
0x00F6	0x000000  	0
0x00F8	0x000000  	0
0x00FA	0x000000  	0
0x00FC	0x000000  	0
0x00FE	0x000000  	0
0x0100	0x000000  	0
0x0102	0x000000  	0
0x0104	0x000000  	0
0x0106	0x000000  	0
0x0108	0x000000  	0
0x010A	0x000000  	0
0x010C	0x000000  	0
0x010E	0x000000  	0
0x0110	0x000000  	0
0x0112	0x000000  	0
0x0114	0x000000  	0
0x0116	0x000000  	0
0x0118	0x000000  	0
0x011A	0x000000  	0
0x011C	0x000000  	0
0x011E	0x000000  	0
0x0120	0x000000  	0
0x0122	0x000000  	0
0x0124	0x000000  	0
0x0126	0x000000  	0
0x0128	0x000000  	0
0x012A	0x000000  	0
0x012C	0x000000  	0
0x012E	0x000000  	0
0x0130	0x000000  	0
0x0132	0x000000  	0
0x0134	0x000000  	0
0x0136	0x000000  	0
0x0138	0x000000  	0
0x013A	0x000000  	0
0x013C	0x000000  	0
0x013E	0x000000  	0
0x0140	0x000000  	0
0x0142	0x000000  	0
0x0144	0x000000  	0
0x0146	0x000000  	0
0x0148	0x000000  	0
0x014A	0x000000  	0
0x014C	0x000000  	0
0x014E	0x000000  	0
0x0150	0x000000  	0
0x0152	0x000000  	0
0x0154	0x000000  	0
0x0156	0x000000  	0
0x0158	0x000000  	0
0x015A	0x000000  	0
0x015C	0x000000  	0
0x015E	0x000000  	0
0x0160	0x000000  	0
0x0162	0x000000  	0
0x0164	0x000000  	0
0x0166	0x000000  	0
0x0168	0x000000  	0
0x016A	0x000000  	0
0x016C	0x000000  	0
0x016E	0x000000  	0
0x0170	0x000000  	0
0x0172	0x000000  	0
0x0174	0x000000  	0
0x0176	0x000000  	0
0x0178	0x000000  	0
0x017A	0x000000  	0
0x017C	0x000000  	0
0x017E	0x000000  	0
0x0180	0x000000  	0
0x0182	0x000000  	0
0x0184	0x000000  	0
0x0186	0x000000  	0
0x0188	0x000000  	0
0x018A	0x000000  	0
0x018C	0x000000  	0
0x018E	0x000000  	0
0x0190	0x000000  	0
0x0192	0x000000  	0
0x0194	0x000000  	0
0x0196	0x000000  	0
0x0198	0x000000  	0
0x019A	0x000000  	0
0x019C	0x000000  	0
0x019E	0x000000  	0
0x01A0	0x000000  	0
0x01A2	0x000000  	0
0x01A4	0x000000  	0
0x01A6	0x000000  	0
0x01A8	0x000000  	0
0x01AA	0x000000  	0
0x01AC	0x000000  	0
0x01AE	0x000000  	0
0x01B0	0x000000  	0
0x01B2	0x000000  	0
0x01B4	0x000000  	0
0x01B6	0x000000  	0
0x01B8	0x000000  	0
0x01BA	0x000000  	0
0x01BC	0x000000  	0
0x01BE	0x000000  	0
0x01C0	0x000000  	0
0x01C2	0x000000  	0
0x01C4	0x000000  	0
0x01C6	0x000000  	0
0x01C8	0x000000  	0
0x01CA	0x000000  	0
0x01CC	0x000000  	0
0x01CE	0x000000  	0
0x01D0	0x000000  	0
0x01D2	0x000000  	0
0x01D4	0x000000  	0
0x01D6	0x000000  	0
0x01D8	0x000000  	0
0x01DA	0x000000  	0
0x01DC	0x000000  	0
0x01DE	0x000000  	0
0x01E0	0x000000  	0
0x01E2	0x000000  	0
0x01E4	0x000000  	0
0x01E6	0x000000  	0
0x01E8	0x000000  	0
0x01EA	0x000000  	0
0x01EC	0x000000  	0
0x01EE	0x000000  	0
0x01F0	0x000000  	0
0x01F2	0x000000  	0
0x01F4	0x000000  	0
0x01F6	0x000000  	0
0x01F8	0x000000  	0
0x01FA	0x000000  	0
0x01FC	0x000000  	0
0x01FE	0x000000  	0
_main:
0x0826	0x2120AF  	MOV	#4618, W15
0x0828	0x27FFF0  	MOV	#32767, W0
0x082A	0xB7A020  	MOV	WREG, SPLIM
0x082C	0x202010  	MOV	#513, W0
0x082E	0xB7A032  	MOV	WREG, DSRPAG
0x0830	0x200040  	MOV	#4, W0
0x0832	0xB72044  	IOR	CORCON
0x0834	0xFA0030  	LNK	#48
0x0836	0x0000000209C0  	CALL	2496
0x083A	0x803A21  	MOV	CLKDIVbits, W1
0x083C	0x2F8FF0  	MOV	#63743, W0
0x083E	0x608000  	AND	W1, W0, W0
0x0840	0xB7A744  	MOV	WREG, CLKDIVbits
0x0842	0x207440  	MOV	#lo_addr(CLKDIVbits), W0
0x0844	0x784090  	MOV.B	[W0], W1
0x0846	0xB3C3F0  	MOV.B	#63, W0
0x0848	0x60C080  	AND.B	W1, W0, W1
0x084A	0x207440  	MOV	#lo_addr(CLKDIVbits), W0
0x084C	0x784801  	MOV.B	W1, [W0]
0x084E	0xB3C050  	MOV.B	#5, W0
0x0850	0x784080  	MOV.B	W0, W1
0x0852	0x207440  	MOV	#lo_addr(CLKDIVbits), W0
0x0854	0x68C090  	XOR.B	W1, [W0], W1
0x0856	0x60C0FF  	AND.B	W1, #31, W1
0x0858	0x207440  	MOV	#lo_addr(CLKDIVbits), W0
0x085A	0x68C090  	XOR.B	W1, [W0], W1
0x085C	0x207440  	MOV	#lo_addr(CLKDIVbits), W0
0x085E	0x784801  	MOV.B	W1, [W0]
0x0860	0x200960  	MOV	#150, W0
0x0862	0x780080  	MOV	W0, W1
0x0864	0x207460  	MOV	#lo_addr(PLLFBDbits), W0
0x0866	0x688090  	XOR	W1, [W0], W1
0x0868	0x201FF0  	MOV	#511, W0
0x086A	0x608080  	AND	W1, W0, W1
0x086C	0x207460  	MOV	#lo_addr(PLLFBDbits), W0
0x086E	0x688090  	XOR	W1, [W0], W1
0x0870	0x883A31  	MOV	W1, PLLFBDbits
0x0872	0xEF2E0E  	CLR	ANSELA
0x0874	0xEF2E1E  	CLR	ANSELB
0x0876	0xA94E00  	BCLR	TRISA2_bit, BitPos(TRISA2_bit+0)
0x0878	0xA94E04  	BCLR	LATA2_bit, BitPos(LATA2_bit+0)
0x087A	0xA8CE11  	BSET	TRISB14_bit, BitPos(TRISB14_bit+0)
0x087C	0xA9AE10  	BCLR	TRISB5_bit, BitPos(TRISB5_bit+0)
0x087E	0xA8AE14  	BSET	LATB5_bit, BitPos(LATB5_bit+0)
0x0880	0xA8E8C3  	BSET	INTCON2, #15
0x0882	0xA98822  	BCLR	INT1IE_bit, BitPos(INT1IE_bit+0)
0x0884	0xA98802  	BCLR	INT1IF_bit, BitPos(INT1IF_bit+0)
0x0886	0xB3C010  	MOV.B	#1, W0
0x0888	0x784080  	MOV.B	W0, W1
0x088A	0x2084A0  	MOV	#lo_addr(IPC5bits), W0
0x088C	0x68C090  	XOR.B	W1, [W0], W1
0x088E	0x60C0E7  	AND.B	W1, #7, W1
0x0890	0x2084A0  	MOV	#lo_addr(IPC5bits), W0
0x0892	0x68C090  	XOR.B	W1, [W0], W1
0x0894	0x2084A0  	MOV	#lo_addr(IPC5bits), W0
0x0896	0x784801  	MOV.B	W1, [W0]
0x0898	0xEF2000  	CLR	W0
0x089A	0x781F80  	PUSH	W0
0x089C	0xEF2000  	CLR	W0
0x089E	0x781F80  	PUSH	W0
0x08A0	0xEF2000  	CLR	W0
0x08A2	0x781F80  	PUSH	W0
0x08A4	0xEF2000  	CLR	W0
0x08A6	0x781F80  	PUSH	W0
0x08A8	0xEF201A  	CLR	W13
0x08AA	0xEF2018  	CLR	W12
0x08AC	0xEF2016  	CLR	W11
0x08AE	0x20020A  	MOV	#32, W10
0x08B0	0x07FECB  	RCALL	_SPI1_Init_Advanced
0x08B2	0xB1008F  	SUB	#8, W15
0x08B4	0x07FE57  	RCALL	_sd_init
0x08B6	0xE24000  	CP0.B	W0
0x08B8	0x3A0010  	BRA NZ	L_main63
L__main126:
L_main64:
0x08BA	0xA84E04  	BSET	LATA2_bit, BitPos(LATA2_bit+0)
0x08BC	0x200198  	MOV	#25, W8
0x08BE	0x26A0E7  	MOV	#27150, W7
L_main66:
0x08C0	0xED200E  	DEC	W7
0x08C2	0x3AFFFE  	BRA NZ	L_main66
0x08C4	0xED2010  	DEC	W8
0x08C6	0x3AFFFC  	BRA NZ	L_main66
0x08C8	0x000000  	NOP
0x08CA	0xA94E04  	BCLR	LATA2_bit, BitPos(LATA2_bit+0)
0x08CC	0x200628  	MOV	#98, W8
0x08CE	0x2A83A7  	MOV	#43066, W7
L_main68:
0x08D0	0xED200E  	DEC	W7
0x08D2	0x3AFFFE  	BRA NZ	L_main68
0x08D4	0xED2010  	DEC	W8
0x08D6	0x3AFFFC  	BRA NZ	L_main68
0x08D8	0x37FFF0  	BRA	L_main64
L_main63:
0x08DA	0x07FF6B  	RCALL	_Led3PulsoRapido
0x08DC	0x280000  	MOV	#lo_addr(?lstr_1_nodo1), W0
0x08DE	0x781F80  	PUSH	W0
0x08E0	0x07FECA  	RCALL	_sd_log_append
0x08E2	0xB1002F  	SUB	#2, W15
0x08E4	0x2100A0  	MOV	#lo_addr(_sd_buf), W0
0x08E6	0x781F80  	PUSH	W0
0x08E8	0x200010  	MOV	#1, W0
0x08EA	0x200001  	MOV	#0, W1
0x08EC	0xBE9F80  	PUSH.D	W0
0x08EE	0x07FD5B  	RCALL	_sd_read_sector
0x08F0	0xB1006F  	SUB	#6, W15
0x08F2	0x2100A0  	MOV	#lo_addr(_sd_buf), W0
0x08F4	0x784090  	MOV.B	[W0], W1
0x08F6	0xB3CFF0  	MOV.B	#255, W0
0x08F8	0xE10C00  	CP.B	W1, W0
0x08FA	0x3A0022  	BRA NZ	L_main72
L__main127:
0x08FC	0x2100B0  	MOV	#lo_addr(_sd_buf+1), W0
0x08FE	0x784090  	MOV.B	[W0], W1
0x0900	0xB3CFF0  	MOV.B	#255, W0
0x0902	0xE10C00  	CP.B	W1, W0
0x0904	0x3A001D  	BRA NZ	L_main72
L__main128:
0x0906	0x2100C0  	MOV	#lo_addr(_sd_buf+2), W0
0x0908	0x784090  	MOV.B	[W0], W1
0x090A	0xB3CFF0  	MOV.B	#255, W0
0x090C	0xE10C00  	CP.B	W1, W0
0x090E	0x3A0018  	BRA NZ	L_main72
L__main129:
0x0910	0x2100D0  	MOV	#lo_addr(_sd_buf+3), W0
0x0912	0x784090  	MOV.B	[W0], W1
0x0914	0xB3CFF0  	MOV.B	#255, W0
0x0916	0xE10C00  	CP.B	W1, W0
0x0918	0x3A0013  	BRA NZ	L_main72
L__main130:
L__main80:
0x091A	0x2100A1  	MOV	#lo_addr(_sd_buf), W1
0x091C	0xEF2000  	CLR	W0
0x091E	0x784880  	MOV.B	W0, [W1]
0x0920	0x2100B1  	MOV	#lo_addr(_sd_buf+1), W1
0x0922	0xEF2000  	CLR	W0
0x0924	0x784880  	MOV.B	W0, [W1]
0x0926	0x2100C1  	MOV	#lo_addr(_sd_buf+2), W1
0x0928	0xEF2000  	CLR	W0
0x092A	0x784880  	MOV.B	W0, [W1]
0x092C	0x2100D1  	MOV	#lo_addr(_sd_buf+3), W1
0x092E	0xEF2000  	CLR	W0
0x0930	0x784880  	MOV.B	W0, [W1]
0x0932	0x2100A0  	MOV	#lo_addr(_sd_buf), W0
0x0934	0x781F80  	PUSH	W0
0x0936	0x200010  	MOV	#1, W0
0x0938	0x200001  	MOV	#0, W1
0x093A	0xBE9F80  	PUSH.D	W0
0x093C	0x07FCDC  	RCALL	_sd_write_sector
0x093E	0xB1006F  	SUB	#6, W15
L_main72:
0x0940	0x210001  	MOV	#lo_addr(_banPulsoSinc), W1
0x0942	0xEF2000  	CLR	W0
0x0944	0x784880  	MOV.B	W0, [W1]
0x0946	0xEF2000  	CLR	W0
0x0948	0xEF2002  	CLR	W1
0x094A	0x888030  	MOV	W0, _contPulsos
0x094C	0x888041  	MOV	W1, _contPulsos+2
0x094E	0xA98802  	BCLR	INT1IF_bit, BitPos(INT1IF_bit+0)
0x0950	0xA88822  	BSET	INT1IE_bit, BitPos(INT1IE_bit+0)
L_main73:
0x0952	0xFE6000  	CLRWDT
0x0954	0x210000  	MOV	#lo_addr(_banPulsoSinc), W0
0x0956	0xE00410  	CP0.B	[W0]
0x0958	0x320028  	BRA Z	L_main75
L__main131:
0x095A	0x210001  	MOV	#lo_addr(_banPulsoSinc), W1
0x095C	0xEF2000  	CLR	W0
0x095E	0x784880  	MOV.B	W0, [W1]
0x0960	0x200011  	MOV	#1, W1
0x0962	0x200002  	MOV	#0, W2
0x0964	0x210060  	MOV	#lo_addr(_contPulsos), W0
0x0966	0x409810  	ADD	W1, [W0], [W0++]
0x0968	0x491010  	ADDC	W2, [W0], [W0--]
0x096A	0x200200  	MOV	#32, W0
0x096C	0x470000  	ADD	W14, W0, W0
0x096E	0x781F80  	PUSH	W0
0x0970	0xF81006  	PUSH	_contPulsos
0x0972	0xF81008  	PUSH	_contPulsos+2
0x0974	0x07FDA8  	RCALL	_my_u32_to_str
0x0976	0xB1006F  	SUB	#6, W15
0x0978	0x4700E0  	ADD	W14, #0, W1
0x097A	0xEF2000  	CLR	W0
0x097C	0x784880  	MOV.B	W0, [W1]
0x097E	0x280140  	MOV	#lo_addr(?lstr_2_nodo1), W0
0x0980	0x781F80  	PUSH	W0
0x0982	0x781F81  	PUSH	W1
0x0984	0x07FD8B  	RCALL	_my_strcpy
0x0986	0xB1004F  	SUB	#4, W15
0x0988	0x200200  	MOV	#32, W0
0x098A	0x470000  	ADD	W14, W0, W0
0x098C	0x781F80  	PUSH	W0
0x098E	0x470060  	ADD	W14, #0, W0
0x0990	0x781F80  	PUSH	W0
0x0992	0x07FD74  	RCALL	_my_strcat
0x0994	0xB1004F  	SUB	#4, W15
0x0996	0x2801B0  	MOV	#lo_addr(?lstr_3_nodo1), W0
0x0998	0x781F80  	PUSH	W0
0x099A	0x470060  	ADD	W14, #0, W0
0x099C	0x781F80  	PUSH	W0
0x099E	0x07FD6E  	RCALL	_my_strcat
0x09A0	0xB1004F  	SUB	#4, W15
0x09A2	0x470060  	ADD	W14, #0, W0
0x09A4	0x781F80  	PUSH	W0
0x09A6	0x07FE67  	RCALL	_sd_log_append
0x09A8	0xB1002F  	SUB	#2, W15
L_main75:
0x09AA	0x200028  	MOV	#2, W8
0x09AC	0x238807  	MOV	#14464, W7
L_main76:
0x09AE	0xED200E  	DEC	W7
0x09B0	0x3AFFFE  	BRA NZ	L_main76
0x09B2	0xED2010  	DEC	W8
0x09B4	0x3AFFFC  	BRA NZ	L_main76
0x09B6	0x000000  	NOP
0x09B8	0x000000  	NOP
0x09BA	0x37FFCB  	BRA	L_main73
L_end_main:
0x09BC	0xFA8000  	ULNK
L__main_end_loop:
0x09BE	0x37FFFF  	BRA	L__main_end_loop
; end of _main
_SPI1_Init_Advanced:
0x0648	0xFA0000  	LNK	#0
; slave_select start address is: 2 (W1)
0x064A	0x97B8CE  	MOV	[W14-8], W1
; data_sample start address is: 8 (W4)
0x064C	0x97BA3E  	MOV	[W14-10], W4
; clock_idle start address is: 4 (W2)
0x064E	0x97B92E  	MOV	[W14-12], W2
; edge start address is: 6 (W3)
0x0650	0x97B99E  	MOV	[W14-14], W3
0x0652	0xEF2240  	CLR	SPI1STAT
0x0654	0xEF2242  	CLR	SPI1CON
0x0656	0x202000  	MOV	#lo_addr(_SPI1_Read), W0
0x0658	0x888010  	MOV	W0, _SPI_Rd_Ptr
0x065A	0x2FFFF0  	MOV	#lo_addr(_SPI1_Write), W0
0x065C	0x888020  	MOV	W0, _SPI_Wr_Ptr
0x065E	0x75000B  	IOR	W10, W11, W0
0x0660	0x70000C  	IOR	W0, W12, W0
0x0662	0x70000D  	IOR	W0, W13, W0
0x0664	0x700001  	IOR	W0, W1, W0
; slave_select end address is: 2 (W1)
0x0666	0x700004  	IOR	W0, W4, W0
; data_sample end address is: 8 (W4)
0x0668	0x700082  	IOR	W0, W2, W1
; clock_idle end address is: 4 (W2)
0x066A	0x202420  	MOV	#lo_addr(SPI1CON), W0
0x066C	0x708803  	IOR	W1, W3, [W0]
; edge end address is: 6 (W3)
0x066E	0xA9C240  	BCLR.B	SPI1STAT, #6
0x0670	0xA8E241  	BSET	SPI1STAT, #15
L_end_SPI1_Init_Advanced:
0x0672	0xFA8000  	ULNK
0x0674	0x060000  	RETURN
; end of _SPI1_Init_Advanced
_sd_init:
0x0564	0xFA0004  	LNK	#4
0x0566	0x07FF82  	RCALL	_spi_cs_high
0x0568	0xEF2000  	CLR	W0
0x056A	0x980700  	MOV	W0, [W14+0]
L_sd_init19:
0x056C	0x90000E  	MOV	[W14+0], W0
0x056E	0xE1006A  	CP	W0, #10
0x0570	0x310008  	BRA GEU	L_sd_init20
L__sd_init99:
0x0572	0x200FF0  	MOV	#255, W0
0x0574	0x781F80  	PUSH	W0
0x0576	0x07FF7C  	RCALL	_spi_xchg
0x0578	0xB1002F  	SUB	#2, W15
0x057A	0x200011  	MOV	#1, W1
0x057C	0x470060  	ADD	W14, #0, W0
0x057E	0x408810  	ADD	W1, [W0], [W0]
0x0580	0x37FFF5  	BRA	L_sd_init19
L_sd_init20:
0x0582	0x07FF49  	RCALL	_spi_cs_low
0x0584	0x200950  	MOV	#149, W0
0x0586	0x781F80  	PUSH	W0
0x0588	0xEF2000  	CLR	W0
0x058A	0xDE80CF  	ASR	W0, #15, W1
0x058C	0xBE9F80  	PUSH.D	W0
0x058E	0xEF2000  	CLR	W0
0x0590	0x781F80  	PUSH	W0
0x0592	0x07FE6E  	RCALL	_sd_cmd
0x0594	0xB1008F  	SUB	#8, W15
0x0596	0x984720  	MOV.B	W0, [W14+2]
0x0598	0xE10461  	CP.B	W0, #1
0x059A	0x320003  	BRA Z	L_sd_init22
L__sd_init100:
0x059C	0x07FF67  	RCALL	_spi_cs_high
0x059E	0xEF2000  	CLR	W0
0x05A0	0x370051  	BRA	L_end_sd_init
L_sd_init22:
0x05A2	0x07FF39  	RCALL	_spi_cs_low
0x05A4	0x200870  	MOV	#135, W0
0x05A6	0x781F80  	PUSH	W0
0x05A8	0x201AA0  	MOV	#426, W0
0x05AA	0x200001  	MOV	#0, W1
0x05AC	0xBE9F80  	PUSH.D	W0
0x05AE	0x200080  	MOV	#8, W0
0x05B0	0x781F80  	PUSH	W0
0x05B2	0x07FE5E  	RCALL	_sd_cmd
0x05B4	0xB1008F  	SUB	#8, W15
0x05B6	0x984720  	MOV.B	W0, [W14+2]
0x05B8	0xE10461  	CP.B	W0, #1
0x05BA	0x3A0010  	BRA NZ	L_sd_init23
L__sd_init101:
0x05BC	0x200FF0  	MOV	#255, W0
0x05BE	0x781F80  	PUSH	W0
0x05C0	0x07FF57  	RCALL	_spi_xchg
0x05C2	0xB1002F  	SUB	#2, W15
0x05C4	0x200FF0  	MOV	#255, W0
0x05C6	0x781F80  	PUSH	W0
0x05C8	0x07FF53  	RCALL	_spi_xchg
0x05CA	0xB1002F  	SUB	#2, W15
0x05CC	0x200FF0  	MOV	#255, W0
0x05CE	0x781F80  	PUSH	W0
0x05D0	0x07FF4F  	RCALL	_spi_xchg
0x05D2	0xB1002F  	SUB	#2, W15
0x05D4	0x200FF0  	MOV	#255, W0
0x05D6	0x781F80  	PUSH	W0
0x05D8	0x07FF4B  	RCALL	_spi_xchg
0x05DA	0xB1002F  	SUB	#2, W15
L_sd_init23:
0x05DC	0xEF2000  	CLR	W0
0x05DE	0x980700  	MOV	W0, [W14+0]
L_sd_init24:
0x05E0	0x90008E  	MOV	[W14+0], W1
0x05E2	0x207D00  	MOV	#2000, W0
0x05E4	0xE10800  	CP	W1, W0
0x05E6	0x310026  	BRA GEU	L_sd_init25
L__sd_init102:
0x05E8	0x07FF16  	RCALL	_spi_cs_low
0x05EA	0x200FF0  	MOV	#255, W0
0x05EC	0x781F80  	PUSH	W0
0x05EE	0xEF2000  	CLR	W0
0x05F0	0xDE80CF  	ASR	W0, #15, W1
0x05F2	0xBE9F80  	PUSH.D	W0
0x05F4	0x200370  	MOV	#55, W0
0x05F6	0x781F80  	PUSH	W0
0x05F8	0x07FE3B  	RCALL	_sd_cmd
0x05FA	0xB1008F  	SUB	#8, W15
0x05FC	0x984720  	MOV.B	W0, [W14+2]
0x05FE	0xE10461  	CP.B	W0, #1
0x0600	0x320003  	BRA Z	L_sd_init27
L__sd_init103:
0x0602	0x07FF34  	RCALL	_spi_cs_high
0x0604	0xEF2000  	CLR	W0
0x0606	0x37001E  	BRA	L_end_sd_init
L_sd_init27:
0x0608	0x200FF0  	MOV	#255, W0
0x060A	0x781F80  	PUSH	W0
0x060C	0x200000  	MOV	#0, W0
0x060E	0x240001  	MOV	#16384, W1
0x0610	0xBE9F80  	PUSH.D	W0
0x0612	0x200290  	MOV	#41, W0
0x0614	0x781F80  	PUSH	W0
0x0616	0x07FE2C  	RCALL	_sd_cmd
0x0618	0xB1008F  	SUB	#8, W15
0x061A	0x984720  	MOV.B	W0, [W14+2]
0x061C	0xE10460  	CP.B	W0, #0
0x061E	0x3A0001  	BRA NZ	L_sd_init28
L__sd_init104:
0x0620	0x370009  	BRA	L_sd_init25
L_sd_init28:
0x0622	0x21F407  	MOV	#8000, W7
L_sd_init29:
0x0624	0xED200E  	DEC	W7
0x0626	0x3AFFFE  	BRA NZ	L_sd_init29
0x0628	0x000000  	NOP
0x062A	0x000000  	NOP
0x062C	0x200011  	MOV	#1, W1
0x062E	0x470060  	ADD	W14, #0, W0
0x0630	0x408810  	ADD	W1, [W0], [W0]
0x0632	0x37FFD6  	BRA	L_sd_init24
L_sd_init25:
0x0634	0x90402E  	MOV.B	[W14+2], W0
0x0636	0xE10460  	CP.B	W0, #0
0x0638	0x320003  	BRA Z	L_sd_init31
L__sd_init105:
0x063A	0x07FF18  	RCALL	_spi_cs_high
0x063C	0xEF2000  	CLR	W0
0x063E	0x370002  	BRA	L_end_sd_init
L_sd_init31:
0x0640	0x07FF15  	RCALL	_spi_cs_high
0x0642	0xB3C010  	MOV.B	#1, W0
L_end_sd_init:
0x0644	0xFA8000  	ULNK
0x0646	0x060000  	RETURN
; end of _sd_init
_spi_cs_high:
0x046C	0xA8AE14  	BSET	LATB5_bit, BitPos(LATB5_bit+0)
L_end_spi_cs_high:
0x046E	0x060000  	RETURN
; end of _spi_cs_high
_spi_xchg:
0x0470	0xFA0000  	LNK	#0
0x0472	0x570068  	SUB	W14, #8, W0
0x0474	0xFB8510  	ZE	[W0], W10
0x0476	0x07FEC4  	RCALL	_SPI1_Read
L_end_spi_xchg:
0x0478	0xFA8000  	ULNK
0x047A	0x060000  	RETURN
; end of _spi_xchg
_SPI1_Read:
0x0200	0xFA0000  	LNK	#0
0x0202	0xA9C240  	BCLR.B	SPI1STAT, #6
L_SPI1_Read0:
0x0204	0xAE2240  	BTSS	SPI1STAT, #1
0x0206	0x370001  	BRA	L_SPI1_Read1
0x0208	0x37FFFD  	BRA	L_SPI1_Read0
L_SPI1_Read1:
0x020A	0x88124A  	MOV	W10, SPI1BUF
L_SPI1_Read2:
0x020C	0xAF0240  	BTSC	SPI1STAT, #0
0x020E	0x370001  	BRA	L_SPI1_Read3
0x0210	0x37FFFD  	BRA	L_SPI1_Read2
L_SPI1_Read3:
0x0212	0xBF8248  	MOV	SPI1BUF, WREG
L_end_SPI1_Read:
0x0214	0xFA8000  	ULNK
0x0216	0x060000  	RETURN
; end of _SPI1_Read
_spi_cs_low:
0x0416	0xA9AE14  	BCLR	LATB5_bit, BitPos(LATB5_bit+0)
L_end_spi_cs_low:
0x0418	0x060000  	RETURN
; end of _spi_cs_low
_sd_cmd:
0x0270	0xFA0002  	LNK	#2
0x0272	0x0700FC  	RCALL	_spi_cs_high
0x0274	0x200FF0  	MOV	#255, W0
0x0276	0x781F80  	PUSH	W0
0x0278	0x0700FB  	RCALL	_spi_xchg
0x027A	0xB1002F  	SUB	#2, W15
0x027C	0x0700CC  	RCALL	_spi_cs_low
0x027E	0x200401  	MOV	#64, W1
0x0280	0x570068  	SUB	W14, #8, W0
0x0282	0xFB8010  	ZE	[W0], W0
0x0284	0x708000  	IOR	W1, W0, W0
0x0286	0x781F80  	PUSH	W0
0x0288	0x0700F3  	RCALL	_spi_xchg
0x028A	0xB1002F  	SUB	#2, W15
0x028C	0x57016C  	SUB	W14, #12, W2
0x028E	0xBE0012  	MOV.D	[W2], W0
0x0290	0xDE0848  	LSR	W1, #8, W0
0x0292	0xEB0080  	CLR	W1
0x0294	0x781F80  	PUSH	W0
0x0296	0x0700EC  	RCALL	_spi_xchg
0x0298	0xB1002F  	SUB	#2, W15
0x029A	0x57016C  	SUB	W14, #12, W2
0x029C	0x780052  	MOV	[++W2], W0
0x029E	0xEB0080  	CLR	W1
0x02A0	0xEDA004  	DEC2	W2
0x02A2	0x781F80  	PUSH	W0
0x02A4	0x0700E5  	RCALL	_spi_xchg
0x02A6	0xB1002F  	SUB	#2, W15
0x02A8	0x97B92E  	MOV	[W14-12], W2
0x02AA	0x97B9BE  	MOV	[W14-10], W3
0x02AC	0xDE1048  	LSR	W2, #8, W0
0x02AE	0xDD18C8  	SL	W3, #8, W1
0x02B0	0x700001  	IOR	W0, W1, W0
0x02B2	0xDE18C8  	LSR	W3, #8, W1
0x02B4	0x781F80  	PUSH	W0
0x02B6	0x0700DC  	RCALL	_spi_xchg
0x02B8	0xB1002F  	SUB	#2, W15
0x02BA	0x57006C  	SUB	W14, #12, W0
0x02BC	0x781F90  	PUSH	[W0]
0x02BE	0x0700D8  	RCALL	_spi_xchg
0x02C0	0xB1002F  	SUB	#2, W15
0x02C2	0x57006E  	SUB	W14, #14, W0
0x02C4	0xFB8010  	ZE	[W0], W0
0x02C6	0x781F80  	PUSH	W0
0x02C8	0x0700D3  	RCALL	_spi_xchg
0x02CA	0xB1002F  	SUB	#2, W15
0x02CC	0xEF2000  	CLR	W0
0x02CE	0x984700  	MOV.B	W0, [W14+0]
L_sd_cmd10:
0x02D0	0x90400E  	MOV.B	[W14+0], W0
0x02D2	0xE1046A  	CP.B	W0, #10
0x02D4	0x31000D  	BRA GEU	L_sd_cmd11
L__sd_cmd93:
0x02D6	0x200FF0  	MOV	#255, W0
0x02D8	0x781F80  	PUSH	W0
0x02DA	0x0700CA  	RCALL	_spi_xchg
0x02DC	0xB1002F  	SUB	#2, W15
0x02DE	0x984710  	MOV.B	W0, [W14+1]
0x02E0	0xB3CFF1  	MOV.B	#255, W1
0x02E2	0xE10401  	CP.B	W0, W1
0x02E4	0x320001  	BRA Z	L_sd_cmd13
L__sd_cmd94:
0x02E6	0x370004  	BRA	L_sd_cmd11
L_sd_cmd13:
0x02E8	0xB3C011  	MOV.B	#1, W1
0x02EA	0x470060  	ADD	W14, #0, W0
0x02EC	0x40C810  	ADD.B	W1, [W0], [W0]
0x02EE	0x37FFF0  	BRA	L_sd_cmd10
L_sd_cmd11:
0x02F0	0x90401E  	MOV.B	[W14+1], W0
L_end_sd_cmd:
0x02F2	0xFA8000  	ULNK
0x02F4	0x060000  	RETURN
; end of _sd_cmd
_Led3PulsoRapido:
0x07B2	0xFA0002  	LNK	#2
0x07B4	0xEF2000  	CLR	W0
0x07B6	0x980700  	MOV	W0, [W14+0]
L_Led3PulsoRapido45:
0x07B8	0x90000E  	MOV	[W14+0], W0
0x07BA	0xE10063  	CP	W0, #3
0x07BC	0x310018  	BRA GEU	L_Led3PulsoRapido46
L__Led3PulsoRapido116:
0x07BE	0xA84E04  	BSET	LATA2_bit, BitPos(LATA2_bit+0)
0x07C0	0x200318  	MOV	#49, W8
0x07C2	0x2D41C7  	MOV	#54300, W7
L_Led3PulsoRapido48:
0x07C4	0xED200E  	DEC	W7
0x07C6	0x3AFFFE  	BRA NZ	L_Led3PulsoRapido48
0x07C8	0xED2010  	DEC	W8
0x07CA	0x3AFFFC  	BRA NZ	L_Led3PulsoRapido48
0x07CC	0x000000  	NOP
0x07CE	0x000000  	NOP
0x07D0	0x000000  	NOP
0x07D2	0xA94E04  	BCLR	LATA2_bit, BitPos(LATA2_bit+0)
0x07D4	0x200318  	MOV	#49, W8
0x07D6	0x2D41C7  	MOV	#54300, W7
L_Led3PulsoRapido50:
0x07D8	0xED200E  	DEC	W7
0x07DA	0x3AFFFE  	BRA NZ	L_Led3PulsoRapido50
0x07DC	0xED2010  	DEC	W8
0x07DE	0x3AFFFC  	BRA NZ	L_Led3PulsoRapido50
0x07E0	0x000000  	NOP
0x07E2	0x000000  	NOP
0x07E4	0x000000  	NOP
0x07E6	0x200011  	MOV	#1, W1
0x07E8	0x470060  	ADD	W14, #0, W0
0x07EA	0x408810  	ADD	W1, [W0], [W0]
0x07EC	0x37FFE5  	BRA	L_Led3PulsoRapido45
L_Led3PulsoRapido46:
0x07EE	0x2007B8  	MOV	#123, W8
0x07F0	0x212497  	MOV	#4681, W7
L_Led3PulsoRapido52:
0x07F2	0xED200E  	DEC	W7
0x07F4	0x3AFFFE  	BRA NZ	L_Led3PulsoRapido52
0x07F6	0xED2010  	DEC	W8
0x07F8	0x3AFFFC  	BRA NZ	L_Led3PulsoRapido52
L_end_Led3PulsoRapido:
0x07FA	0xFA8000  	ULNK
0x07FC	0x060000  	RETURN
; end of _Led3PulsoRapido
_sd_log_append:
0x0676	0xFA0008  	LNK	#8
0x0678	0x2100A0  	MOV	#lo_addr(_sd_buf), W0
0x067A	0x781F80  	PUSH	W0
0x067C	0x200010  	MOV	#1, W0
0x067E	0x200001  	MOV	#0, W1
0x0680	0xBE9F80  	PUSH.D	W0
0x0682	0x07FE91  	RCALL	_sd_read_sector
0x0684	0xB1006F  	SUB	#6, W15
0x0686	0xE24000  	CP0.B	W0
0x0688	0x3A0001  	BRA NZ	L_sd_log_append58
L__sd_log_append121:
0x068A	0x370091  	BRA	L_end_sd_log_append
L_sd_log_append58:
0x068C	0x2100A0  	MOV	#lo_addr(_sd_buf), W0
0x068E	0xFB8210  	ZE	[W0], W4
0x0690	0xEB0280  	CLR	W5
0x0692	0x2100B0  	MOV	#lo_addr(_sd_buf+1), W0
0x0694	0xFB8110  	ZE	[W0], W2
0x0696	0xEB0180  	CLR	W3
0x0698	0xDD18C8  	SL	W3, #8, W1
0x069A	0xDE1048  	LSR	W2, #8, W0
0x069C	0x700081  	IOR	W0, W1, W1
0x069E	0xDD1048  	SL	W2, #8, W0
0x06A0	0x720100  	IOR	W4, W0, W2
0x06A2	0x728181  	IOR	W5, W1, W3
0x06A4	0x2100C0  	MOV	#lo_addr(_sd_buf+2), W0
0x06A6	0xFB8010  	ZE	[W0], W0
0x06A8	0xEB0080  	CLR	W1
0x06AA	0x780080  	MOV	W0, W1
0x06AC	0xEB0000  	CLR	W0
0x06AE	0x710200  	IOR	W2, W0, W4
0x06B0	0x718281  	IOR	W3, W1, W5
0x06B2	0x2100D0  	MOV	#lo_addr(_sd_buf+3), W0
0x06B4	0xFB8010  	ZE	[W0], W0
0x06B6	0xEB0080  	CLR	W1
0x06B8	0xDD01C8  	SL	W0, #8, W3
0x06BA	0xEB0100  	CLR	W2
0x06BC	0x470060  	ADD	W14, #0, W0
0x06BE	0x721802  	IOR	W4, W2, [W0++]
0x06C0	0x729003  	IOR	W5, W3, [W0--]
0x06C2	0x570068  	SUB	W14, #8, W0
0x06C4	0x781F90  	PUSH	[W0]
0x06C6	0x07FE5B  	RCALL	_my_strlen
0x06C8	0xB1002F  	SUB	#2, W15
0x06CA	0x980720  	MOV	W0, [W14+4]
0x06CC	0x780180  	MOV	W0, W3
0x06CE	0xEB0200  	CLR	W4
0x06D0	0x470160  	ADD	W14, #0, W2
0x06D2	0x418032  	ADD	W3, [W2++], W0
0x06D4	0x4A00A2  	ADDC	W4, [W2--], W1
0x06D6	0x400162  	ADD	W0, #2, W2
0x06D8	0x4881E0  	ADDC	W1, #0, W3
0x06DA	0x201E00  	MOV	#480, W0
0x06DC	0x200001  	MOV	#0, W1
0x06DE	0xE11000  	CP	W2, W0
0x06E0	0xE19801  	CPB	W3, W1
0x06E2	0x360004  	BRA LEU	L_sd_log_append59
L__sd_log_append122:
0x06E4	0xEF2000  	CLR	W0
0x06E6	0xEF2002  	CLR	W1
0x06E8	0x980700  	MOV	W0, [W14+0]
0x06EA	0x980711  	MOV	W1, [W14+2]
L_sd_log_append59:
0x06EC	0xEF2000  	CLR	W0
0x06EE	0x980730  	MOV	W0, [W14+6]
L_sd_log_append60:
0x06F0	0x9000BE  	MOV	[W14+6], W1
0x06F2	0x470064  	ADD	W14, #4, W0
0x06F4	0xE10810  	CP	W1, [W0]
0x06F6	0x310013  	BRA GEU	L_sd_log_append61
L__sd_log_append123:
0x06F8	0x90000E  	MOV	[W14+0], W0
0x06FA	0x90009E  	MOV	[W14+2], W1
0x06FC	0x400168  	ADD	W0, #8, W2
0x06FE	0x4881E0  	ADDC	W1, #0, W3
0x0700	0x90003E  	MOV	[W14+6], W0
0x0702	0xEB0080  	CLR	W1
0x0704	0x410100  	ADD	W2, W0, W2
0x0706	0x498181  	ADDC	W3, W1, W3
0x0708	0x2100A0  	MOV	#lo_addr(_sd_buf), W0
0x070A	0x400102  	ADD	W0, W2, W2
0x070C	0x97B8CE  	MOV	[W14-8], W1
0x070E	0x470066  	ADD	W14, #6, W0
0x0710	0x408090  	ADD	W1, [W0], W1
0x0712	0x784011  	MOV.B	[W1], W0
0x0714	0x784900  	MOV.B	W0, [W2]
0x0716	0x200011  	MOV	#1, W1
0x0718	0x470066  	ADD	W14, #6, W0
0x071A	0x408810  	ADD	W1, [W0], [W0]
0x071C	0x37FFE9  	BRA	L_sd_log_append60
L_sd_log_append61:
0x071E	0x90000E  	MOV	[W14+0], W0
0x0720	0x90009E  	MOV	[W14+2], W1
0x0722	0x400168  	ADD	W0, #8, W2
0x0724	0x4881E0  	ADDC	W1, #0, W3
0x0726	0x90002E  	MOV	[W14+4], W0
0x0728	0xEB0080  	CLR	W1
0x072A	0x410100  	ADD	W2, W0, W2
0x072C	0x498181  	ADDC	W3, W1, W3
0x072E	0x2100A0  	MOV	#lo_addr(_sd_buf), W0
0x0730	0x400082  	ADD	W0, W2, W1
0x0732	0xB3C0D0  	MOV.B	#13, W0
0x0734	0x784880  	MOV.B	W0, [W1]
0x0736	0x90000E  	MOV	[W14+0], W0
0x0738	0x90009E  	MOV	[W14+2], W1
0x073A	0x400169  	ADD	W0, #9, W2
0x073C	0x4881E0  	ADDC	W1, #0, W3
0x073E	0x90002E  	MOV	[W14+4], W0
0x0740	0xEB0080  	CLR	W1
0x0742	0x410100  	ADD	W2, W0, W2
0x0744	0x498181  	ADDC	W3, W1, W3
0x0746	0x2100A0  	MOV	#lo_addr(_sd_buf), W0
0x0748	0x400082  	ADD	W0, W2, W1
0x074A	0xB3C0A0  	MOV.B	#10, W0
0x074C	0x784880  	MOV.B	W0, [W1]
0x074E	0x90002E  	MOV	[W14+4], W0
0x0750	0xECA000  	INC2	W0
0x0752	0x780080  	MOV	W0, W1
0x0754	0xEB0100  	CLR	W2
0x0756	0x470060  	ADD	W14, #0, W0
0x0758	0x408230  	ADD	W1, [W0++], W4
0x075A	0x4902A0  	ADDC	W2, [W0--], W5
0x075C	0x980704  	MOV	W4, [W14+0]
0x075E	0x980715  	MOV	W5, [W14+2]
0x0760	0xB3CFF1  	MOV.B	#255, W1
0x0762	0x2100A0  	MOV	#lo_addr(_sd_buf), W0
0x0764	0x624801  	AND.B	W4, W1, [W0]
0x0766	0x2100A1  	MOV	#lo_addr(_sd_buf), W1
0x0768	0x2100A0  	MOV	#lo_addr(_sd_buf), W0
0x076A	0x784890  	MOV.B	[W0], [W1]
0x076C	0xDE2148  	LSR	W4, #8, W2
0x076E	0xDD29C8  	SL	W5, #8, W3
0x0770	0x710103  	IOR	W2, W3, W2
0x0772	0xDE29C8  	LSR	W5, #8, W3
0x0774	0xB3CFF1  	MOV.B	#255, W1
0x0776	0x2100B0  	MOV	#lo_addr(_sd_buf+1), W0
0x0778	0x614801  	AND.B	W2, W1, [W0]
0x077A	0x2100B1  	MOV	#lo_addr(_sd_buf+1), W1
0x077C	0x2100B0  	MOV	#lo_addr(_sd_buf+1), W0
0x077E	0x784890  	MOV.B	[W0], [W1]
0x0780	0x780105  	MOV	W5, W2
0x0782	0xEB0180  	CLR	W3
0x0784	0xB3CFF1  	MOV.B	#255, W1
0x0786	0x2100C0  	MOV	#lo_addr(_sd_buf+2), W0
0x0788	0x614801  	AND.B	W2, W1, [W0]
0x078A	0x2100C1  	MOV	#lo_addr(_sd_buf+2), W1
0x078C	0x2100C0  	MOV	#lo_addr(_sd_buf+2), W0
0x078E	0x784890  	MOV.B	[W0], [W1]
0x0790	0xDE2948  	LSR	W5, #8, W2
0x0792	0xEB0180  	CLR	W3
0x0794	0xB3CFF1  	MOV.B	#255, W1
0x0796	0x2100D0  	MOV	#lo_addr(_sd_buf+3), W0
0x0798	0x614801  	AND.B	W2, W1, [W0]
0x079A	0x2100D1  	MOV	#lo_addr(_sd_buf+3), W1
0x079C	0x2100D0  	MOV	#lo_addr(_sd_buf+3), W0
0x079E	0x784890  	MOV.B	[W0], [W1]
0x07A0	0x2100A0  	MOV	#lo_addr(_sd_buf), W0
0x07A2	0x781F80  	PUSH	W0
0x07A4	0x200010  	MOV	#1, W0
0x07A6	0x200001  	MOV	#0, W1
0x07A8	0xBE9F80  	PUSH.D	W0
0x07AA	0x07FDA5  	RCALL	_sd_write_sector
0x07AC	0xB1006F  	SUB	#6, W15
L_end_sd_log_append:
0x07AE	0xFA8000  	ULNK
0x07B0	0x060000  	RETURN
; end of _sd_log_append
_sd_read_sector:
0x03A6	0xFA0004  	LNK	#4
0x03A8	0x070036  	RCALL	_spi_cs_low
0x03AA	0x200FF0  	MOV	#255, W0
0x03AC	0x781F80  	PUSH	W0
0x03AE	0x57006A  	SUB	W14, #10, W0
0x03B0	0x781FB0  	PUSH	[W0++]
0x03B2	0x781FA0  	PUSH	[W0--]
0x03B4	0x200110  	MOV	#17, W0
0x03B6	0x781F80  	PUSH	W0
0x03B8	0x07FF5B  	RCALL	_sd_cmd
0x03BA	0xB1008F  	SUB	#8, W15
0x03BC	0xE10460  	CP.B	W0, #0
0x03BE	0x320003  	BRA Z	L_sd_read_sector32
L__sd_read_sector107:
0x03C0	0x070055  	RCALL	_spi_cs_high
0x03C2	0xEF2000  	CLR	W0
0x03C4	0x370026  	BRA	L_end_sd_read_sector
L_sd_read_sector32:
L_sd_read_sector33:
0x03C6	0x200FF0  	MOV	#255, W0
0x03C8	0x781F80  	PUSH	W0
0x03CA	0x070052  	RCALL	_spi_xchg
0x03CC	0xB1002F  	SUB	#2, W15
0x03CE	0xB3CFE1  	MOV.B	#254, W1
0x03D0	0xE10401  	CP.B	W0, W1
0x03D2	0x320001  	BRA Z	L_sd_read_sector34
L__sd_read_sector108:
0x03D4	0x37FFF8  	BRA	L_sd_read_sector33
L_sd_read_sector34:
0x03D6	0xEF2000  	CLR	W0
0x03D8	0x980700  	MOV	W0, [W14+0]
L_sd_read_sector35:
0x03DA	0x90008E  	MOV	[W14+0], W1
0x03DC	0x202000  	MOV	#512, W0
0x03DE	0xE10800  	CP	W1, W0
0x03E0	0x31000E  	BRA GEU	L_sd_read_sector36
L__sd_read_sector109:
0x03E2	0x97B8AE  	MOV	[W14-12], W1
0x03E4	0x470060  	ADD	W14, #0, W0
0x03E6	0x408010  	ADD	W1, [W0], W0
0x03E8	0x980710  	MOV	W0, [W14+2]
0x03EA	0x200FF0  	MOV	#255, W0
0x03EC	0x781F80  	PUSH	W0
0x03EE	0x070040  	RCALL	_spi_xchg
0x03F0	0xB1002F  	SUB	#2, W15
0x03F2	0x90009E  	MOV	[W14+2], W1
0x03F4	0x784880  	MOV.B	W0, [W1]
0x03F6	0x200011  	MOV	#1, W1
0x03F8	0x470060  	ADD	W14, #0, W0
0x03FA	0x408810  	ADD	W1, [W0], [W0]
0x03FC	0x37FFEE  	BRA	L_sd_read_sector35
L_sd_read_sector36:
0x03FE	0x200FF0  	MOV	#255, W0
0x0400	0x781F80  	PUSH	W0
0x0402	0x070036  	RCALL	_spi_xchg
0x0404	0xB1002F  	SUB	#2, W15
0x0406	0x200FF0  	MOV	#255, W0
0x0408	0x781F80  	PUSH	W0
0x040A	0x070032  	RCALL	_spi_xchg
0x040C	0xB1002F  	SUB	#2, W15
0x040E	0x07002E  	RCALL	_spi_cs_high
0x0410	0xB3C010  	MOV.B	#1, W0
L_end_sd_read_sector:
0x0412	0xFA8000  	ULNK
0x0414	0x060000  	RETURN
; end of _sd_read_sector
_my_strlen:
0x037E	0xFA0002  	LNK	#2
0x0380	0x200000  	MOV	#0, W0
0x0382	0x980700  	MOV	W0, [W14+0]
L_my_strlen54:
0x0384	0x570068  	SUB	W14, #8, W0
0x0386	0xE00010  	CP0	[W0]
0x0388	0x32000B  	BRA Z	L_my_strlen55
L__my_strlen118:
0x038A	0x97B94E  	MOV	[W14-8], W2
0x038C	0x200011  	MOV	#1, W1
0x038E	0x570068  	SUB	W14, #8, W0
0x0390	0x408810  	ADD	W1, [W0], [W0]
0x0392	0x784012  	MOV.B	[W2], W0
0x0394	0xE24000  	CP0.B	W0
0x0396	0x320004  	BRA Z	L_my_strlen55
L__my_strlen119:
L__my_strlen79:
0x0398	0x200011  	MOV	#1, W1
0x039A	0x470060  	ADD	W14, #0, W0
0x039C	0x408810  	ADD	W1, [W0], [W0]
0x039E	0x37FFF2  	BRA	L_my_strlen54
L_my_strlen55:
0x03A0	0x90000E  	MOV	[W14+0], W0
L_end_my_strlen:
0x03A2	0xFA8000  	ULNK
0x03A4	0x060000  	RETURN
; end of _my_strlen
_sd_write_sector:
0x02F6	0xFA0002  	LNK	#2
0x02F8	0x07008E  	RCALL	_spi_cs_low
0x02FA	0x200FF0  	MOV	#255, W0
0x02FC	0x781F80  	PUSH	W0
0x02FE	0x57006A  	SUB	W14, #10, W0
0x0300	0x781FB0  	PUSH	[W0++]
0x0302	0x781FA0  	PUSH	[W0--]
0x0304	0x200180  	MOV	#24, W0
0x0306	0x781F80  	PUSH	W0
0x0308	0x07FFB3  	RCALL	_sd_cmd
0x030A	0xB1008F  	SUB	#8, W15
0x030C	0xE10460  	CP.B	W0, #0
0x030E	0x320003  	BRA Z	L_sd_write_sector38
L__sd_write_sector111:
0x0310	0x0700AD  	RCALL	_spi_cs_high
0x0312	0xEF2000  	CLR	W0
0x0314	0x370032  	BRA	L_end_sd_write_sector
L_sd_write_sector38:
0x0316	0x200FE0  	MOV	#254, W0
0x0318	0x781F80  	PUSH	W0
0x031A	0x0700AA  	RCALL	_spi_xchg
0x031C	0xB1002F  	SUB	#2, W15
0x031E	0xEF2000  	CLR	W0
0x0320	0x980700  	MOV	W0, [W14+0]
L_sd_write_sector39:
0x0322	0x90008E  	MOV	[W14+0], W1
0x0324	0x202000  	MOV	#512, W0
0x0326	0xE10800  	CP	W1, W0
0x0328	0x31000C  	BRA GEU	L_sd_write_sector40
L__sd_write_sector112:
0x032A	0x97B8AE  	MOV	[W14-12], W1
0x032C	0x470060  	ADD	W14, #0, W0
0x032E	0x408090  	ADD	W1, [W0], W1
0x0330	0x784011  	MOV.B	[W1], W0
0x0332	0xFB8000  	ZE	W0, W0
0x0334	0x781F80  	PUSH	W0
0x0336	0x07009C  	RCALL	_spi_xchg
0x0338	0xB1002F  	SUB	#2, W15
0x033A	0x200011  	MOV	#1, W1
0x033C	0x470060  	ADD	W14, #0, W0
0x033E	0x408810  	ADD	W1, [W0], [W0]
0x0340	0x37FFF0  	BRA	L_sd_write_sector39
L_sd_write_sector40:
0x0342	0x200FF0  	MOV	#255, W0
0x0344	0x781F80  	PUSH	W0
0x0346	0x070094  	RCALL	_spi_xchg
0x0348	0xB1002F  	SUB	#2, W15
0x034A	0x200FF0  	MOV	#255, W0
0x034C	0x781F80  	PUSH	W0
0x034E	0x070090  	RCALL	_spi_xchg
0x0350	0xB1002F  	SUB	#2, W15
0x0352	0x200FF0  	MOV	#255, W0
0x0354	0x781F80  	PUSH	W0
0x0356	0x07008C  	RCALL	_spi_xchg
0x0358	0xB1002F  	SUB	#2, W15
0x035A	0xFB8000  	ZE	W0, W0
0x035C	0x60007F  	AND	W0, #31, W0
0x035E	0xE10065  	CP	W0, #5
0x0360	0x320003  	BRA Z	L_sd_write_sector42
L__sd_write_sector113:
0x0362	0x070084  	RCALL	_spi_cs_high
0x0364	0xEF2000  	CLR	W0
0x0366	0x370009  	BRA	L_end_sd_write_sector
L_sd_write_sector42:
L_sd_write_sector43:
0x0368	0x200FF0  	MOV	#255, W0
0x036A	0x781F80  	PUSH	W0
0x036C	0x070081  	RCALL	_spi_xchg
0x036E	0xB1002F  	SUB	#2, W15
0x0370	0xE10460  	CP.B	W0, #0
0x0372	0x3A0001  	BRA NZ	L_sd_write_sector44
L__sd_write_sector114:
0x0374	0x37FFF9  	BRA	L_sd_write_sector43
L_sd_write_sector44:
0x0376	0x07007A  	RCALL	_spi_cs_high
0x0378	0xB3C010  	MOV.B	#1, W0
L_end_sd_write_sector:
0x037A	0xFA8000  	ULNK
0x037C	0x060000  	RETURN
; end of _sd_write_sector
_my_u32_to_str:
0x04C6	0xFA0016  	LNK	#22
0x04C8	0x200000  	MOV	#0, W0
0x04CA	0x980F00  	MOV	W0, [W14+16]
0x04CC	0x200000  	MOV	#0, W0
0x04CE	0x980F10  	MOV	W0, [W14+18]
0x04D0	0x97B83E  	MOV	[W14-10], W0
0x04D2	0x97B8CE  	MOV	[W14-8], W1
0x04D4	0xE10060  	CP	W0, #0
0x04D6	0xE18860  	CPB	W1, #0
0x04D8	0x3A0009  	BRA NZ	L_my_u32_to_str0
L__my_u32_to_str82:
0x04DA	0x97B8AE  	MOV	[W14-12], W1
0x04DC	0xB3C300  	MOV.B	#48, W0
0x04DE	0x784880  	MOV.B	W0, [W1]
0x04E0	0x97B82E  	MOV	[W14-12], W0
0x04E2	0x4000E1  	ADD	W0, #1, W1
0x04E4	0xEF2000  	CLR	W0
0x04E6	0x784880  	MOV.B	W0, [W1]
0x04E8	0x200010  	MOV	#1, W0
0x04EA	0x37003A  	BRA	L_end_my_u32_to_str
L_my_u32_to_str0:
L_my_u32_to_str1:
0x04EC	0x97B83E  	MOV	[W14-10], W0
0x04EE	0x97B8CE  	MOV	[W14-8], W1
0x04F0	0xE10060  	CP	W0, #0
0x04F2	0xE18860  	CPB	W1, #0
0x04F4	0x36001B  	BRA LEU	L_my_u32_to_str2
L__my_u32_to_str83:
0x04F6	0x4700E0  	ADD	W14, #0, W1
0x04F8	0x470070  	ADD	W14, #16, W0
0x04FA	0x408010  	ADD	W1, [W0], W0
0x04FC	0x980F20  	MOV	W0, [W14+20]
0x04FE	0x2000A2  	MOV	#10, W2
0x0500	0x200003  	MOV	#0, W3
0x0502	0x97B83E  	MOV	[W14-10], W0
0x0504	0x97B8CE  	MOV	[W14-8], W1
0x0506	0xEB0200  	CLR	W4
0x0508	0x07FE87  	RCALL	__Modulus_32x32
0x050A	0x200302  	MOV	#48, W2
0x050C	0x200003  	MOV	#0, W3
0x050E	0x410100  	ADD	W2, W0, W2
0x0510	0x90082E  	MOV	[W14+20], W0
0x0512	0x784802  	MOV.B	W2, [W0]
0x0514	0x200011  	MOV	#1, W1
0x0516	0x470070  	ADD	W14, #16, W0
0x0518	0x408810  	ADD	W1, [W0], [W0]
0x051A	0x2000A2  	MOV	#10, W2
0x051C	0x200003  	MOV	#0, W3
0x051E	0x97B83E  	MOV	[W14-10], W0
0x0520	0x97B8CE  	MOV	[W14-8], W1
0x0522	0xEB0200  	CLR	W4
0x0524	0x07FF7A  	RCALL	__Divide_32x32
0x0526	0x9FBF30  	MOV	W0, [W14-10]
0x0528	0x9FBF41  	MOV	W1, [W14-8]
0x052A	0x37FFE0  	BRA	L_my_u32_to_str1
L_my_u32_to_str2:
0x052C	0xEF2000  	CLR	W0
0x052E	0x980F10  	MOV	W0, [W14+18]
L_my_u32_to_str3:
0x0530	0x90089E  	MOV	[W14+18], W1
0x0532	0x470070  	ADD	W14, #16, W0
0x0534	0xE10810  	CP	W1, [W0]
0x0536	0x31000E  	BRA GEU	L_my_u32_to_str4
L__my_u32_to_str84:
0x0538	0x97B8AE  	MOV	[W14-12], W1
0x053A	0x470072  	ADD	W14, #18, W0
0x053C	0x408110  	ADD	W1, [W0], W2
0x053E	0x90088E  	MOV	[W14+16], W1
0x0540	0x470072  	ADD	W14, #18, W0
0x0542	0x508010  	SUB	W1, [W0], W0
0x0544	0x5000E1  	SUB	W0, #1, W1
0x0546	0x470060  	ADD	W14, #0, W0
0x0548	0x400001  	ADD	W0, W1, W0
0x054A	0x784910  	MOV.B	[W0], [W2]
0x054C	0x200011  	MOV	#1, W1
0x054E	0x470072  	ADD	W14, #18, W0
0x0550	0x408810  	ADD	W1, [W0], [W0]
0x0552	0x37FFEE  	BRA	L_my_u32_to_str3
L_my_u32_to_str4:
0x0554	0x97B8AE  	MOV	[W14-12], W1
0x0556	0x470070  	ADD	W14, #16, W0
0x0558	0x408090  	ADD	W1, [W0], W1
0x055A	0xEF2000  	CLR	W0
0x055C	0x784880  	MOV.B	W0, [W1]
0x055E	0x90080E  	MOV	[W14+16], W0
L_end_my_u32_to_str:
0x0560	0xFA8000  	ULNK
0x0562	0x060000  	RETURN
; end of _my_u32_to_str
__Modulus_32x32:
0x0218	0xFA0000  	LNK	#0
0x021A	0x070002  	RCALL	Modulus_32x32___testsus
0x021C	0x00000004026C  	GOTO	the_end_Modulus_32x32
Modulus_32x32___testsus:
0x0220	0xE20008  	CP0	W4
0x0222	0x3A0002  	BRA NZ	Modulus_32x32___modsi3
0x0224	0x070010  	RCALL	Modulus_32x32___umodsi3
0x0226	0x060000  	RETURN
Modulus_32x32___modsi3:
0x0228	0x781F81  	MOV	W1, [W15++]
0x022A	0xE20002  	CP0	W1
0x022C	0x3D0002  	BRA GE	Modulus_32x32_modtestb
0x022E	0x100060  	SUBR	W0, #0, W0
0x0230	0x1880E0  	SUBBR	W1, #0, W1
Modulus_32x32_modtestb:
0x0232	0xE20006  	CP0	W3
0x0234	0x3D0002  	BRA GE	Modulus_32x32_calcrem
0x0236	0x110160  	SUBR	W2, #0, W2
0x0238	0x1981E0  	SUBBR	W3, #0, W3
Modulus_32x32_calcrem:
0x023A	0x070005  	RCALL	Modulus_32x32___umodsi3
0x023C	0xE0004F  	CP0	[--W15]
0x023E	0x3B0002  	BRA NN	Modulus_32x32_exitr
0x0240	0x100060  	SUBR	W0, #0, W0
0x0242	0x1880E0  	SUBBR	W1, #0, W1
Modulus_32x32_exitr:
0x0244	0x060000  	RETURN
Modulus_32x32___umodsi3:
0x0246	0x070002  	RCALL	Modulus_32x32___udivsi3
0x0248	0xBE8004  	MOV.D	W4, W0
0x024A	0x060000  	RETURN
Modulus_32x32___udivsi3:
0x024C	0xB82260  	MUL.UU	W4, #0, W4
0x024E	0x200206  	MOV	#32, W6
Modulus_32x32_nextbit:
0x0250	0xD00000  	SL	W0, W0
0x0252	0xD28081  	RLC	W1, W1
0x0254	0xD28204  	RLC	W4, W4
0x0256	0xD28285  	RLC	W5, W5
0x0258	0xA80000  	BSET	W0, #0
0x025A	0x520202  	SUB	W4, W2, W4
0x025C	0x5A8283  	SUBB	W5, W3, W5
0x025E	0x3B0003  	BRA NN	Modulus_32x32_iterate
0x0260	0x420202  	ADD	W4, W2, W4
0x0262	0x4A8283  	ADDC	W5, W3, W5
0x0264	0xA10000  	BCLR	W0, #0
Modulus_32x32_iterate:
0x0266	0xE90306  	DEC	W6, W6
0x0268	0x3AFFF3  	BRA NZ	Modulus_32x32_nextbit
0x026A	0x060000  	RETURN
the_end_Modulus_32x32:
L_end__Modulus_32x32:
0x026C	0xFA8000  	ULNK
0x026E	0x060000  	RETURN
; end of __Modulus_32x32
__Divide_32x32:
0x041A	0xFA0000  	LNK	#0
0x041C	0x070002  	RCALL	Divide_32x32___testsus
0x041E	0x000000040468  	GOTO	the_end_Divide_32x32
Divide_32x32___testsus:
0x0422	0xE20008  	CP0	W4
0x0424	0x3A0002  	BRA NZ	Divide_32x32___divsi3
0x0426	0x070010  	RCALL	Divide_32x32___udivsi3
0x0428	0x060000  	RETURN
Divide_32x32___divsi3:
0x042A	0x689F83  	XOR	W1, W3, [W15++]
0x042C	0xE20002  	CP0	W1
0x042E	0x3D0002  	BRA GE	Divide_32x32_divtestb
0x0430	0x100060  	SUBR	W0, #0, W0
0x0432	0x1880E0  	SUBBR	W1, #0, W1
Divide_32x32_divtestb:
0x0434	0xE20006  	CP0	W3
0x0436	0x3D0002  	BRA GE	Divide_32x32_calcquot
0x0438	0x110160  	SUBR	W2, #0, W2
0x043A	0x1981E0  	SUBBR	W3, #0, W3
Divide_32x32_calcquot:
0x043C	0x070005  	RCALL	Divide_32x32___udivsi3
0x043E	0xE0004F  	CP0	[--W15]
0x0440	0x3B0002  	BRA NN	Divide_32x32_returnq
0x0442	0x100060  	SUBR	W0, #0, W0
0x0444	0x1880E0  	SUBBR	W1, #0, W1
Divide_32x32_returnq:
0x0446	0x060000  	RETURN
Divide_32x32___udivsi3:
0x0448	0xB82260  	MUL.UU	W4, #0, W4
0x044A	0x200206  	MOV	#32, W6
Divide_32x32_nextbit:
0x044C	0xD00000  	SL	W0, W0
0x044E	0xD28081  	RLC	W1, W1
0x0450	0xD28204  	RLC	W4, W4
0x0452	0xD28285  	RLC	W5, W5
0x0454	0xA80000  	BSET	W0, #0
0x0456	0x520202  	SUB	W4, W2, W4
0x0458	0x5A8283  	SUBB	W5, W3, W5
0x045A	0x3B0003  	BRA NN	Divide_32x32_iterate
0x045C	0x420202  	ADD	W4, W2, W4
0x045E	0x4A8283  	ADDC	W5, W3, W5
0x0460	0xA10000  	BCLR	W0, #0
Divide_32x32_iterate:
0x0462	0xE90306  	DEC	W6, W6
0x0464	0x3AFFF3  	BRA NZ	Divide_32x32_nextbit
0x0466	0x060000  	RETURN
the_end_Divide_32x32:
L_end__Divide_32x32:
0x0468	0xFA8000  	ULNK
0x046A	0x060000  	RETURN
; end of __Divide_32x32
_my_strcpy:
0x049C	0xFA0000  	LNK	#0
L_my_strcpy6:
0x049E	0x97B8BE  	MOV	[W14-10], W1
0x04A0	0x784011  	MOV.B	[W1], W0
0x04A2	0xE24000  	CP0.B	W0
0x04A4	0x32000B  	BRA Z	L_my_strcpy7
L__my_strcpy89:
0x04A6	0x97B8BE  	MOV	[W14-10], W1
0x04A8	0x784091  	MOV.B	[W1], W1
0x04AA	0x97B84E  	MOV	[W14-8], W0
0x04AC	0x784801  	MOV.B	W1, [W0]
0x04AE	0x200011  	MOV	#1, W1
0x04B0	0x570068  	SUB	W14, #8, W0
0x04B2	0x408810  	ADD	W1, [W0], [W0]
0x04B4	0x200011  	MOV	#1, W1
0x04B6	0x57006A  	SUB	W14, #10, W0
0x04B8	0x408810  	ADD	W1, [W0], [W0]
0x04BA	0x37FFF1  	BRA	L_my_strcpy6
L_my_strcpy7:
0x04BC	0x97B8CE  	MOV	[W14-8], W1
0x04BE	0xEF2000  	CLR	W0
0x04C0	0x784880  	MOV.B	W0, [W1]
L_end_my_strcpy:
0x04C2	0xFA8000  	ULNK
0x04C4	0x060000  	RETURN
; end of _my_strcpy
_my_strcat:
0x047C	0xFA0000  	LNK	#0
L_my_strcat8:
0x047E	0x97B84E  	MOV	[W14-8], W0
0x0480	0xE00410  	CP0.B	[W0]
0x0482	0x320004  	BRA Z	L_my_strcat9
L__my_strcat91:
0x0484	0x200011  	MOV	#1, W1
0x0486	0x570068  	SUB	W14, #8, W0
0x0488	0x408810  	ADD	W1, [W0], [W0]
0x048A	0x37FFF9  	BRA	L_my_strcat8
L_my_strcat9:
0x048C	0x57006A  	SUB	W14, #10, W0
0x048E	0x781F90  	PUSH	[W0]
0x0490	0x570068  	SUB	W14, #8, W0
0x0492	0x781F90  	PUSH	[W0]
0x0494	0x070003  	RCALL	_my_strcpy
0x0496	0xB1004F  	SUB	#4, W15
L_end_my_strcat:
0x0498	0xFA8000  	ULNK
0x049A	0x060000  	RETURN
; end of _my_strcat
0x09C0	0x21000A  	MOV	#4096, W10
0x09C2	0x20000B  	MOV	#0, W11
0x09C4	0x090104  	REPEAT	#260
0x09C6	0x781D0B  	MOV	W11, [W10++]
0x09C8	0x060000  	RETURN
_int_1:
0x07FE	0xF80034  	PUSH	DSWPAG
0x0800	0xF80032  	PUSH	DSRPAG
0x0802	0xF80036  	PUSH	RCOUNT
0x0804	0x781F80  	PUSH	W0
0x0806	0x200020  	MOV	#2, W0
0x0808	0x09000C  	REPEAT	#12
0x080A	0x781FB0  	PUSH	[W0++]
0x080C	0xA98802  	BCLR	INT1IF_bit, BitPos(INT1IF_bit+0)
0x080E	0xAA4E04  	BTG	LATA2_bit, BitPos(LATA2_bit+0)
0x0810	0x210001  	MOV	#lo_addr(_banPulsoSinc), W1
0x0812	0xB3C010  	MOV.B	#1, W0
0x0814	0x784880  	MOV.B	W0, [W1]
L_end_int_1:
0x0816	0x2001A0  	MOV	#26, W0
0x0818	0x09000C  	REPEAT	#12
0x081A	0x78104F  	POP	[W0--]
0x081C	0x78004F  	POP	W0
0x081E	0xF90036  	POP	RCOUNT
0x0820	0xF90032  	POP	DSRPAG
0x0822	0xF90034  	POP	DSWPAG
0x0824	0x064000  	RETFIE
; end of _int_1
;nodo1.c,0 :: ?lstr_1_nodo1 [12]
0x8000	0x4F4C ;?lstr_1_nodo1+0
0x8002	0x2047 ;?lstr_1_nodo1+2
0x8004	0x4552 ;?lstr_1_nodo1+4
0x8006	0x4441 ;?lstr_1_nodo1+6
0x8008	0x0D59 ;?lstr_1_nodo1+8
0x800A	0x000A ;?lstr_1_nodo1+10
; end of ?lstr_1_nodo1
;__Lib_FAT32_EP.c,0 :: ?lstr_6___Lib_FAT32_EP [8]
0x800C	0x2E33 ;?lstr_6___Lib_FAT32_EP+0
0x800E	0x2E32 ;?lstr_6___Lib_FAT32_EP+2
0x8010	0x2E31 ;?lstr_6___Lib_FAT32_EP+4
0x8012	0x0030 ;?lstr_6___Lib_FAT32_EP+6
; end of ?lstr_6___Lib_FAT32_EP
;,0 :: _initBlock_2 [10]
; Containing: ?lstr_2_nodo1 [7]
;             ?lstr_3_nodo1 [3]
0x8014	0x6974 ;_initBlock_2+0 : ?lstr_2_nodo1 at 0x8014
0x8016	0x6B63 ;_initBlock_2+2
0x8018	0x2320 ;_initBlock_2+4
0x801A	0x0D00 ;_initBlock_2+6 : ?lstr_3_nodo1 at 0x801B
0x801C	0x000A ;_initBlock_2+8
; end of _initBlock_2
Symbol List:
//** Routines locations **
//ADDRESS    SIZE    PROCEDURE
//----------------------------------------------
0x0200      [24]    _SPI1_Read
0x0218      [88]    __Modulus_32x32
0x0270     [134]    _sd_cmd
0x02F6     [136]    _sd_write_sector
0x037E      [40]    _my_strlen
0x03A6     [112]    _sd_read_sector
0x0416       [4]    _spi_cs_low
0x041A      [82]    __Divide_32x32
0x046C       [4]    _spi_cs_high
0x0470      [12]    _spi_xchg
0x047C      [32]    _my_strcat
0x049C      [42]    _my_strcpy
0x04C6     [158]    _my_u32_to_str
0x0564     [228]    _sd_init
0x0648      [46]    _SPI1_Init_Advanced
0x0676     [316]    _sd_log_append
0x07B2      [76]    _Led3PulsoRapido
0x07FE      [40]    _int_1
0x0826     [410]    _main
//** Variables locations ** 
//ADDRESS    SIZE    VARIABLE
//----------------------------------------------
0x0802       [0]    INT1IF_bit
0x084A       [1]    IPC5bits
0x1000       [1]    _banPulsoSinc
0x0E10       [0]    Mmc_Chip_Select_Direction
0x08C2       [2]    INTCON2
0x0822       [0]    INT1IE_bit
0x0242       [2]    SPI1CON
0x1002       [2]    _SPI_Rd_Ptr
0x1004       [2]    _SPI_Wr_Ptr
0x1006       [4]    _contPulsos
0x0240       [2]    SPI1STAT
0x0248       [2]    SPI1BUF
0x0E10       [0]    TRISB14_bit
0x0E04       [0]    LATA2_bit
0x100A     [512]    _sd_buf
0x0E14       [0]    Mmc_Chip_Select
0x0E14       [0]    LATB5_bit
0x0E10       [0]    TRISB5_bit
0x0E04       [0]    TEST1
0x0E1E       [2]    ANSELB
0x0E00       [0]    TEST1_Direction
0x0E00       [0]    TRISA2_bit
0x0744       [2]    CLKDIVbits
0x0746       [2]    PLLFBDbits
0x0E0E       [2]    ANSELA
0x0014       [2]    FARG_SPI1_Read_buffer
0x0240       [2]    SPI1STAT
0x0242       [2]    SPI1CON
0x0248       [2]    SPI1BUF
0x0014       [2]    FARG_SPI1_Init_Advanced_master_mode
0x0016       [2]    FARG_SPI1_Init_Advanced_mode16
0x0018       [2]    FARG_SPI1_Init_Advanced_sec_prescaler
0x001A       [2]    FARG_SPI1_Init_Advanced_pri_prescaler
0x08C2       [2]    INTCON2
0x0E0E       [2]    ANSELA
0x0E1E       [2]    ANSELB
//** Constants locations ** 
//ADDRESS    SIZE    CONSTANT
//----------------------------------------------
0x8000      [12]    ?lstr_1_nodo1
0x800C       [8]    ?lstr_6___Lib_FAT32_EP
0x8014       [7]    ?lstr_2_nodo1
0x801B       [3]    ?lstr_3_nodo1
